
> insurance-frontend@0.0.0 test
> ng test --watch=false --browsers=ChromeHeadless

node.exe : - Generating browser application bundles (phase: setup)...
At line:1 char:1
+ & "B:\/node.exe" "B:\/node_modules/npm/bin/npm-cli.js" test -- --watc ...
+ ~~~~~~~~~~~~~~~~~~~~~~~~~~~~~~~~~~~~~~~~~~~~~~~~~~~~~~~~~~~~~~~~~~~~~
    + CategoryInfo          : NotSpecified: (- Generating br...hase: setup)... 
   :String) [], RemoteException
    + FullyQualifiedErrorId : NativeCommandError
 
Γ£ö Browser application bundle generation complete.
[32m30 09 2025 14:40:54.082:INFO [karma-server]: [39mKarma v6.4.4 server started at http://localhost:9877/
[32m30 09 2025 14:40:54.084:INFO [launcher]: [39mLaunching browsers ChromeHeadless with concurrency unlimited
[32m30 09 2025 14:40:54.089:INFO [launcher]: [39mStarting browser ChromeHeadless
[32m30 09 2025 14:40:55.512:INFO [Chrome Headless 140.0.0.0 (Windows 10)]: [39mConnected on socket eS-wXz3SU5erme-jAAAB with id 18141790
Chrome Headless 140.0.0.0 (Windows 10): Executed 0 of 265[32m SUCCESS[39m (0 secs / 0 secs)
[1A[2KChrome Headless 140.0.0.0 (Windows 10): Executed 1 of 265[32m SUCCESS[39m (0 secs / 0.015 secs)
[1A[2KChrome Headless 140.0.0.0 (Windows 10): Executed 2 of 265[32m SUCCESS[39m (0 secs / 0.018 secs)
[1A[2KChrome Headless 140.0.0.0 (Windows 10): Executed 3 of 265[32m SUCCESS[39m (0 secs / 0.02 secs)
[1A[2KChrome Headless 140.0.0.0 (Windows 10): Executed 4 of 265[32m SUCCESS[39m (0 secs / 0.023 secs)
[1A[2KChrome Headless 140.0.0.0 (Windows 10): Executed 5 of 265[32m SUCCESS[39m (0 secs / 0.026 secs)
[1A[2KChrome Headless 140.0.0.0 (Windows 10): Executed 6 of 265[32m SUCCESS[39m (0 secs / 0.028 secs)
[1A[2KLOG: [36m'Claim status updated:', Object{claimId: 'claim1', status: 'APPROVED', notes: 'Approved', decidedAt: Tue Sep 30 2025 14:40:57 GMT+0530 (India Standard Time)}[39m
Chrome Headless 140.0.0.0 (Windows 10): Executed 6 of 265[32m SUCCESS[39m (0 secs / 0.028 secs)
LOG: 'Claim status updated:', Object{claimId: 'claim1', status: 'APPROVED', notes: 'Approved', decidedAt: Tue Sep 30 2025 14:40:57 GMT+0530 (India Standard Time)}
[1A[2KLOG: [36m'Claim status updated:', Object{claimId: 'claim2', status: 'REJECTED', notes: 'Rejected', decidedAt: Tue Sep 30 2025 14:40:57 GMT+0530 (India Standard Time)}[39m
Chrome Headless 140.0.0.0 (Windows 10): Executed 6 of 265[32m SUCCESS[39m (0 secs / 0.028 secs)
LOG: 'Claim status updated:', Object{claimId: 'claim2', status: 'REJECTED', notes: 'Rejected', decidedAt: Tue Sep 30 2025 14:40:57 GMT+0530 (India Standard Time)}
[1A[2KChrome Headless 140.0.0.0 (Windows 10): Executed 7 of 265[32m SUCCESS[39m (0 secs / 0.031 secs)
[1A[2KChrome Headless 140.0.0.0 (Windows 10): Executed 8 of 265[32m SUCCESS[39m (0 secs / 0.033 secs)
[1A[2KLOG: [36m'Claim status updated:', Object{claimId: 'claim1', status: 'APPROVED', notes: 'Approved', decidedAt: Tue Sep 30 2025 14:40:57 GMT+0530 (India Standard Time)}[39m
Chrome Headless 140.0.0.0 (Windows 10): Executed 8 of 265[32m SUCCESS[39m (0 secs / 0.033 secs)
LOG: 'Claim status updated:', Object{claimId: 'claim1', status: 'APPROVED', notes: 'Approved', decidedAt: Tue Sep 30 2025 14:40:57 GMT+0530 (India Standard Time)}
[1A[2KLOG: [36m'Claim status updated:', Object{claimId: 'claim2', status: 'REJECTED', notes: 'Rejected', decidedAt: Tue Sep 30 2025 14:40:57 GMT+0530 (India Standard Time)}[39m
Chrome Headless 140.0.0.0 (Windows 10): Executed 8 of 265[32m SUCCESS[39m (0 secs / 0.033 secs)
LOG: 'Claim status updated:', Object{claimId: 'claim2', status: 'REJECTED', notes: 'Rejected', decidedAt: Tue Sep 30 2025 14:40:57 GMT+0530 (India Standard Time)}
[1A[2KLOG: [36m'Claim status updated:', Object{claimId: 'claim3', status: 'PENDING', notes: 'Pending', decidedAt: Tue Sep 30 2025 14:40:57 GMT+0530 (India Standard Time)}[39m
Chrome Headless 140.0.0.0 (Windows 10): Executed 8 of 265[32m SUCCESS[39m (0 secs / 0.033 secs)
LOG: 'Claim status updated:', Object{claimId: 'claim3', status: 'PENDING', notes: 'Pending', decidedAt: Tue Sep 30 2025 14:40:57 GMT+0530 (India Standard Time)}
[1A[2KChrome Headless 140.0.0.0 (Windows 10): Executed 9 of 265[32m SUCCESS[39m (0 secs / 0.036 secs)
[1A[2KLOG: [36m'Claim status updated:', Object{claimId: 'claim1', status: 'PENDING', notes: 'Initial status', decidedAt: Tue Sep 30 2025 14:40:57 GMT+0530 (India Standard Time)}[39m
Chrome Headless 140.0.0.0 (Windows 10): Executed 9 of 265[32m SUCCESS[39m (0 secs / 0.036 secs)
LOG: 'Claim status updated:', Object{claimId: 'claim1', status: 'PENDING', notes: 'Initial status', decidedAt: Tue Sep 30 2025 14:40:57 GMT+0530 (India Standard Time)}
[1A[2KLOG: [36m'Claim status updated:', Object{claimId: 'claim1', status: 'APPROVED', notes: 'Approved', decidedAt: Tue Sep 30 2025 14:40:57 GMT+0530 (India Standard Time)}[39m
Chrome Headless 140.0.0.0 (Windows 10): Executed 9 of 265[32m SUCCESS[39m (0 secs / 0.036 secs)
LOG: 'Claim status updated:', Object{claimId: 'claim1', status: 'APPROVED', notes: 'Approved', decidedAt: Tue Sep 30 2025 14:40:57 GMT+0530 (India Standard Time)}
[1A[2KChrome Headless 140.0.0.0 (Windows 10): Executed 10 of 265[32m SUCCESS[39m (0 secs / 0.038 secs)
[1A[2KLOG: [36m'Claim status updated:', Object{claimId: 'claim1', status: 'APPROVED', notes: undefined, decidedAt: Tue Sep 30 2025 14:40:57 GMT+0530 (India Standard Time)}[39m
Chrome Headless 140.0.0.0 (Windows 10): Executed 10 of 265[32m SUCCESS[39m (0 secs / 0.038 secs)
LOG: 'Claim status updated:', Object{claimId: 'claim1', status: 'APPROVED', notes: undefined, decidedAt: Tue Sep 30 2025 14:40:57 GMT+0530 (India Standard Time)}
[1A[2KChrome Headless 140.0.0.0 (Windows 10): Executed 11 of 265[32m SUCCESS[39m (0 secs / 0.04 secs)
[1A[2KLOG: [36m'Claim status updated:', Object{claimId: 'claim1', status: 'APPROVED', notes: 'Approved', decidedAt: Tue Sep 30 2025 14:40:57 GMT+0530 (India Standard Time)}[39m
Chrome Headless 140.0.0.0 (Windows 10): Executed 11 of 265[32m SUCCESS[39m (0 secs / 0.04 secs)
LOG: 'Claim status updated:', Object{claimId: 'claim1', status: 'APPROVED', notes: 'Approved', decidedAt: Tue Sep 30 2025 14:40:57 GMT+0530 (India Standard Time)}
[1A[2KChrome Headless 140.0.0.0 (Windows 10): Executed 12 of 265[32m SUCCESS[39m (0 secs / 0.042 secs)
[1A[2KLOG: [36m'Claim status updated:', Object{claimId: 'claim1', status: 'APPROVED', notes: 'Approved', decidedAt: Tue Sep 30 2025 14:40:57 GMT+0530 (India Standard Time)}[39m
Chrome Headless 140.0.0.0 (Windows 10): Executed 12 of 265[32m SUCCESS[39m (0 secs / 0.042 secs)
LOG: 'Claim status updated:', Object{claimId: 'claim1', status: 'APPROVED', notes: 'Approved', decidedAt: Tue Sep 30 2025 14:40:57 GMT+0530 (India Standard Time)}
[1A[2KLOG: [36m'Claim status updated:', Object{claimId: 'claim2', status: 'REJECTED', notes: 'Rejected', decidedAt: Tue Sep 30 2025 14:40:57 GMT+0530 (India Standard Time)}[39m
Chrome Headless 140.0.0.0 (Windows 10): Executed 12 of 265[32m SUCCESS[39m (0 secs / 0.042 secs)
LOG: 'Claim status updated:', Object{claimId: 'claim2', status: 'REJECTED', notes: 'Rejected', decidedAt: Tue Sep 30 2025 14:40:57 GMT+0530 (India Standard Time)}
[1A[2KChrome Headless 140.0.0.0 (Windows 10): Executed 13 of 265[32m SUCCESS[39m (0 secs / 0.044 secs)
[1A[2KLOG: [36m'Claim status updated:', Object{claimId: 'claim1', status: 'APPROVED', notes: 'Approved', decidedAt: Tue Sep 30 2025 14:40:57 GMT+0530 (India Standard Time)}[39m
Chrome Headless 140.0.0.0 (Windows 10): Executed 13 of 265[32m SUCCESS[39m (0 secs / 0.044 secs)
LOG: 'Claim status updated:', Object{claimId: 'claim1', status: 'APPROVED', notes: 'Approved', decidedAt: Tue Sep 30 2025 14:40:57 GMT+0530 (India Standard Time)}
[1A[2KChrome Headless 140.0.0.0 (Windows 10): Executed 14 of 265[32m SUCCESS[39m (0 secs / 0.046 secs)
[1A[2KLOG: [36m'Claim status updated:', Object{claimId: 'claim1', status: 'APPROVED', notes: '', decidedAt: Tue Sep 30 2025 14:40:57 GMT+0530 (India Standard Time)}[39m
Chrome Headless 140.0.0.0 (Windows 10): Executed 14 of 265[32m SUCCESS[39m (0 secs / 0.046 secs)
LOG: 'Claim status updated:', Object{claimId: 'claim1', status: 'APPROVED', notes: '', decidedAt: Tue Sep 30 2025 14:40:57 GMT+0530 (India Standard Time)}
[1A[2KChrome Headless 140.0.0.0 (Windows 10): Executed 15 of 265[32m SUCCESS[39m (0 secs / 0.048 secs)
[1A[2KLOG: [36m'Claim status updated:', Object{claimId: 'claim1', status: 'PENDING', notes: 'First', decidedAt: Tue Sep 30 2025 14:40:57 GMT+0530 (India Standard Time)}[39m
Chrome Headless 140.0.0.0 (Windows 10): Executed 15 of 265[32m SUCCESS[39m (0 secs / 0.048 secs)
LOG: 'Claim status updated:', Object{claimId: 'claim1', status: 'PENDING', notes: 'First', decidedAt: Tue Sep 30 2025 14:40:57 GMT+0530 (India Standard Time)}
[1A[2KLOG: [36m'Claim status updated:', Object{claimId: 'claim2', status: 'APPROVED', notes: 'Second', decidedAt: Tue Sep 30 2025 14:40:57 GMT+0530 (India Standard Time)}[39m
Chrome Headless 140.0.0.0 (Windows 10): Executed 15 of 265[32m SUCCESS[39m (0 secs / 0.048 secs)
LOG: 'Claim status updated:', Object{claimId: 'claim2', status: 'APPROVED', notes: 'Second', decidedAt: Tue Sep 30 2025 14:40:57 GMT+0530 (India Standard Time)}
[1A[2KLOG: [36m'Claim status updated:', Object{claimId: 'claim3', status: 'REJECTED', notes: 'Third', decidedAt: Tue Sep 30 2025 14:40:57 GMT+0530 (India Standard Time)}[39m
Chrome Headless 140.0.0.0 (Windows 10): Executed 15 of 265[32m SUCCESS[39m (0 secs / 0.048 secs)
LOG: 'Claim status updated:', Object{claimId: 'claim3', status: 'REJECTED', notes: 'Third', decidedAt: Tue Sep 30 2025 14:40:57 GMT+0530 (India Standard Time)}
[1A[2KChrome Headless 140.0.0.0 (Windows 10): Executed 16 of 265[32m SUCCESS[39m (0 secs / 0.061 secs)
[1A[2KLOG: [36m'Claim status updated:', Object{claimId: 'claim1', status: 'APPROVED', notes: null, decidedAt: Tue Sep 30 2025 14:40:57 GMT+0530 (India Standard Time)}[39m
Chrome Headless 140.0.0.0 (Windows 10): Executed 16 of 265[32m SUCCESS[39m (0 secs / 0.061 secs)
LOG: 'Claim status updated:', Object{claimId: 'claim1', status: 'APPROVED', notes: null, decidedAt: Tue Sep 30 2025 14:40:57 GMT+0530 (India Standard Time)}
[1A[2KChrome Headless 140.0.0.0 (Windows 10): Executed 17 of 265[32m SUCCESS[39m (0 secs / 0.063 secs)
[1A[2KLOG: [36m'Claim status updated:', Object{claimId: 'claim1', status: 'APPROVED', notes: 'Approved by agent', decidedAt: Tue Sep 30 2025 14:40:57 GMT+0530 (India Standard Time)}[39m
Chrome Headless 140.0.0.0 (Windows 10): Executed 17 of 265[32m SUCCESS[39m (0 secs / 0.063 secs)
LOG: 'Claim status updated:', Object{claimId: 'claim1', status: 'APPROVED', notes: 'Approved by agent', decidedAt: Tue Sep 30 2025 14:40:57 GMT+0530 (India Standard Time)}
[1A[2KChrome Headless 140.0.0.0 (Windows 10): Executed 18 of 265[32m SUCCESS[39m (0 secs / 0.066 secs)
[1A[2KChrome Headless 140.0.0.0 (Windows 10): Executed 19 of 265[32m SUCCESS[39m (0 secs / 0.067 secs)
[1A[2KChrome Headless 140.0.0.0 (Windows 10): Executed 20 of 265[32m SUCCESS[39m (0 secs / 0.15 secs)
[1A[2KChrome Headless 140.0.0.0 (Windows 10): Executed 21 of 265[32m SUCCESS[39m (0 secs / 0.155 secs)
[1A[2KChrome Headless 140.0.0.0 (Windows 10): Executed 22 of 265[32m SUCCESS[39m (0 secs / 0.161 secs)
[1A[2KChrome Headless 140.0.0.0 (Windows 10): Executed 23 of 265[32m SUCCESS[39m (0 secs / 0.166 secs)
[1A[2KERROR: [36m'Error loading audit logs:', Object{error: Object{message: 'Failed to load audit logs'}}[39m
Chrome Headless 140.0.0.0 (Windows 10): Executed 23 of 265[32m SUCCESS[39m (0 secs / 0.166 secs)
ERROR: 'Error loading audit logs:', Object{error: Object{message: 'Failed to load audit logs'}}
[1A[2KChrome Headless 140.0.0.0 (Windows 10): Executed 24 of 265[32m SUCCESS[39m (0 secs / 0.171 secs)
[1A[2KLOG: [36m'Audit logs loaded:', Object{success: true, data: []}[39m
Chrome Headless 140.0.0.0 (Windows 10): Executed 24 of 265[32m SUCCESS[39m (0 secs / 0.171 secs)
LOG: 'Audit logs loaded:', Object{success: true, data: []}
[1A[2KChrome Headless 140.0.0.0 (Windows 10): Executed 25 of 265[32m SUCCESS[39m (0 secs / 0.177 secs)
[1A[2KLOG: [36m'Audit logs loaded:', Object{success: true, data: [Object{_id: ..., actorId: ..., action: ..., details: ..., ip: ..., timestamp: ...}, Object{_id: ..., actorId: ..., action: ..., details: ..., ip: ..., timestamp: ...}], pagination: Object{page: 1, pages: 5, total: 100}}[39m
Chrome Headless 140.0.0.0 (Windows 10): Executed 25 of 265[32m SUCCESS[39m (0 secs / 0.177 secs)
LOG: 'Audit logs loaded:', Object{success: true, data: [Object{_id: ..., actorId: ..., action: ..., details: ..., ip: ..., timestamp: ...}, Object{_id: ..., actorId: ..., action: ..., details: ..., ip: ..., timestamp: ...}], pagination: Object{page: 1, pages: 5, total: 100}}
[1A[2KChrome Headless 140.0.0.0 (Windows 10): Executed 26 of 265[32m SUCCESS[39m (0 secs / 0.183 secs)
[1A[2KLOG: [36m'Audit logs loaded:', Object{success: true, data: [Object{_id: ..., actorId: ..., action: ..., details: ..., ip: ..., timestamp: ...}, Object{_id: ..., actorId: ..., action: ..., details: ..., ip: ..., timestamp: ...}], pagination: Object{page: 1, pages: 5, total: 100}}[39m
Chrome Headless 140.0.0.0 (Windows 10): Executed 26 of 265[32m SUCCESS[39m (0 secs / 0.183 secs)
LOG: 'Audit logs loaded:', Object{success: true, data: [Object{_id: ..., actorId: ..., action: ..., details: ..., ip: ..., timestamp: ...}, Object{_id: ..., actorId: ..., action: ..., details: ..., ip: ..., timestamp: ...}], pagination: Object{page: 1, pages: 5, total: 100}}
[1A[2KChrome Headless 140.0.0.0 (Windows 10): Executed 27 of 265[32m SUCCESS[39m (0 secs / 0.189 secs)
[1A[2KChrome Headless 140.0.0.0 (Windows 10): Executed 28 of 265[32m SUCCESS[39m (0 secs / 0.196 secs)
[1A[2KChrome Headless 140.0.0.0 (Windows 10): Executed 29 of 265[32m SUCCESS[39m (0 secs / 0.218 secs)
[1A[2KLOG: [36m'Audit logs loaded:', Object{success: true, data: [Object{_id: ..., actorId: ..., action: ..., details: ..., ip: ..., timestamp: ...}, Object{_id: ..., actorId: ..., action: ..., details: ..., ip: ..., timestamp: ...}], pagination: Object{page: 1, pages: 5, total: 100}}[39m
Chrome Headless 140.0.0.0 (Windows 10): Executed 29 of 265[32m SUCCESS[39m (0 secs / 0.218 secs)
LOG: 'Audit logs loaded:', Object{success: true, data: [Object{_id: ..., actorId: ..., action: ..., details: ..., ip: ..., timestamp: ...}, Object{_id: ..., actorId: ..., action: ..., details: ..., ip: ..., timestamp: ...}], pagination: Object{page: 1, pages: 5, total: 100}}
[1A[2KChrome Headless 140.0.0.0 (Windows 10): Executed 30 of 265[32m SUCCESS[39m (0 secs / 0.224 secs)
[1A[2KChrome Headless 140.0.0.0 (Windows 10): Executed 31 of 265[32m SUCCESS[39m (0 secs / 0.229 secs)
[1A[2KLOG: [36m'Audit logs loaded:', Object{success: true, data: [Object{_id: ..., actorId: ..., action: ..., details: ..., ip: ..., timestamp: ...}, Object{_id: ..., actorId: ..., action: ..., details: ..., ip: ..., timestamp: ...}], pagination: Object{page: 1, pages: 5, total: 100}}[39m
Chrome Headless 140.0.0.0 (Windows 10): Executed 31 of 265[32m SUCCESS[39m (0 secs / 0.229 secs)
LOG: 'Audit logs loaded:', Object{success: true, data: [Object{_id: ..., actorId: ..., action: ..., details: ..., ip: ..., timestamp: ...}, Object{_id: ..., actorId: ..., action: ..., details: ..., ip: ..., timestamp: ...}], pagination: Object{page: 1, pages: 5, total: 100}}
[1A[2KChrome Headless 140.0.0.0 (Windows 10): Executed 32 of 265[32m SUCCESS[39m (0 secs / 0.234 secs)
[1A[2KChrome Headless 140.0.0.0 (Windows 10): Executed 33 of 265[32m SUCCESS[39m (0 secs / 0.29 secs)
[1A[2K[31mChrome Headless 140.0.0.0 (Windows 10) CreatePolicyComponent should handle form submission, validation, and error handling FAILED[39m
	Expected spy ApiService.createPolicy not to have been called.
	    at <Jasmine>
	    at UserContext.apply (src/app/pages/admin/create-policy/create-policy.component.spec.ts:136:41)
	    at _ZoneDelegate.invoke (node_modules/zone.js/fesm2015/zone.js:398:28)
	    at ProxyZoneSpec.onInvoke (node_modules/zone.js/fesm2015/zone-testing.js:2132:39)
	    at _ZoneDelegate.invoke (node_modules/zone.js/fesm2015/zone.js:397:34)
	TypeError: formData.features.split is not a function
	    at CreatePolicyComponent.onSubmit (src/app/pages/admin/create-policy/create-policy.component.ts:45:65)
	    at UserContext.apply (src/app/pages/admin/create-policy/create-policy.component.spec.ts:162:15)
	    at _ZoneDelegate.invoke (node_modules/zone.js/fesm2015/zone.js:398:28)
	    at ProxyZoneSpec.onInvoke (node_modules/zone.js/fesm2015/zone-testing.js:2132:39)
	    at _ZoneDelegate.invoke (node_modules/zone.js/fesm2015/zone.js:397:34)
	    at ZoneImpl.run (node_modules/zone.js/fesm2015/zone.js:113:43)
	    at runInTestZone (node_modules/zone.js/fesm2015/zone-testing.js:216:38)
	    at UserContext.<anonymous> (node_modules/zone.js/fesm2015/zone-testing.js:234:32)
	    at <Jasmine>
Chrome Headless 140.0.0.0 (Windows 10): Executed 34 of 265[31m (1 FAILED)[39m (0 secs / 0.301 secs)
[1A[2KChrome Headless 140.0.0.0 (Windows 10): Executed 35 of 265[31m (1 FAILED)[39m (0 secs / 0.301 secs)
[1A[2KChrome Headless 140.0.0.0 (Windows 10): Executed 36 of 265[31m (1 FAILED)[39m (0 secs / 0.302 secs)
[1A[2KChrome Headless 140.0.0.0 (Windows 10): Executed 37 of 265[31m (1 FAILED)[39m (0 secs / 0.302 secs)
[1A[2KChrome Headless 140.0.0.0 (Windows 10): Executed 38 of 265[31m (1 FAILED)[39m (0 secs / 0.302 secs)
[1A[2KChrome Headless 140.0.0.0 (Windows 10): Executed 39 of 265[31m (1 FAILED)[39m (0 secs / 0.302 secs)
[1A[2KChrome Headless 140.0.0.0 (Windows 10): Executed 40 of 265[31m (1 FAILED)[39m (0 secs / 0.302 secs)
[1A[2KChrome Headless 140.0.0.0 (Windows 10): Executed 41 of 265[31m (1 FAILED)[39m (0 secs / 0.303 secs)
[1A[2KChrome Headless 140.0.0.0 (Windows 10): Executed 42 of 265[31m (1 FAILED)[39m (0 secs / 0.303 secs)
[1A[2KChrome Headless 140.0.0.0 (Windows 10): Executed 43 of 265[31m (1 FAILED)[39m (0 secs / 0.304 secs)
[1A[2KChrome Headless 140.0.0.0 (Windows 10): Executed 44 of 265[31m (1 FAILED)[39m (0 secs / 0.304 secs)
[1A[2KChrome Headless 140.0.0.0 (Windows 10): Executed 45 of 265[31m (1 FAILED)[39m (0 secs / 0.305 secs)
[1A[2KChrome Headless 140.0.0.0 (Windows 10): Executed 46 of 265[31m (1 FAILED)[39m (0 secs / 0.305 secs)
[1A[2KChrome Headless 140.0.0.0 (Windows 10): Executed 47 of 265[31m (1 FAILED)[39m (0 secs / 0.305 secs)
[1A[2KChrome Headless 140.0.0.0 (Windows 10): Executed 48 of 265[31m (1 FAILED)[39m (0 secs / 0.305 secs)
[1A[2KChrome Headless 140.0.0.0 (Windows 10): Executed 49 of 265[31m (1 FAILED)[39m (0 secs / 0.305 secs)
[1A[2KChrome Headless 140.0.0.0 (Windows 10): Executed 50 of 265[31m (1 FAILED)[39m (0 secs / 0.306 secs)
[1A[2KChrome Headless 140.0.0.0 (Windows 10): Executed 51 of 265[31m (1 FAILED)[39m (0 secs / 0.306 secs)
[1A[2KChrome Headless 140.0.0.0 (Windows 10): Executed 52 of 265[31m (1 FAILED)[39m (0 secs / 0.306 secs)
[1A[2KChrome Headless 140.0.0.0 (Windows 10): Executed 53 of 265[31m (1 FAILED)[39m (0 secs / 0.306 secs)
[1A[2KChrome Headless 140.0.0.0 (Windows 10): Executed 54 of 265[31m (1 FAILED)[39m (0 secs / 0.306 secs)
[1A[2KChrome Headless 140.0.0.0 (Windows 10): Executed 55 of 265[31m (1 FAILED)[39m (0 secs / 0.306 secs)
[1A[2KChrome Headless 140.0.0.0 (Windows 10): Executed 56 of 265[31m (1 FAILED)[39m (0 secs / 0.306 secs)
[1A[2KChrome Headless 140.0.0.0 (Windows 10): Executed 57 of 265[31m (1 FAILED)[39m (0 secs / 0.307 secs)
[1A[2KChrome Headless 140.0.0.0 (Windows 10): Executed 58 of 265[31m (1 FAILED)[39m (0 secs / 0.307 secs)
[1A[2KChrome Headless 140.0.0.0 (Windows 10): Executed 59 of 265[31m (1 FAILED)[39m (0 secs / 0.307 secs)
[1A[2KChrome Headless 140.0.0.0 (Windows 10): Executed 60 of 265[31m (1 FAILED)[39m (0 secs / 0.307 secs)
[1A[2KChrome Headless 140.0.0.0 (Windows 10): Executed 61 of 265[31m (1 FAILED)[39m (0 secs / 0.308 secs)
[1A[2KChrome Headless 140.0.0.0 (Windows 10): Executed 62 of 265[31m (1 FAILED)[39m (0 secs / 0.326 secs)
[1A[2KChrome Headless 140.0.0.0 (Windows 10): Executed 63 of 265[31m (1 FAILED)[39m (0 secs / 0.331 secs)
[1A[2KERROR: [36m'Error updating profile:', Error: Update failed
Error: Update failed
    at errorFactory (http://localhost:9877/_karma_webpack_/webpack:/src/app/pages/profile/profile.component.spec.ts:97:64)
    at Observable._subscribe (http://localhost:9877/_karma_webpack_/webpack:/node_modules/rxjs/dist/esm/internal/observable/throwError.js:5:51)
    at Observable._trySubscribe (http://localhost:9877/_karma_webpack_/webpack:/node_modules/rxjs/dist/esm/internal/Observable.js:37:25)
    at cb (http://localhost:9877/_karma_webpack_/webpack:/node_modules/rxjs/dist/esm/internal/Observable.js:31:30)
    at errorContext (http://localhost:9877/_karma_webpack_/webpack:/node_modules/rxjs/dist/esm/internal/util/errorContext.js:19:9)
    at Observable.subscribe (http://localhost:9877/_karma_webpack_/webpack:/node_modules/rxjs/dist/esm/internal/Observable.js:22:21)
    at ProfileComponent.onSave (http://localhost:9877/_karma_webpack_/webpack:/src/app/pages/profile/profile.component.ts:76:62)
    at UserContext.apply (http://localhost:9877/_karma_webpack_/webpack:/src/app/pages/profile/profile.component.spec.ts:98:15)
    at _ZoneDelegate.invoke (http://localhost:9877/_karma_webpack_/webpack:/node_modules/zone.js/fesm2015/zone.js:398:28)
    at ProxyZoneSpec.onInvoke (http://localhost:9877/_karma_webpack_/webpack:/node_modules/zone.js/fesm2015/zone-testing.js:2132:39)[39m
Chrome Headless 140.0.0.0 (Windows 10): Executed 63 of 265[31m (1 FAILED)[39m (0 secs / 0.331 secs)
ERROR: 'Error updating profile:', Error: Update failed
Error: Update failed
    at errorFactory (http://localhost:9877/_karma_webpack_/webpack:/src/app/pages/profile/profile.component.spec.ts:97:64)
    at Observable._subscribe (http://localhost:9877/_karma_webpack_/webpack:/node_modules/rxjs/dist/esm/internal/observable/throwError.js:5:51)
    at Observable._trySubscribe (http://localhost:9877/_karma_webpack_/webpack:/node_modules/rxjs/dist/esm/internal/Observable.js:37:25)
    at cb (http://localhost:9877/_karma_webpack_/webpack:/node_modules/rxjs/dist/esm/internal/Observable.js:31:30)
    at errorContext (http://localhost:9877/_karma_webpack_/webpack:/node_modules/rxjs/dist/esm/internal/util/errorContext.js:19:9)
    at Observable.subscribe (http://localhost:9877/_karma_webpack_/webpack:/node_modules/rxjs/dist/esm/internal/Observable.js:22:21)
    at ProfileComponent.onSave (http://localhost:9877/_karma_webpack_/webpack:/src/app/pages/profile/profile.component.ts:76:62)
    at UserContext.apply (http://localhost:9877/_karma_webpack_/webpack:/src/app/pages/profile/profile.component.spec.ts:98:15)
    at _ZoneDelegate.invoke (http://localhost:9877/_karma_webpack_/webpack:/node_modules/zone.js/fesm2015/zone.js:398:28)
    at ProxyZoneSpec.onInvoke (http://localhost:9877/_karma_webpack_/webpack:/node_modules/zone.js/fesm2015/zone-testing.js:2132:39)
[1A[2KChrome Headless 140.0.0.0 (Windows 10): Executed 64 of 265[31m (1 FAILED)[39m (0 secs / 0.339 secs)
[1A[2KLOG: [36m'AuthService - Checking auth status, token exists:', false[39m
Chrome Headless 140.0.0.0 (Windows 10): Executed 64 of 265[31m (1 FAILED)[39m (0 secs / 0.339 secs)
LOG: 'AuthService - Checking auth status, token exists:', false
[1A[2KLOG: [36m'AuthService - No token found, setting user to null'[39m
Chrome Headless 140.0.0.0 (Windows 10): Executed 64 of 265[31m (1 FAILED)[39m (0 secs / 0.339 secs)
LOG: 'AuthService - No token found, setting user to null'
[1A[2KLOG: [36m'AuthService logout called'[39m
Chrome Headless 140.0.0.0 (Windows 10): Executed 64 of 265[31m (1 FAILED)[39m (0 secs / 0.339 secs)
LOG: 'AuthService logout called'
[1A[2KLOG: [36m'User logged out successfully'[39m
Chrome Headless 140.0.0.0 (Windows 10): Executed 64 of 265[31m (1 FAILED)[39m (0 secs / 0.339 secs)
LOG: 'User logged out successfully'
[1A[2KChrome Headless 140.0.0.0 (Windows 10): Executed 65 of 265[31m (1 FAILED)[39m (0 secs / 0.342 secs)
[1A[2KLOG: [36m'AuthService - Checking auth status, token exists:', false[39m
Chrome Headless 140.0.0.0 (Windows 10): Executed 65 of 265[31m (1 FAILED)[39m (0 secs / 0.342 secs)
LOG: 'AuthService - Checking auth status, token exists:', false
[1A[2KLOG: [36m'AuthService - No token found, setting user to null'[39m
Chrome Headless 140.0.0.0 (Windows 10): Executed 65 of 265[31m (1 FAILED)[39m (0 secs / 0.342 secs)
LOG: 'AuthService - No token found, setting user to null'
[1A[2KChrome Headless 140.0.0.0 (Windows 10): Executed 66 of 265[31m (1 FAILED)[39m (0 secs / 0.345 secs)
[1A[2KLOG: [36m'AuthService - Checking auth status, token exists:', false[39m
Chrome Headless 140.0.0.0 (Windows 10): Executed 66 of 265[31m (1 FAILED)[39m (0 secs / 0.345 secs)
LOG: 'AuthService - Checking auth status, token exists:', false
[1A[2KLOG: [36m'AuthService - No token found, setting user to null'[39m
Chrome Headless 140.0.0.0 (Windows 10): Executed 66 of 265[31m (1 FAILED)[39m (0 secs / 0.345 secs)
LOG: 'AuthService - No token found, setting user to null'
[1A[2KLOG: [36m'API Service - Login request to:', 'http://localhost:5000/api/v1/auth/login'[39m
Chrome Headless 140.0.0.0 (Windows 10): Executed 66 of 265[31m (1 FAILED)[39m (0 secs / 0.345 secs)
LOG: 'API Service - Login request to:', 'http://localhost:5000/api/v1/auth/login'
[1A[2KLOG: [36m'API Service - Credentials:', Object{email: 'test@example.com', password: 'password123'}[39m
Chrome Headless 140.0.0.0 (Windows 10): Executed 66 of 265[31m (1 FAILED)[39m (0 secs / 0.345 secs)
LOG: 'API Service - Credentials:', Object{email: 'test@example.com', password: 'password123'}
[1A[2KLOG: [36m'API Service - Login response:', Object{success: true, token: 'mock-jwt-token', user: Object{_id: '1', name: 'Test User', email: 'test@example.com', role: 'customer', createdAt: Tue Sep 30 2025 14:40:57 GMT+0530 (India Standard Time), updatedAt: Tue Sep 30 2025 14:40:57 GMT+0530 (India Standard Time)}}[39m
Chrome Headless 140.0.0.0 (Windows 10): Executed 66 of 265[31m (1 FAILED)[39m (0 secs / 0.345 secs)
LOG: 'API Service - Login response:', Object{success: true, token: 'mock-jwt-token', user: Object{_id: '1', name: 'Test User', email: 'test@example.com', role: 'customer', createdAt: Tue Sep 30 2025 14:40:57 GMT+0530 (India Standard Time), updatedAt: Tue Sep 30 2025 14:40:57 GMT+0530 (India Standard Time)}}
[1A[2KLOG: [36m'API Service - Storing token:', 'mock-jwt-token'[39m
Chrome Headless 140.0.0.0 (Windows 10): Executed 66 of 265[31m (1 FAILED)[39m (0 secs / 0.345 secs)
LOG: 'API Service - Storing token:', 'mock-jwt-token'
[1A[2KLOG: [36m'API Service - Setting token in localStorage'[39m
Chrome Headless 140.0.0.0 (Windows 10): Executed 66 of 265[31m (1 FAILED)[39m (0 secs / 0.345 secs)
LOG: 'API Service - Setting token in localStorage'
[1A[2KLOG: [36m'API Service - Token set successfully, current token:', 'mock-jwt-token'[39m
Chrome Headless 140.0.0.0 (Windows 10): Executed 66 of 265[31m (1 FAILED)[39m (0 secs / 0.345 secs)
LOG: 'API Service - Token set successfully, current token:', 'mock-jwt-token'
[1A[2KLOG: [36m'AuthService - Login successful, full response:', Object{success: true, token: 'mock-jwt-token', user: Object{_id: '1', name: 'Test User', email: 'test@example.com', role: 'customer', createdAt: Tue Sep 30 2025 14:40:57 GMT+0530 (India Standard Time), updatedAt: Tue Sep 30 2025 14:40:57 GMT+0530 (India Standard Time)}}[39m
Chrome Headless 140.0.0.0 (Windows 10): Executed 66 of 265[31m (1 FAILED)[39m (0 secs / 0.345 secs)
LOG: 'AuthService - Login successful, full response:', Object{success: true, token: 'mock-jwt-token', user: Object{_id: '1', name: 'Test User', email: 'test@example.com', role: 'customer', createdAt: Tue Sep 30 2025 14:40:57 GMT+0530 (India Standard Time), updatedAt: Tue Sep 30 2025 14:40:57 GMT+0530 (India Standard Time)}}
[1A[2KLOG: [36m'AuthService - Setting user:', Object{_id: '1', name: 'Test User', email: 'test@example.com', role: 'customer', createdAt: Tue Sep 30 2025 14:40:57 GMT+0530 (India Standard Time), updatedAt: Tue Sep 30 2025 14:40:57 GMT+0530 (India Standard Time)}[39m
Chrome Headless 140.0.0.0 (Windows 10): Executed 66 of 265[31m (1 FAILED)[39m (0 secs / 0.345 secs)
LOG: 'AuthService - Setting user:', Object{_id: '1', name: 'Test User', email: 'test@example.com', role: 'customer', createdAt: Tue Sep 30 2025 14:40:57 GMT+0530 (India Standard Time), updatedAt: Tue Sep 30 2025 14:40:57 GMT+0530 (India Standard Time)}
[1A[2KLOG: [36m'AuthService - Setting token:', 'mock-jwt-token'[39m
Chrome Headless 140.0.0.0 (Windows 10): Executed 66 of 265[31m (1 FAILED)[39m (0 secs / 0.345 secs)
LOG: 'AuthService - Setting token:', 'mock-jwt-token'
[1A[2KChrome Headless 140.0.0.0 (Windows 10): Executed 67 of 265[31m (1 FAILED)[39m (0 secs / 0.35 secs)
[1A[2KLOG: [36m'AuthService - Checking auth status, token exists:', false[39m
Chrome Headless 140.0.0.0 (Windows 10): Executed 67 of 265[31m (1 FAILED)[39m (0 secs / 0.35 secs)
LOG: 'AuthService - Checking auth status, token exists:', false
[1A[2KLOG: [36m'AuthService - No token found, setting user to null'[39m
Chrome Headless 140.0.0.0 (Windows 10): Executed 67 of 265[31m (1 FAILED)[39m (0 secs / 0.35 secs)
LOG: 'AuthService - No token found, setting user to null'
[1A[2KLOG: [36m'API Service - Login request to:', 'http://localhost:5000/api/v1/auth/login'[39m
Chrome Headless 140.0.0.0 (Windows 10): Executed 67 of 265[31m (1 FAILED)[39m (0 secs / 0.35 secs)
LOG: 'API Service - Login request to:', 'http://localhost:5000/api/v1/auth/login'
[1A[2KLOG: [36m'API Service - Credentials:', Object{email: 'test@example.com', password: 'wrongpassword'}[39m
Chrome Headless 140.0.0.0 (Windows 10): Executed 67 of 265[31m (1 FAILED)[39m (0 secs / 0.35 secs)
LOG: 'API Service - Credentials:', Object{email: 'test@example.com', password: 'wrongpassword'}
[1A[2KERROR: [36m'Login error:', HttpErrorResponse{headers: HttpHeaders{headers: Map{}, normalizedNames: Map{}, lazyInit: undefined, lazyUpdate: null}, status: 400, statusText: 'Bad Request', url: 'http://localhost:5000/api/v1/auth/login', ok: false, type: undefined, name: 'HttpErrorResponse', message: 'Http failure response for http://localhost:5000/api/v1/auth/login: 400 Bad Request', error: Object{message: 'Invalid credentials'}}[39m
Chrome Headless 140.0.0.0 (Windows 10): Executed 67 of 265[31m (1 FAILED)[39m (0 secs / 0.35 secs)
ERROR: 'Login error:', HttpErrorResponse{headers: HttpHeaders{headers: Map{}, normalizedNames: Map{}, lazyInit: undefined, lazyUpdate: null}, status: 400, statusText: 'Bad Request', url: 'http://localhost:5000/api/v1/auth/login', ok: false, type: undefined, name: 'HttpErrorResponse', message: 'Http failure response for http://localhost:5000/api/v1/auth/login: 400 Bad Request', error: Object{message: 'Invalid credentials'}}
[1A[2KChrome Headless 140.0.0.0 (Windows 10): Executed 68 of 265[31m (1 FAILED)[39m (0 secs / 0.355 secs)
[1A[2KLOG: [36m'AuthService - Checking auth status, token exists:', false[39m
Chrome Headless 140.0.0.0 (Windows 10): Executed 68 of 265[31m (1 FAILED)[39m (0 secs / 0.355 secs)
LOG: 'AuthService - Checking auth status, token exists:', false
[1A[2KLOG: [36m'AuthService - No token found, setting user to null'[39m
Chrome Headless 140.0.0.0 (Windows 10): Executed 68 of 265[31m (1 FAILED)[39m (0 secs / 0.355 secs)
LOG: 'AuthService - No token found, setting user to null'
[1A[2KChrome Headless 140.0.0.0 (Windows 10): Executed 69 of 265[31m (1 FAILED)[39m (0 secs / 0.357 secs)
[1A[2KLOG: [36m'AuthService - Checking auth status, token exists:', false[39m
Chrome Headless 140.0.0.0 (Windows 10): Executed 69 of 265[31m (1 FAILED)[39m (0 secs / 0.357 secs)
LOG: 'AuthService - Checking auth status, token exists:', false
[1A[2KLOG: [36m'AuthService - No token found, setting user to null'[39m
Chrome Headless 140.0.0.0 (Windows 10): Executed 69 of 265[31m (1 FAILED)[39m (0 secs / 0.357 secs)
LOG: 'AuthService - No token found, setting user to null'
[1A[2KChrome Headless 140.0.0.0 (Windows 10): Executed 70 of 265[31m (1 FAILED)[39m (0 secs / 0.359 secs)
[1A[2KChrome Headless 140.0.0.0 (Windows 10): Executed 71 of 265[31m (1 FAILED)[39m (0 secs / 0.36 secs)
[1A[2KChrome Headless 140.0.0.0 (Windows 10): Executed 72 of 265[31m (1 FAILED)[39m (0 secs / 0.361 secs)
[1A[2KChrome Headless 140.0.0.0 (Windows 10): Executed 73 of 265[31m (1 FAILED)[39m (0 secs / 0.362 secs)
[1A[2KChrome Headless 140.0.0.0 (Windows 10): Executed 74 of 265[31m (1 FAILED)[39m (0 secs / 0.379 secs)
[1A[2KChrome Headless 140.0.0.0 (Windows 10): Executed 75 of 265[31m (1 FAILED)[39m (0 secs / 0.383 secs)
[1A[2KChrome Headless 140.0.0.0 (Windows 10): Executed 76 of 265[31m (1 FAILED)[39m (0 secs / 0.388 secs)
[1A[2KChrome Headless 140.0.0.0 (Windows 10): Executed 77 of 265[31m (1 FAILED)[39m (0 secs / 0.391 secs)
[1A[2KChrome Headless 140.0.0.0 (Windows 10): Executed 78 of 265[31m (1 FAILED)[39m (0 secs / 0.396 secs)
[1A[2KChrome Headless 140.0.0.0 (Windows 10): Executed 79 of 265[31m (1 FAILED)[39m (0 secs / 0.4 secs)
[1A[2KChrome Headless 140.0.0.0 (Windows 10): Executed 80 of 265[31m (1 FAILED)[39m (0 secs / 0.404 secs)
[1A[2KChrome Headless 140.0.0.0 (Windows 10): Executed 81 of 265[31m (1 FAILED)[39m (0 secs / 0.408 secs)
[1A[2KChrome Headless 140.0.0.0 (Windows 10): Executed 82 of 265[31m (1 FAILED)[39m (0 secs / 0.467 secs)
[1A[2KLOG: [36m'Dashboard - Current user:', Object{_id: '1', name: 'Test User', email: 'test@example.com', role: 'customer', createdAt: Tue Sep 30 2025 14:40:57 GMT+0530 (India Standard Time), updatedAt: Tue Sep 30 2025 14:40:57 GMT+0530 (India Standard Time)}[39m
Chrome Headless 140.0.0.0 (Windows 10): Executed 82 of 265[31m (1 FAILED)[39m (0 secs / 0.467 secs)
LOG: 'Dashboard - Current user:', Object{_id: '1', name: 'Test User', email: 'test@example.com', role: 'customer', createdAt: Tue Sep 30 2025 14:40:57 GMT+0530 (India Standard Time), updatedAt: Tue Sep 30 2025 14:40:57 GMT+0530 (India Standard Time)}
[1A[2KLOG: [36m'Dashboard - Loading data from API...'[39m
Chrome Headless 140.0.0.0 (Windows 10): Executed 82 of 265[31m (1 FAILED)[39m (0 secs / 0.467 secs)
LOG: 'Dashboard - Loading data from API...'
[1A[2KLOG: [36m'Dashboard - API response:', Object{}[39m
Chrome Headless 140.0.0.0 (Windows 10): Executed 82 of 265[31m (1 FAILED)[39m (0 secs / 0.467 secs)
LOG: 'Dashboard - API response:', Object{}
[1A[2KLOG: [36m'Dashboard - Real data loaded:', Object{stats: Object{totalPolicies: 0, activePolicies: 0, totalClaims: 0, pendingClaims: 0, totalPayments: 0, nextPaymentDue: null}, policiesCount: 0, claimsCount: 0, claims: []}[39m
Chrome Headless 140.0.0.0 (Windows 10): Executed 82 of 265[31m (1 FAILED)[39m (0 secs / 0.467 secs)
LOG: 'Dashboard - Real data loaded:', Object{stats: Object{totalPolicies: 0, activePolicies: 0, totalClaims: 0, pendingClaims: 0, totalPayments: 0, nextPaymentDue: null}, policiesCount: 0, claimsCount: 0, claims: []}
[1A[2KLOG: [36m'Dashboard - Received claim status updates:', [][39m
Chrome Headless 140.0.0.0 (Windows 10): Executed 82 of 265[31m (1 FAILED)[39m (0 secs / 0.467 secs)
LOG: 'Dashboard - Received claim status updates:', []
[1A[2KChrome Headless 140.0.0.0 (Windows 10): Executed 83 of 265[31m (1 FAILED)[39m (0 secs / 0.474 secs)
[1A[2KLOG: [36m'Dashboard - Current user:', Object{_id: '1', name: 'Test User', email: 'test@example.com', role: 'customer', createdAt: Tue Sep 30 2025 14:40:57 GMT+0530 (India Standard Time), updatedAt: Tue Sep 30 2025 14:40:57 GMT+0530 (India Standard Time)}[39m
Chrome Headless 140.0.0.0 (Windows 10): Executed 83 of 265[31m (1 FAILED)[39m (0 secs / 0.474 secs)
LOG: 'Dashboard - Current user:', Object{_id: '1', name: 'Test User', email: 'test@example.com', role: 'customer', createdAt: Tue Sep 30 2025 14:40:57 GMT+0530 (India Standard Time), updatedAt: Tue Sep 30 2025 14:40:57 GMT+0530 (India Standard Time)}
[1A[2KLOG: [36m'Dashboard - Loading data from API...'[39m
Chrome Headless 140.0.0.0 (Windows 10): Executed 83 of 265[31m (1 FAILED)[39m (0 secs / 0.474 secs)
LOG: 'Dashboard - Loading data from API...'
[1A[2KLOG: [36m'Dashboard - API response:', Object{data: Object{stats: Object{totalPolicies: ..., activePolicies: ..., totalClaims: ..., pendingClaims: ..., totalPayments: ..., nextPaymentDue: ...}}}[39m
Chrome Headless 140.0.0.0 (Windows 10): Executed 83 of 265[31m (1 FAILED)[39m (0 secs / 0.474 secs)
LOG: 'Dashboard - API response:', Object{data: Object{stats: Object{totalPolicies: ..., activePolicies: ..., totalClaims: ..., pendingClaims: ..., totalPayments: ..., nextPaymentDue: ...}}}
[1A[2KLOG: [36m'Dashboard - Real data loaded:', Object{stats: Object{totalPolicies: 5, activePolicies: 4, totalClaims: 2, pendingClaims: 2, totalPayments: 25000, nextPaymentDue: null}, policiesCount: 0, claimsCount: 0, claims: []}[39m
Chrome Headless 140.0.0.0 (Windows 10): Executed 83 of 265[31m (1 FAILED)[39m (0 secs / 0.474 secs)
LOG: 'Dashboard - Real data loaded:', Object{stats: Object{totalPolicies: 5, activePolicies: 4, totalClaims: 2, pendingClaims: 2, totalPayments: 25000, nextPaymentDue: null}, policiesCount: 0, claimsCount: 0, claims: []}
[1A[2KLOG: [36m'Dashboard - Received claim status updates:', [][39m
Chrome Headless 140.0.0.0 (Windows 10): Executed 83 of 265[31m (1 FAILED)[39m (0 secs / 0.474 secs)
LOG: 'Dashboard - Received claim status updates:', []
[1A[2KChrome Headless 140.0.0.0 (Windows 10): Executed 84 of 265[31m (1 FAILED)[39m (0 secs / 0.48 secs)
[1A[2KChrome Headless 140.0.0.0 (Windows 10): Executed 85 of 265[31m (1 FAILED)[39m (0 secs / 0.485 secs)
[1A[2KLOG: [36m'Dashboard - Current user:', Object{_id: '1', name: 'Test User', email: 'test@example.com', role: 'customer', createdAt: Tue Sep 30 2025 14:40:57 GMT+0530 (India Standard Time), updatedAt: Tue Sep 30 2025 14:40:57 GMT+0530 (India Standard Time)}[39m
Chrome Headless 140.0.0.0 (Windows 10): Executed 85 of 265[31m (1 FAILED)[39m (0 secs / 0.485 secs)
LOG: 'Dashboard - Current user:', Object{_id: '1', name: 'Test User', email: 'test@example.com', role: 'customer', createdAt: Tue Sep 30 2025 14:40:57 GMT+0530 (India Standard Time), updatedAt: Tue Sep 30 2025 14:40:57 GMT+0530 (India Standard Time)}
[1A[2KLOG: [36m'Dashboard - Loading data from API...'[39m
Chrome Headless 140.0.0.0 (Windows 10): Executed 85 of 265[31m (1 FAILED)[39m (0 secs / 0.485 secs)
LOG: 'Dashboard - Loading data from API...'
[1A[2KLOG: [36m'Dashboard - API response:', Object{stats: Object{totalPolicies: 3, activePolicies: 2, pendingClaims: 1, totalPayments: 15000}}[39m
Chrome Headless 140.0.0.0 (Windows 10): Executed 85 of 265[31m (1 FAILED)[39m (0 secs / 0.485 secs)
LOG: 'Dashboard - API response:', Object{stats: Object{totalPolicies: 3, activePolicies: 2, pendingClaims: 1, totalPayments: 15000}}
[1A[2KLOG: [36m'Dashboard - Real data loaded:', Object{stats: Object{totalPolicies: 3, activePolicies: 2, totalClaims: 0, pendingClaims: 1, totalPayments: 15000, nextPaymentDue: null}, policiesCount: 0, claimsCount: 0, claims: []}[39m
Chrome Headless 140.0.0.0 (Windows 10): Executed 85 of 265[31m (1 FAILED)[39m (0 secs / 0.485 secs)
LOG: 'Dashboard - Real data loaded:', Object{stats: Object{totalPolicies: 3, activePolicies: 2, totalClaims: 0, pendingClaims: 1, totalPayments: 15000, nextPaymentDue: null}, policiesCount: 0, claimsCount: 0, claims: []}
[1A[2KLOG: [36m'Dashboard - Received claim status updates:', [][39m
Chrome Headless 140.0.0.0 (Windows 10): Executed 85 of 265[31m (1 FAILED)[39m (0 secs / 0.485 secs)
LOG: 'Dashboard - Received claim status updates:', []
[1A[2KChrome Headless 140.0.0.0 (Windows 10): Executed 86 of 265[31m (1 FAILED)[39m (0 secs / 0.491 secs)
[1A[2KChrome Headless 140.0.0.0 (Windows 10): Executed 87 of 265[31m (1 FAILED)[39m (0 secs / 0.496 secs)
[1A[2KChrome Headless 140.0.0.0 (Windows 10): Executed 88 of 265[31m (1 FAILED)[39m (0 secs / 0.502 secs)
[1A[2KChrome Headless 140.0.0.0 (Windows 10): Executed 89 of 265[31m (1 FAILED)[39m (0 secs / 0.594 secs)
[1A[2KChrome Headless 140.0.0.0 (Windows 10): Executed 90 of 265[31m (1 FAILED)[39m (0 secs / 0.6 secs)
[1A[2KChrome Headless 140.0.0.0 (Windows 10): Executed 91 of 265[31m (1 FAILED)[39m (0 secs / 0.605 secs)
[1A[2KChrome Headless 140.0.0.0 (Windows 10): Executed 92 of 265[31m (1 FAILED)[39m (0 secs / 0.617 secs)
[1A[2KChrome Headless 140.0.0.0 (Windows 10): Executed 93 of 265[31m (1 FAILED)[39m (0 secs / 0.623 secs)
[1A[2KChrome Headless 140.0.0.0 (Windows 10): Executed 94 of 265[31m (1 FAILED)[39m (0 secs / 0.627 secs)
[1A[2KLOG: [36m'Agent details response:', Object{success: true, data: null}[39m
Chrome Headless 140.0.0.0 (Windows 10): Executed 94 of 265[31m (1 FAILED)[39m (0 secs / 0.627 secs)
LOG: 'Agent details response:', Object{success: true, data: null}
[1A[2KChrome Headless 140.0.0.0 (Windows 10): Executed 95 of 265[31m (1 FAILED)[39m (0 secs / 0.631 secs)
[1A[2KLOG: [36m'Agent details response:', Object{success: false, data: Object{agent: Object{_id: ..., name: ..., email: ..., role: ..., status: ..., createdAt: ...}, assignedCustomers: [..., ...], assignedPolicies: [..., ...], claims: [..., ...], statistics: Object{totalCustomers: ..., totalPolicies: ..., totalClaims: ..., pendingClaims: ...}}}[39m
Chrome Headless 140.0.0.0 (Windows 10): Executed 95 of 265[31m (1 FAILED)[39m (0 secs / 0.631 secs)
LOG: 'Agent details response:', Object{success: false, data: Object{agent: Object{_id: ..., name: ..., email: ..., role: ..., status: ..., createdAt: ...}, assignedCustomers: [..., ...], assignedPolicies: [..., ...], claims: [..., ...], statistics: Object{totalCustomers: ..., totalPolicies: ..., totalClaims: ..., pendingClaims: ...}}}
[1A[2KChrome Headless 140.0.0.0 (Windows 10): Executed 96 of 265[31m (1 FAILED)[39m (0 secs / 0.638 secs)
[1A[2KChrome Headless 140.0.0.0 (Windows 10): Executed 97 of 265[31m (1 FAILED)[39m (0 secs / 0.643 secs)
[1A[2KChrome Headless 140.0.0.0 (Windows 10): Executed 98 of 265[31m (1 FAILED)[39m (0 secs / 0.647 secs)
[1A[2KLOG: [36m'Agent details response:', Object{success: true, data: Object{agent: Object{_id: ..., name: ..., email: ..., role: ..., status: ..., createdAt: ...}, assignedCustomers: [..., ...], assignedPolicies: [..., ...], claims: [..., ...], statistics: Object{totalCustomers: ..., totalPolicies: ..., totalClaims: ..., pendingClaims: ...}}}[39m
Chrome Headless 140.0.0.0 (Windows 10): Executed 98 of 265[31m (1 FAILED)[39m (0 secs / 0.647 secs)
LOG: 'Agent details response:', Object{success: true, data: Object{agent: Object{_id: ..., name: ..., email: ..., role: ..., status: ..., createdAt: ...}, assignedCustomers: [..., ...], assignedPolicies: [..., ...], claims: [..., ...], statistics: Object{totalCustomers: ..., totalPolicies: ..., totalClaims: ..., pendingClaims: ...}}}
[1A[2KChrome Headless 140.0.0.0 (Windows 10): Executed 99 of 265[31m (1 FAILED)[39m (0 secs / 0.652 secs)
[1A[2KERROR: [36m'Error loading agent details:', Error: API Error
Error: API Error
    at errorFactory (http://localhost:9877/_karma_webpack_/webpack:/src/app/pages/admin/agent-detail/agent-detail.component.spec.ts:114:65)
    at Observable._subscribe (http://localhost:9877/_karma_webpack_/webpack:/node_modules/rxjs/dist/esm/internal/observable/throwError.js:5:51)
    at Observable._trySubscribe (http://localhost:9877/_karma_webpack_/webpack:/node_modules/rxjs/dist/esm/internal/Observable.js:37:25)
    at cb (http://localhost:9877/_karma_webpack_/webpack:/node_modules/rxjs/dist/esm/internal/Observable.js:31:30)
    at errorContext (http://localhost:9877/_karma_webpack_/webpack:/node_modules/rxjs/dist/esm/internal/util/errorContext.js:19:9)
    at Observable.subscribe (http://localhost:9877/_karma_webpack_/webpack:/node_modules/rxjs/dist/esm/internal/Observable.js:22:21)
    at AgentDetailComponent.loadAgentDetails (http://localhost:9877/_karma_webpack_/webpack:/src/app/pages/admin/agent-detail/agent-detail.component.ts:39:51)
    at UserContext.apply (http://localhost:9877/_karma_webpack_/webpack:/src/app/pages/admin/agent-detail/agent-detail.component.spec.ts:116:15)
    at _ZoneDelegate.invoke (http://localhost:9877/_karma_webpack_/webpack:/node_modules/zone.js/fesm2015/zone.js:398:28)
    at ProxyZoneSpec.onInvoke (http://localhost:9877/_karma_webpack_/webpack:/node_modules/zone.js/fesm2015/zone-testing.js:2132:39)[39m
Chrome Headless 140.0.0.0 (Windows 10): Executed 99 of 265[31m (1 FAILED)[39m (0 secs / 0.652 secs)
ERROR: 'Error loading agent details:', Error: API Error
Error: API Error
    at errorFactory (http://localhost:9877/_karma_webpack_/webpack:/src/app/pages/admin/agent-detail/agent-detail.component.spec.ts:114:65)
    at Observable._subscribe (http://localhost:9877/_karma_webpack_/webpack:/node_modules/rxjs/dist/esm/internal/observable/throwError.js:5:51)
    at Observable._trySubscribe (http://localhost:9877/_karma_webpack_/webpack:/node_modules/rxjs/dist/esm/internal/Observable.js:37:25)
    at cb (http://localhost:9877/_karma_webpack_/webpack:/node_modules/rxjs/dist/esm/internal/Observable.js:31:30)
    at errorContext (http://localhost:9877/_karma_webpack_/webpack:/node_modules/rxjs/dist/esm/internal/util/errorContext.js:19:9)
    at Observable.subscribe (http://localhost:9877/_karma_webpack_/webpack:/node_modules/rxjs/dist/esm/internal/Observable.js:22:21)
    at AgentDetailComponent.loadAgentDetails (http://localhost:9877/_karma_webpack_/webpack:/src/app/pages/admin/agent-detail/agent-detail.component.ts:39:51)
    at UserContext.apply (http://localhost:9877/_karma_webpack_/webpack:/src/app/pages/admin/agent-detail/agent-detail.component.spec.ts:116:15)
    at _ZoneDelegate.invoke (http://localhost:9877/_karma_webpack_/webpack:/node_modules/zone.js/fesm2015/zone.js:398:28)
    at ProxyZoneSpec.onInvoke (http://localhost:9877/_karma_webpack_/webpack:/node_modules/zone.js/fesm2015/zone-testing.js:2132:39)
[1A[2KChrome Headless 140.0.0.0 (Windows 10): Executed 100 of 265[31m (1 FAILED)[39m (0 secs / 0.656 secs)
[1A[2KChrome Headless 140.0.0.0 (Windows 10): Executed 101 of 265[31m (1 FAILED)[39m (0 secs / 0.66 secs)
[1A[2KChrome Headless 140.0.0.0 (Windows 10): Executed 102 of 265[31m (1 FAILED)[39m (0 secs / 0.664 secs)
[1A[2KLOG: [36m'Agent details response:', Object{success: true, data: Object{agent: Object{_id: ..., name: ..., email: ..., role: ..., status: ..., createdAt: ...}, assignedCustomers: [..., ...], assignedPolicies: [..., ...], claims: [..., ...], statistics: Object{totalCustomers: ..., totalPolicies: ..., totalClaims: ..., pendingClaims: ...}}}[39m
Chrome Headless 140.0.0.0 (Windows 10): Executed 102 of 265[31m (1 FAILED)[39m (0 secs / 0.664 secs)
LOG: 'Agent details response:', Object{success: true, data: Object{agent: Object{_id: ..., name: ..., email: ..., role: ..., status: ..., createdAt: ...}, assignedCustomers: [..., ...], assignedPolicies: [..., ...], claims: [..., ...], statistics: Object{totalCustomers: ..., totalPolicies: ..., totalClaims: ..., pendingClaims: ...}}}
[1A[2KChrome Headless 140.0.0.0 (Windows 10): Executed 103 of 265[31m (1 FAILED)[39m (0 secs / 0.668 secs)
[1A[2KChrome Headless 140.0.0.0 (Windows 10): Executed 104 of 265[31m (1 FAILED)[39m (0 secs / 0.669 secs)
[1A[2KLOG: [36m'Agents loaded:', Object{success: true, data: [Object{_id: ..., name: ..., email: ..., role: ..., status: ..., createdAt: ...}, Object{_id: ..., name: ..., email: ..., role: ..., status: ..., createdAt: ...}]}[39m
Chrome Headless 140.0.0.0 (Windows 10): Executed 104 of 265[31m (1 FAILED)[39m (0 secs / 0.669 secs)
LOG: 'Agents loaded:', Object{success: true, data: [Object{_id: ..., name: ..., email: ..., role: ..., status: ..., createdAt: ...}, Object{_id: ..., name: ..., email: ..., role: ..., status: ..., createdAt: ...}]}
[1A[2KLOG: [36m'Customers loaded:', Object{success: true, data: [Object{_id: ..., name: ..., email: ..., role: ..., status: ..., createdAt: ...}, Object{_id: ..., name: ..., email: ..., role: ..., status: ..., createdAt: ...}]}[39m
Chrome Headless 140.0.0.0 (Windows 10): Executed 104 of 265[31m (1 FAILED)[39m (0 secs / 0.669 secs)
LOG: 'Customers loaded:', Object{success: true, data: [Object{_id: ..., name: ..., email: ..., role: ..., status: ..., createdAt: ...}, Object{_id: ..., name: ..., email: ..., role: ..., status: ..., createdAt: ...}]}
[1A[2KLOG: [36m'Agents loaded:', Object{success: true, data: [Object{_id: ..., name: ..., email: ..., role: ..., status: ..., createdAt: ...}, Object{_id: ..., name: ..., email: ..., role: ..., status: ..., createdAt: ...}]}[39m
Chrome Headless 140.0.0.0 (Windows 10): Executed 104 of 265[31m (1 FAILED)[39m (0 secs / 0.669 secs)
LOG: 'Agents loaded:', Object{success: true, data: [Object{_id: ..., name: ..., email: ..., role: ..., status: ..., createdAt: ...}, Object{_id: ..., name: ..., email: ..., role: ..., status: ..., createdAt: ...}]}
[1A[2KERROR: [36m'Error loading agents:', Error: API Error
Error: API Error
    at errorFactory (http://localhost:9877/_karma_webpack_/webpack:/src/app/pages/admin/users/users.component.spec.ts:103:62)
    at Observable._subscribe (http://localhost:9877/_karma_webpack_/webpack:/node_modules/rxjs/dist/esm/internal/observable/throwError.js:5:51)
    at Observable._trySubscribe (http://localhost:9877/_karma_webpack_/webpack:/node_modules/rxjs/dist/esm/internal/Observable.js:37:25)
    at cb (http://localhost:9877/_karma_webpack_/webpack:/node_modules/rxjs/dist/esm/internal/Observable.js:31:30)
    at errorContext (http://localhost:9877/_karma_webpack_/webpack:/node_modules/rxjs/dist/esm/internal/util/errorContext.js:19:9)
    at Observable.subscribe (http://localhost:9877/_karma_webpack_/webpack:/node_modules/rxjs/dist/esm/internal/Observable.js:22:21)
    at UsersComponent.loadAgents (http://localhost:9877/_karma_webpack_/webpack:/src/app/pages/admin/users/users.component.ts:40:36)
    at UserContext.apply (http://localhost:9877/_karma_webpack_/webpack:/src/app/pages/admin/users/users.component.spec.ts:105:15)
    at _ZoneDelegate.invoke (http://localhost:9877/_karma_webpack_/webpack:/node_modules/zone.js/fesm2015/zone.js:398:28)
    at ProxyZoneSpec.onInvoke (http://localhost:9877/_karma_webpack_/webpack:/node_modules/zone.js/fesm2015/zone-testing.js:2132:39)[39m
Chrome Headless 140.0.0.0 (Windows 10): Executed 104 of 265[31m (1 FAILED)[39m (0 secs / 0.669 secs)
ERROR: 'Error loading agents:', Error: API Error
Error: API Error
    at errorFactory (http://localhost:9877/_karma_webpack_/webpack:/src/app/pages/admin/users/users.component.spec.ts:103:62)
    at Observable._subscribe (http://localhost:9877/_karma_webpack_/webpack:/node_modules/rxjs/dist/esm/internal/observable/throwError.js:5:51)
    at Observable._trySubscribe (http://localhost:9877/_karma_webpack_/webpack:/node_modules/rxjs/dist/esm/internal/Observable.js:37:25)
    at cb (http://localhost:9877/_karma_webpack_/webpack:/node_modules/rxjs/dist/esm/internal/Observable.js:31:30)
    at errorContext (http://localhost:9877/_karma_webpack_/webpack:/node_modules/rxjs/dist/esm/internal/util/errorContext.js:19:9)
    at Observable.subscribe (http://localhost:9877/_karma_webpack_/webpack:/node_modules/rxjs/dist/esm/internal/Observable.js:22:21)
    at UsersComponent.loadAgents (http://localhost:9877/_karma_webpack_/webpack:/src/app/pages/admin/users/users.component.ts:40:36)
    at UserContext.apply (http://localhost:9877/_karma_webpack_/webpack:/src/app/pages/admin/users/users.component.spec.ts:105:15)
    at _ZoneDelegate.invoke (http://localhost:9877/_karma_webpack_/webpack:/node_modules/zone.js/fesm2015/zone.js:398:28)
    at ProxyZoneSpec.onInvoke (http://localhost:9877/_karma_webpack_/webpack:/node_modules/zone.js/fesm2015/zone-testing.js:2132:39)
[1A[2KLOG: [36m'Customers loaded:', Object{success: true, data: [Object{_id: ..., name: ..., email: ..., role: ..., status: ..., createdAt: ...}, Object{_id: ..., name: ..., email: ..., role: ..., status: ..., createdAt: ...}]}[39m
Chrome Headless 140.0.0.0 (Windows 10): Executed 104 of 265[31m (1 FAILED)[39m (0 secs / 0.669 secs)
LOG: 'Customers loaded:', Object{success: true, data: [Object{_id: ..., name: ..., email: ..., role: ..., status: ..., createdAt: ...}, Object{_id: ..., name: ..., email: ..., role: ..., status: ..., createdAt: ...}]}
[1A[2KERROR: [36m'Error loading customers:', Error: API Error
Error: API Error
    at errorFactory (http://localhost:9877/_karma_webpack_/webpack:/src/app/pages/admin/users/users.component.spec.ts:115:65)
    at Observable._subscribe (http://localhost:9877/_karma_webpack_/webpack:/node_modules/rxjs/dist/esm/internal/observable/throwError.js:5:51)
    at Observable._trySubscribe (http://localhost:9877/_karma_webpack_/webpack:/node_modules/rxjs/dist/esm/internal/Observable.js:37:25)
    at cb (http://localhost:9877/_karma_webpack_/webpack:/node_modules/rxjs/dist/esm/internal/Observable.js:31:30)
    at errorContext (http://localhost:9877/_karma_webpack_/webpack:/node_modules/rxjs/dist/esm/internal/util/errorContext.js:19:9)
    at Observable.subscribe (http://localhost:9877/_karma_webpack_/webpack:/node_modules/rxjs/dist/esm/internal/Observable.js:22:21)
    at UsersComponent.loadCustomers (http://localhost:9877/_karma_webpack_/webpack:/src/app/pages/admin/users/users.component.ts:56:39)
    at UserContext.apply (http://localhost:9877/_karma_webpack_/webpack:/src/app/pages/admin/users/users.component.spec.ts:117:15)
    at _ZoneDelegate.invoke (http://localhost:9877/_karma_webpack_/webpack:/node_modules/zone.js/fesm2015/zone.js:398:28)
    at ProxyZoneSpec.onInvoke (http://localhost:9877/_karma_webpack_/webpack:/node_modules/zone.js/fesm2015/zone-testing.js:2132:39)[39m
Chrome Headless 140.0.0.0 (Windows 10): Executed 104 of 265[31m (1 FAILED)[39m (0 secs / 0.669 secs)
ERROR: 'Error loading customers:', Error: API Error
Error: API Error
    at errorFactory (http://localhost:9877/_karma_webpack_/webpack:/src/app/pages/admin/users/users.component.spec.ts:115:65)
    at Observable._subscribe (http://localhost:9877/_karma_webpack_/webpack:/node_modules/rxjs/dist/esm/internal/observable/throwError.js:5:51)
    at Observable._trySubscribe (http://localhost:9877/_karma_webpack_/webpack:/node_modules/rxjs/dist/esm/internal/Observable.js:37:25)
    at cb (http://localhost:9877/_karma_webpack_/webpack:/node_modules/rxjs/dist/esm/internal/Observable.js:31:30)
    at errorContext (http://localhost:9877/_karma_webpack_/webpack:/node_modules/rxjs/dist/esm/internal/util/errorContext.js:19:9)
    at Observable.subscribe (http://localhost:9877/_karma_webpack_/webpack:/node_modules/rxjs/dist/esm/internal/Observable.js:22:21)
    at UsersComponent.loadCustomers (http://localhost:9877/_karma_webpack_/webpack:/src/app/pages/admin/users/users.component.ts:56:39)
    at UserContext.apply (http://localhost:9877/_karma_webpack_/webpack:/src/app/pages/admin/users/users.component.spec.ts:117:15)
    at _ZoneDelegate.invoke (http://localhost:9877/_karma_webpack_/webpack:/node_modules/zone.js/fesm2015/zone.js:398:28)
    at ProxyZoneSpec.onInvoke (http://localhost:9877/_karma_webpack_/webpack:/node_modules/zone.js/fesm2015/zone-testing.js:2132:39)
[1A[2KLOG: [36m'Agents loaded:', Object{success: true, data: []}[39m
Chrome Headless 140.0.0.0 (Windows 10): Executed 104 of 265[31m (1 FAILED)[39m (0 secs / 0.669 secs)
LOG: 'Agents loaded:', Object{success: true, data: []}
[1A[2KLOG: [36m'Customers loaded:', Object{success: true, data: []}[39m
Chrome Headless 140.0.0.0 (Windows 10): Executed 104 of 265[31m (1 FAILED)[39m (0 secs / 0.669 secs)
LOG: 'Customers loaded:', Object{success: true, data: []}
[1A[2KLOG: [36m'Agents loaded:', Object{success: false, data: null}[39m
Chrome Headless 140.0.0.0 (Windows 10): Executed 104 of 265[31m (1 FAILED)[39m (0 secs / 0.669 secs)
LOG: 'Agents loaded:', Object{success: false, data: null}
[1A[2KChrome Headless 140.0.0.0 (Windows 10): Executed 105 of 265[31m (1 FAILED)[39m (0 secs / 0.699 secs)
[1A[2KChrome Headless 140.0.0.0 (Windows 10): Executed 106 of 265[31m (1 FAILED)[39m (0 secs / 0.703 secs)
[1A[2KLOG: [36m'Customer details response:', Object{success: true, data: Object{customer: null, policies: [], claims: [], statistics: null}}[39m
Chrome Headless 140.0.0.0 (Windows 10): Executed 106 of 265[31m (1 FAILED)[39m (0 secs / 0.703 secs)
LOG: 'Customer details response:', Object{success: true, data: Object{customer: null, policies: [], claims: [], statistics: null}}
[1A[2KLOG: [36m'Customer details response:', Object{success: true, data: Object{customer: Object{_id: ..., name: ..., email: ..., role: ..., status: ..., gender: ..., maritalStatus: ..., createdAt: ...}, policies: [], claims: [], statistics: Object{totalPolicies: ..., totalClaims: ..., pendingClaims: ..., totalPremium: ...}}}[39m
Chrome Headless 140.0.0.0 (Windows 10): Executed 106 of 265[31m (1 FAILED)[39m (0 secs / 0.703 secs)
LOG: 'Customer details response:', Object{success: true, data: Object{customer: Object{_id: ..., name: ..., email: ..., role: ..., status: ..., gender: ..., maritalStatus: ..., createdAt: ...}, policies: [], claims: [], statistics: Object{totalPolicies: ..., totalClaims: ..., pendingClaims: ..., totalPremium: ...}}}
[1A[2KChrome Headless 140.0.0.0 (Windows 10): Executed 107 of 265[31m (1 FAILED)[39m (0 secs / 0.754 secs)
[1A[2KLOG: [36m'Customer details response:', Object{success: true, data: Object{customer: Object{_id: ..., name: ..., email: ..., role: ..., status: ..., gender: ..., maritalStatus: ..., createdAt: ...}, policies: [..., ...], claims: [..., ...], statistics: Object{totalPolicies: ..., totalClaims: ..., pendingClaims: ..., totalPremium: ...}}}[39m
Chrome Headless 140.0.0.0 (Windows 10): Executed 107 of 265[31m (1 FAILED)[39m (0 secs / 0.754 secs)
LOG: 'Customer details response:', Object{success: true, data: Object{customer: Object{_id: ..., name: ..., email: ..., role: ..., status: ..., gender: ..., maritalStatus: ..., createdAt: ...}, policies: [..., ...], claims: [..., ...], statistics: Object{totalPolicies: ..., totalClaims: ..., pendingClaims: ..., totalPremium: ...}}}
[1A[2KLOG: [36m'Customer details response:', Object{success: true, data: Object{customer: Object{_id: ..., name: ..., email: ..., role: ..., status: ..., gender: ..., maritalStatus: ..., createdAt: ...}, policies: [..., ...], claims: [..., ...], statistics: Object{totalPolicies: ..., totalClaims: ..., pendingClaims: ..., totalPremium: ...}}}[39m
Chrome Headless 140.0.0.0 (Windows 10): Executed 107 of 265[31m (1 FAILED)[39m (0 secs / 0.754 secs)
LOG: 'Customer details response:', Object{success: true, data: Object{customer: Object{_id: ..., name: ..., email: ..., role: ..., status: ..., gender: ..., maritalStatus: ..., createdAt: ...}, policies: [..., ...], claims: [..., ...], statistics: Object{totalPolicies: ..., totalClaims: ..., pendingClaims: ..., totalPremium: ...}}}
[1A[2KERROR: [36m'Error loading customer details:', Object{error: Object{message: 'Customer not found'}}[39m
Chrome Headless 140.0.0.0 (Windows 10): Executed 107 of 265[31m (1 FAILED)[39m (0 secs / 0.754 secs)
ERROR: 'Error loading customer details:', Object{error: Object{message: 'Customer not found'}}
[1A[2KLOG: [36m'Customer details response:', Object{success: false, data: null}[39m
Chrome Headless 140.0.0.0 (Windows 10): Executed 107 of 265[31m (1 FAILED)[39m (0 secs / 0.754 secs)
LOG: 'Customer details response:', Object{success: false, data: null}
[1A[2KChrome Headless 140.0.0.0 (Windows 10): Executed 108 of 265[31m (1 FAILED)[39m (0 secs / 0.757 secs)
[1A[2KChrome Headless 140.0.0.0 (Windows 10): Executed 109 of 265[31m (1 FAILED)[39m (0 secs / 0.76 secs)
[1A[2KChrome Headless 140.0.0.0 (Windows 10): Executed 110 of 265[31m (1 FAILED)[39m (0 secs / 0.761 secs)
[1A[2KChrome Headless 140.0.0.0 (Windows 10): Executed 111 of 265[31m (1 FAILED)[39m (0 secs / 0.761 secs)
[1A[2KChrome Headless 140.0.0.0 (Windows 10): Executed 112 of 265[31m (1 FAILED)[39m (0 secs / 0.762 secs)
[1A[2KChrome Headless 140.0.0.0 (Windows 10): Executed 113 of 265[31m (1 FAILED)[39m (0 secs / 0.762 secs)
[1A[2KLOG: [36m'Agent dashboard response:', Object{success: true, data: Object{stats: Object{assignedPolicies: ..., pendingClaims: ..., totalCommissions: ...}, assignedPolicies: [], assignedClaims: []}}[39m
Chrome Headless 140.0.0.0 (Windows 10): Executed 113 of 265[31m (1 FAILED)[39m (0 secs / 0.762 secs)
LOG: 'Agent dashboard response:', Object{success: true, data: Object{stats: Object{assignedPolicies: ..., pendingClaims: ..., totalCommissions: ...}, assignedPolicies: [], assignedClaims: []}}
[1A[2KLOG: [36m'Agent dashboard data loaded:', Object{stats: Object{assignedPolicies: 25, pendingClaims: 8, totalCommissions: 15000}, pendingClaimsCount: 0, pendingClaims: []}[39m
Chrome Headless 140.0.0.0 (Windows 10): Executed 113 of 265[31m (1 FAILED)[39m (0 secs / 0.762 secs)
LOG: 'Agent dashboard data loaded:', Object{stats: Object{assignedPolicies: 25, pendingClaims: 8, totalCommissions: 15000}, pendingClaimsCount: 0, pendingClaims: []}
[1A[2KLOG: [36m'Policies loaded:', 2[39m
Chrome Headless 140.0.0.0 (Windows 10): Executed 113 of 265[31m (1 FAILED)[39m (0 secs / 0.762 secs)
LOG: 'Policies loaded:', 2
[1A[2KLOG: [36m'Other agents loaded:', Object{success: true, data: [Object{_id: ..., name: ..., email: ...}, Object{_id: ..., name: ..., email: ...}]}[39m
Chrome Headless 140.0.0.0 (Windows 10): Executed 113 of 265[31m (1 FAILED)[39m (0 secs / 0.762 secs)
LOG: 'Other agents loaded:', Object{success: true, data: [Object{_id: ..., name: ..., email: ...}, Object{_id: ..., name: ..., email: ...}]}
[1A[2KLOG: [36m'Agent dashboard response:', Object{success: true, data: Object{stats: Object{assignedPolicies: ..., pendingClaims: ..., totalCommissions: ...}, assignedPolicies: [], assignedClaims: []}}[39m
Chrome Headless 140.0.0.0 (Windows 10): Executed 113 of 265[31m (1 FAILED)[39m (0 secs / 0.762 secs)
LOG: 'Agent dashboard response:', Object{success: true, data: Object{stats: Object{assignedPolicies: ..., pendingClaims: ..., totalCommissions: ...}, assignedPolicies: [], assignedClaims: []}}
[1A[2KLOG: [36m'Agent dashboard data loaded:', Object{stats: Object{assignedPolicies: 25, pendingClaims: 8, totalCommissions: 15000}, pendingClaimsCount: 0, pendingClaims: []}[39m
Chrome Headless 140.0.0.0 (Windows 10): Executed 113 of 265[31m (1 FAILED)[39m (0 secs / 0.762 secs)
LOG: 'Agent dashboard data loaded:', Object{stats: Object{assignedPolicies: 25, pendingClaims: 8, totalCommissions: 15000}, pendingClaimsCount: 0, pendingClaims: []}
[1A[2KLOG: [36m'Policies loaded:', 2[39m
Chrome Headless 140.0.0.0 (Windows 10): Executed 113 of 265[31m (1 FAILED)[39m (0 secs / 0.762 secs)
LOG: 'Policies loaded:', 2
[1A[2KERROR: [36m'Error loading policies, using mock data:', Error: API Error
Error: API Error
    at errorFactory (http://localhost:9877/_karma_webpack_/webpack:/src/app/pages/agent-dashboard/agent-dashboard.component.spec.ts:163:61)
    at Observable._subscribe (http://localhost:9877/_karma_webpack_/webpack:/node_modules/rxjs/dist/esm/internal/observable/throwError.js:5:51)
    at Observable._trySubscribe (http://localhost:9877/_karma_webpack_/webpack:/node_modules/rxjs/dist/esm/internal/Observable.js:37:25)
    at cb (http://localhost:9877/_karma_webpack_/webpack:/node_modules/rxjs/dist/esm/internal/Observable.js:31:30)
    at errorContext (http://localhost:9877/_karma_webpack_/webpack:/node_modules/rxjs/dist/esm/internal/util/errorContext.js:19:9)
    at Observable.subscribe (http://localhost:9877/_karma_webpack_/webpack:/node_modules/rxjs/dist/esm/internal/Observable.js:22:21)
    at AgentDashboardComponent.loadPolicies (http://localhost:9877/_karma_webpack_/webpack:/src/app/pages/agent-dashboard/agent-dashboard.component.ts:91:35)
    at UserContext.apply (http://localhost:9877/_karma_webpack_/webpack:/src/app/pages/agent-dashboard/agent-dashboard.component.spec.ts:164:15)
    at _ZoneDelegate.invoke (http://localhost:9877/_karma_webpack_/webpack:/node_modules/zone.js/fesm2015/zone.js:398:28)
    at ProxyZoneSpec.onInvoke (http://localhost:9877/_karma_webpack_/webpack:/node_modules/zone.js/fesm2015/zone-testing.js:2132:39)[39m
Chrome Headless 140.0.0.0 (Windows 10): Executed 113 of 265[31m (1 FAILED)[39m (0 secs / 0.762 secs)
ERROR: 'Error loading policies, using mock data:', Error: API Error
Error: API Error
    at errorFactory (http://localhost:9877/_karma_webpack_/webpack:/src/app/pages/agent-dashboard/agent-dashboard.component.spec.ts:163:61)
    at Observable._subscribe (http://localhost:9877/_karma_webpack_/webpack:/node_modules/rxjs/dist/esm/internal/observable/throwError.js:5:51)
    at Observable._trySubscribe (http://localhost:9877/_karma_webpack_/webpack:/node_modules/rxjs/dist/esm/internal/Observable.js:37:25)
    at cb (http://localhost:9877/_karma_webpack_/webpack:/node_modules/rxjs/dist/esm/internal/Observable.js:31:30)
    at errorContext (http://localhost:9877/_karma_webpack_/webpack:/node_modules/rxjs/dist/esm/internal/util/errorContext.js:19:9)
    at Observable.subscribe (http://localhost:9877/_karma_webpack_/webpack:/node_modules/rxjs/dist/esm/internal/Observable.js:22:21)
    at AgentDashboardComponent.loadPolicies (http://localhost:9877/_karma_webpack_/webpack:/src/app/pages/agent-dashboard/agent-dashboard.component.ts:91:35)
    at UserContext.apply (http://localhost:9877/_karma_webpack_/webpack:/src/app/pages/agent-dashboard/agent-dashboard.component.spec.ts:164:15)
    at _ZoneDelegate.invoke (http://localhost:9877/_karma_webpack_/webpack:/node_modules/zone.js/fesm2015/zone.js:398:28)
    at ProxyZoneSpec.onInvoke (http://localhost:9877/_karma_webpack_/webpack:/node_modules/zone.js/fesm2015/zone-testing.js:2132:39)
[1A[2KLOG: [36m'Mock policies loaded:', 2[39m
Chrome Headless 140.0.0.0 (Windows 10): Executed 113 of 265[31m (1 FAILED)[39m (0 secs / 0.762 secs)
LOG: 'Mock policies loaded:', 2
[1A[2KLOG: [36m'Other agents loaded:', Object{success: true, data: [Object{_id: ..., name: ..., email: ...}, Object{_id: ..., name: ..., email: ...}]}[39m
Chrome Headless 140.0.0.0 (Windows 10): Executed 113 of 265[31m (1 FAILED)[39m (0 secs / 0.762 secs)
LOG: 'Other agents loaded:', Object{success: true, data: [Object{_id: ..., name: ..., email: ...}, Object{_id: ..., name: ..., email: ...}]}
[1A[2KLOG: [36m'Policies loaded:', 0[39m
Chrome Headless 140.0.0.0 (Windows 10): Executed 113 of 265[31m (1 FAILED)[39m (0 secs / 0.762 secs)
LOG: 'Policies loaded:', 0
[1A[2KLOG: [36m'Other agents loaded:', Object{success: true, data: []}[39m
Chrome Headless 140.0.0.0 (Windows 10): Executed 113 of 265[31m (1 FAILED)[39m (0 secs / 0.762 secs)
LOG: 'Other agents loaded:', Object{success: true, data: []}
[1A[2KERROR: [36m'Error loading agent dashboard, using mock data:', Error: API Error
Error: API Error
    at errorFactory (http://localhost:9877/_karma_webpack_/webpack:/src/app/pages/agent-dashboard/agent-dashboard.component.spec.ts:181:67)
    at Observable._subscribe (http://localhost:9877/_karma_webpack_/webpack:/node_modules/rxjs/dist/esm/internal/observable/throwError.js:5:51)
    at Observable._trySubscribe (http://localhost:9877/_karma_webpack_/webpack:/node_modules/rxjs/dist/esm/internal/Observable.js:37:25)
    at cb (http://localhost:9877/_karma_webpack_/webpack:/node_modules/rxjs/dist/esm/internal/Observable.js:31:30)
    at errorContext (http://localhost:9877/_karma_webpack_/webpack:/node_modules/rxjs/dist/esm/internal/util/errorContext.js:19:9)
    at Observable.subscribe (http://localhost:9877/_karma_webpack_/webpack:/node_modules/rxjs/dist/esm/internal/Observable.js:22:21)
    at AgentDashboardComponent.loadAgentData (http://localhost:9877/_karma_webpack_/webpack:/src/app/pages/agent-dashboard/agent-dashboard.component.ts:47:41)
    at UserContext.apply (http://localhost:9877/_karma_webpack_/webpack:/src/app/pages/agent-dashboard/agent-dashboard.component.spec.ts:182:15)
    at _ZoneDelegate.invoke (http://localhost:9877/_karma_webpack_/webpack:/node_modules/zone.js/fesm2015/zone.js:398:28)
    at ProxyZoneSpec.onInvoke (http://localhost:9877/_karma_webpack_/webpack:/node_modules/zone.js/fesm2015/zone-testing.js:2132:39)[39m
Chrome Headless 140.0.0.0 (Windows 10): Executed 113 of 265[31m (1 FAILED)[39m (0 secs / 0.762 secs)
ERROR: 'Error loading agent dashboard, using mock data:', Error: API Error
Error: API Error
    at errorFactory (http://localhost:9877/_karma_webpack_/webpack:/src/app/pages/agent-dashboard/agent-dashboard.component.spec.ts:181:67)
    at Observable._subscribe (http://localhost:9877/_karma_webpack_/webpack:/node_modules/rxjs/dist/esm/internal/observable/throwError.js:5:51)
    at Observable._trySubscribe (http://localhost:9877/_karma_webpack_/webpack:/node_modules/rxjs/dist/esm/internal/Observable.js:37:25)
    at cb (http://localhost:9877/_karma_webpack_/webpack:/node_modules/rxjs/dist/esm/internal/Observable.js:31:30)
    at errorContext (http://localhost:9877/_karma_webpack_/webpack:/node_modules/rxjs/dist/esm/internal/util/errorContext.js:19:9)
    at Observable.subscribe (http://localhost:9877/_karma_webpack_/webpack:/node_modules/rxjs/dist/esm/internal/Observable.js:22:21)
    at AgentDashboardComponent.loadAgentData (http://localhost:9877/_karma_webpack_/webpack:/src/app/pages/agent-dashboard/agent-dashboard.component.ts:47:41)
    at UserContext.apply (http://localhost:9877/_karma_webpack_/webpack:/src/app/pages/agent-dashboard/agent-dashboard.component.spec.ts:182:15)
    at _ZoneDelegate.invoke (http://localhost:9877/_karma_webpack_/webpack:/node_modules/zone.js/fesm2015/zone.js:398:28)
    at ProxyZoneSpec.onInvoke (http://localhost:9877/_karma_webpack_/webpack:/node_modules/zone.js/fesm2015/zone-testing.js:2132:39)
[1A[2KChrome Headless 140.0.0.0 (Windows 10): Executed 114 of 265[31m (1 FAILED)[39m (0 secs / 0.789 secs)
[1A[2KLOG: [36m'Updating claim status:', Object{claimId: 'claim1', status: 'APPROVED', notes: 'Approved by agent'}[39m
Chrome Headless 140.0.0.0 (Windows 10): Executed 114 of 265[31m (1 FAILED)[39m (0 secs / 0.789 secs)
LOG: 'Updating claim status:', Object{claimId: 'claim1', status: 'APPROVED', notes: 'Approved by agent'}
[1A[2KLOG: [36m'Claim status updated successfully:', Object{success: true}[39m
Chrome Headless 140.0.0.0 (Windows 10): Executed 114 of 265[31m (1 FAILED)[39m (0 secs / 0.789 secs)
LOG: 'Claim status updated successfully:', Object{success: true}
[1A[2KLOG: [36m'Agent dashboard response:', Object{success: true, data: Object{stats: Object{assignedPolicies: ..., pendingClaims: ..., totalCommissions: ...}, assignedPolicies: [], assignedClaims: []}}[39m
Chrome Headless 140.0.0.0 (Windows 10): Executed 114 of 265[31m (1 FAILED)[39m (0 secs / 0.789 secs)
LOG: 'Agent dashboard response:', Object{success: true, data: Object{stats: Object{assignedPolicies: ..., pendingClaims: ..., totalCommissions: ...}, assignedPolicies: [], assignedClaims: []}}
[1A[2KLOG: [36m'Agent dashboard data loaded:', Object{stats: Object{assignedPolicies: 25, pendingClaims: 8, totalCommissions: 15000}, pendingClaimsCount: 0, pendingClaims: []}[39m
Chrome Headless 140.0.0.0 (Windows 10): Executed 114 of 265[31m (1 FAILED)[39m (0 secs / 0.789 secs)
LOG: 'Agent dashboard data loaded:', Object{stats: Object{assignedPolicies: 25, pendingClaims: 8, totalCommissions: 15000}, pendingClaimsCount: 0, pendingClaims: []}
[1A[2KALERT: [36m'Claim approved successfully!'[39m
Chrome Headless 140.0.0.0 (Windows 10): Executed 114 of 265[31m (1 FAILED)[39m (0 secs / 0.789 secs)
ALERT: 'Claim approved successfully!'
[1A[2K[31mChrome Headless 140.0.0.0 (Windows 10) AgentDashboardComponent should handle utility functions, claim operations, and performance reports FAILED[39m
	Expected spy ApiService.updateAgentClaimStatus not to have been called.
	    at <Jasmine>
	    at UserContext.apply (src/app/pages/agent-dashboard/agent-dashboard.component.spec.ts:218:51)
	    at _ZoneDelegate.invoke (node_modules/zone.js/fesm2015/zone.js:398:28)
	    at ProxyZoneSpec.onInvoke (node_modules/zone.js/fesm2015/zone-testing.js:2132:39)
	    at _ZoneDelegate.invoke (node_modules/zone.js/fesm2015/zone.js:397:34)
	Expected spy alert to have been called with:
	  [ 'Error updating claim status. Please try again.' ]
	but it was never called.
	    at <Jasmine>
	    at UserContext.apply (src/app/pages/agent-dashboard/agent-dashboard.component.spec.ts:224:26)
	    at _ZoneDelegate.invoke (node_modules/zone.js/fesm2015/zone.js:398:28)
	    at ProxyZoneSpec.onInvoke (node_modules/zone.js/fesm2015/zone-testing.js:2132:39)
	    at _ZoneDelegate.invoke (node_modules/zone.js/fesm2015/zone.js:397:34)
	Error: <spyOn> : alert has already been spied upon
	Usage: spyOn(<object>, <methodName>)
	    at <Jasmine>
	    at UserContext.apply (src/app/pages/agent-dashboard/agent-dashboard.component.spec.ts:227:5)
	    at _ZoneDelegate.invoke (node_modules/zone.js/fesm2015/zone.js:398:28)
	    at ProxyZoneSpec.onInvoke (node_modules/zone.js/fesm2015/zone-testing.js:2132:39)
	    at _ZoneDelegate.invoke (node_modules/zone.js/fesm2015/zone.js:397:34)
	    at ZoneImpl.run (node_modules/zone.js/fesm2015/zone.js:113:43)
	    at runInTestZone (node_modules/zone.js/fesm2015/zone-testing.js:216:38)
	    at UserContext.<anonymous> (node_modules/zone.js/fesm2015/zone-testing.js:234:32)
Chrome Headless 140.0.0.0 (Windows 10): Executed 115 of 265[31m (2 FAILED)[39m (0 secs / 0.795 secs)
[1A[2KLOG: [36m'API Response:', [Object{_id: '1', code: 'LIFE001', title: 'Term Life Insurance', description: 'Comprehensive life coverage', premium: 2500, termMonths: 240, minSumInsured: 1000000, maxSumInsured: 10000000, category: 'life', features: [..., ...], createdAt: Tue Sep 30 2025 14:40:57 GMT+0530 (India Standard Time), imageUrl: 'https://example.com/image1.jpg'}, Object{_id: '2', code: 'HEALTH001', title: 'Family Health Insurance', description: 'Complete health coverage', premium: 1800, termMonths: 12, minSumInsured: 500000, maxSumInsured: 5000000, category: 'health', features: [..., ...], createdAt: Tue Sep 30 2025 14:40:57 GMT+0530 (India Standard Time), imageUrl: 'https://example.com/image2.jpg'}][39m
Chrome Headless 140.0.0.0 (Windows 10): Executed 115 of 265[31m (2 FAILED)[39m (0 secs / 0.795 secs)
LOG: 'API Response:', [Object{_id: '1', code: 'LIFE001', title: 'Term Life Insurance', description: 'Comprehensive life coverage', premium: 2500, termMonths: 240, minSumInsured: 1000000, maxSumInsured: 10000000, category: 'life', features: [..., ...], createdAt: Tue Sep 30 2025 14:40:57 GMT+0530 (India Standard Time), imageUrl: 'https://example.com/image1.jpg'}, Object{_id: '2', code: 'HEALTH001', title: 'Family Health Insurance', description: 'Complete health coverage', premium: 1800, termMonths: 12, minSumInsured: 500000, maxSumInsured: 5000000, category: 'health', features: [..., ...], createdAt: Tue Sep 30 2025 14:40:57 GMT+0530 (India Standard Time), imageUrl: 'https://example.com/image2.jpg'}]
[1A[2KLOG: [36m'Loaded policies:', 2[39m
Chrome Headless 140.0.0.0 (Windows 10): Executed 115 of 265[31m (2 FAILED)[39m (0 secs / 0.795 secs)
LOG: 'Loaded policies:', 2
[1A[2KLOG: [36m'API Response:', [Object{_id: '1', code: 'LIFE001', title: 'Term Life Insurance', description: 'Comprehensive life coverage', premium: 2500, termMonths: 240, minSumInsured: 1000000, maxSumInsured: 10000000, category: 'life', features: [..., ...], createdAt: Tue Sep 30 2025 14:40:57 GMT+0530 (India Standard Time), imageUrl: 'https://example.com/image1.jpg'}, Object{_id: '2', code: 'HEALTH001', title: 'Family Health Insurance', description: 'Complete health coverage', premium: 1800, termMonths: 12, minSumInsured: 500000, maxSumInsured: 5000000, category: 'health', features: [..., ...], createdAt: Tue Sep 30 2025 14:40:57 GMT+0530 (India Standard Time), imageUrl: 'https://example.com/image2.jpg'}][39m
Chrome Headless 140.0.0.0 (Windows 10): Executed 115 of 265[31m (2 FAILED)[39m (0 secs / 0.795 secs)
LOG: 'API Response:', [Object{_id: '1', code: 'LIFE001', title: 'Term Life Insurance', description: 'Comprehensive life coverage', premium: 2500, termMonths: 240, minSumInsured: 1000000, maxSumInsured: 10000000, category: 'life', features: [..., ...], createdAt: Tue Sep 30 2025 14:40:57 GMT+0530 (India Standard Time), imageUrl: 'https://example.com/image1.jpg'}, Object{_id: '2', code: 'HEALTH001', title: 'Family Health Insurance', description: 'Complete health coverage', premium: 1800, termMonths: 12, minSumInsured: 500000, maxSumInsured: 5000000, category: 'health', features: [..., ...], createdAt: Tue Sep 30 2025 14:40:57 GMT+0530 (India Standard Time), imageUrl: 'https://example.com/image2.jpg'}]
[1A[2KLOG: [36m'Loaded policies:', 2[39m
Chrome Headless 140.0.0.0 (Windows 10): Executed 115 of 265[31m (2 FAILED)[39m (0 secs / 0.795 secs)
LOG: 'Loaded policies:', 2
[1A[2KERROR: [36m'Error loading policies:', Error: API Error
Error: API Error
    at errorFactory (http://localhost:9877/_karma_webpack_/webpack:/src/app/pages/policies/policies.component.spec.ts:110:61)
    at Observable._subscribe (http://localhost:9877/_karma_webpack_/webpack:/node_modules/rxjs/dist/esm/internal/observable/throwError.js:5:51)
    at Observable._trySubscribe (http://localhost:9877/_karma_webpack_/webpack:/node_modules/rxjs/dist/esm/internal/Observable.js:37:25)
    at cb (http://localhost:9877/_karma_webpack_/webpack:/node_modules/rxjs/dist/esm/internal/Observable.js:31:30)
    at errorContext (http://localhost:9877/_karma_webpack_/webpack:/node_modules/rxjs/dist/esm/internal/util/errorContext.js:19:9)
    at Observable.subscribe (http://localhost:9877/_karma_webpack_/webpack:/node_modules/rxjs/dist/esm/internal/Observable.js:22:21)
    at PoliciesComponent.loadPolicies (http://localhost:9877/_karma_webpack_/webpack:/src/app/pages/policies/policies.component.ts:340:35)
    at UserContext.apply (http://localhost:9877/_karma_webpack_/webpack:/src/app/pages/policies/policies.component.spec.ts:111:15)
    at _ZoneDelegate.invoke (http://localhost:9877/_karma_webpack_/webpack:/node_modules/zone.js/fesm2015/zone.js:398:28)
    at ProxyZoneSpec.onInvoke (http://localhost:9877/_karma_webpack_/webpack:/node_modules/zone.js/fesm2015/zone-testing.js:2132:39)[39m
Chrome Headless 140.0.0.0 (Windows 10): Executed 115 of 265[31m (2 FAILED)[39m (0 secs / 0.795 secs)
ERROR: 'Error loading policies:', Error: API Error
Error: API Error
    at errorFactory (http://localhost:9877/_karma_webpack_/webpack:/src/app/pages/policies/policies.component.spec.ts:110:61)
    at Observable._subscribe (http://localhost:9877/_karma_webpack_/webpack:/node_modules/rxjs/dist/esm/internal/observable/throwError.js:5:51)
    at Observable._trySubscribe (http://localhost:9877/_karma_webpack_/webpack:/node_modules/rxjs/dist/esm/internal/Observable.js:37:25)
    at cb (http://localhost:9877/_karma_webpack_/webpack:/node_modules/rxjs/dist/esm/internal/Observable.js:31:30)
    at errorContext (http://localhost:9877/_karma_webpack_/webpack:/node_modules/rxjs/dist/esm/internal/util/errorContext.js:19:9)
    at Observable.subscribe (http://localhost:9877/_karma_webpack_/webpack:/node_modules/rxjs/dist/esm/internal/Observable.js:22:21)
    at PoliciesComponent.loadPolicies (http://localhost:9877/_karma_webpack_/webpack:/src/app/pages/policies/policies.component.ts:340:35)
    at UserContext.apply (http://localhost:9877/_karma_webpack_/webpack:/src/app/pages/policies/policies.component.spec.ts:111:15)
    at _ZoneDelegate.invoke (http://localhost:9877/_karma_webpack_/webpack:/node_modules/zone.js/fesm2015/zone.js:398:28)
    at ProxyZoneSpec.onInvoke (http://localhost:9877/_karma_webpack_/webpack:/node_modules/zone.js/fesm2015/zone-testing.js:2132:39)
[1A[2KLOG: [36m'Using fallback data:', 20[39m
Chrome Headless 140.0.0.0 (Windows 10): Executed 115 of 265[31m (2 FAILED)[39m (0 secs / 0.795 secs)
LOG: 'Using fallback data:', 20
[1A[2KLOG: [36m'API Response:', [][39m
Chrome Headless 140.0.0.0 (Windows 10): Executed 115 of 265[31m (2 FAILED)[39m (0 secs / 0.795 secs)
LOG: 'API Response:', []
[1A[2KLOG: [36m'Loaded policies:', 0[39m
Chrome Headless 140.0.0.0 (Windows 10): Executed 115 of 265[31m (2 FAILED)[39m (0 secs / 0.795 secs)
LOG: 'Loaded policies:', 0
[1A[2KLOG: [36m'API Response:', Object{data: [Object{_id: ..., code: ..., title: ..., description: ..., premium: ..., termMonths: ..., minSumInsured: ..., maxSumInsured: ..., category: ..., features: ..., createdAt: ..., imageUrl: ...}, Object{_id: ..., code: ..., title: ..., description: ..., premium: ..., termMonths: ..., minSumInsured: ..., maxSumInsured: ..., category: ..., features: ..., createdAt: ..., imageUrl: ...}]}[39m
Chrome Headless 140.0.0.0 (Windows 10): Executed 115 of 265[31m (2 FAILED)[39m (0 secs / 0.795 secs)
LOG: 'API Response:', Object{data: [Object{_id: ..., code: ..., title: ..., description: ..., premium: ..., termMonths: ..., minSumInsured: ..., maxSumInsured: ..., category: ..., features: ..., createdAt: ..., imageUrl: ...}, Object{_id: ..., code: ..., title: ..., description: ..., premium: ..., termMonths: ..., minSumInsured: ..., maxSumInsured: ..., category: ..., features: ..., createdAt: ..., imageUrl: ...}]}
[1A[2KLOG: [36m'Loaded policies:', 2[39m
Chrome Headless 140.0.0.0 (Windows 10): Executed 115 of 265[31m (2 FAILED)[39m (0 secs / 0.795 secs)
LOG: 'Loaded policies:', 2
[1A[2KChrome Headless 140.0.0.0 (Windows 10): Executed 116 of 265[31m (2 FAILED)[39m (0 secs / 0.849 secs)
[1A[2KLOG: [36m'Opening purchase modal for policy:', Object{_id: '1', code: 'LIFE001', title: 'Term Life Insurance', description: 'Comprehensive life coverage', premium: 2500, termMonths: 240, minSumInsured: 1000000, maxSumInsured: 10000000, category: 'life', features: ['Death benefit', 'Accidental death benefit'], createdAt: Tue Sep 30 2025 14:40:57 GMT+0530 (India Standard Time), imageUrl: 'https://example.com/image1.jpg'}[39m
Chrome Headless 140.0.0.0 (Windows 10): Executed 116 of 265[31m (2 FAILED)[39m (0 secs / 0.849 secs)
LOG: 'Opening purchase modal for policy:', Object{_id: '1', code: 'LIFE001', title: 'Term Life Insurance', description: 'Comprehensive life coverage', premium: 2500, termMonths: 240, minSumInsured: 1000000, maxSumInsured: 10000000, category: 'life', features: ['Death benefit', 'Accidental death benefit'], createdAt: Tue Sep 30 2025 14:40:57 GMT+0530 (India Standard Time), imageUrl: 'https://example.com/image1.jpg'}
[1A[2KLOG: [36m'Modal opened with data:', Object{startDate: '2025-09-30', termMonths: 240, nominee: Object{name: '', relation: ''}, paymentMethod: 'credit_card'}[39m
Chrome Headless 140.0.0.0 (Windows 10): Executed 116 of 265[31m (2 FAILED)[39m (0 secs / 0.849 secs)
LOG: 'Modal opened with data:', Object{startDate: '2025-09-30', termMonths: 240, nominee: Object{name: '', relation: ''}, paymentMethod: 'credit_card'}
[1A[2KChrome Headless 140.0.0.0 (Windows 10): Executed 117 of 265[31m (2 FAILED)[39m (0 secs / 0.854 secs)
[1A[2KLOG: [36m'Proceed to payment called', Object{startDate: '2025-01-01', termMonths: 12, nominee: Object{name: 'John Doe', relation: 'spouse'}, paymentMethod: 'credit_card'}[39m
Chrome Headless 140.0.0.0 (Windows 10): Executed 117 of 265[31m (2 FAILED)[39m (0 secs / 0.854 secs)
LOG: 'Proceed to payment called', Object{startDate: '2025-01-01', termMonths: 12, nominee: Object{name: 'John Doe', relation: 'spouse'}, paymentMethod: 'credit_card'}
[1A[2KLOG: [36m'Moving to confirmation step'[39m
Chrome Headless 140.0.0.0 (Windows 10): Executed 117 of 265[31m (2 FAILED)[39m (0 secs / 0.854 secs)
LOG: 'Moving to confirmation step'
[1A[2KLOG: [36m'Proceed to payment called', Object{startDate: '', termMonths: 12, nominee: Object{name: '', relation: ''}, paymentMethod: 'credit_card'}[39m
Chrome Headless 140.0.0.0 (Windows 10): Executed 117 of 265[31m (2 FAILED)[39m (0 secs / 0.854 secs)
LOG: 'Proceed to payment called', Object{startDate: '', termMonths: 12, nominee: Object{name: '', relation: ''}, paymentMethod: 'credit_card'}
[1A[2KLOG: [36m'Validation failed:', Object{startDate: '', nomineeName: '', nomineeRelation: ''}[39m
Chrome Headless 140.0.0.0 (Windows 10): Executed 117 of 265[31m (2 FAILED)[39m (0 secs / 0.854 secs)
LOG: 'Validation failed:', Object{startDate: '', nomineeName: '', nomineeRelation: ''}
[1A[2KLOG: [36m'Policy purchase successful:', Object{success: true, data: Object{_id: 'policy1', status: 'ACTIVE'}}[39m
Chrome Headless 140.0.0.0 (Windows 10): Executed 117 of 265[31m (2 FAILED)[39m (0 secs / 0.854 secs)
LOG: 'Policy purchase successful:', Object{success: true, data: Object{_id: 'policy1', status: 'ACTIVE'}}
[1A[2KERROR: [36m'Error purchasing policy:', Object{error: Object{message: 'Purchase failed'}}[39m
Chrome Headless 140.0.0.0 (Windows 10): Executed 117 of 265[31m (2 FAILED)[39m (0 secs / 0.854 secs)
ERROR: 'Error purchasing policy:', Object{error: Object{message: 'Purchase failed'}}
[1A[2KLOG: [36m'Confirm payment called'[39m
Chrome Headless 140.0.0.0 (Windows 10): Executed 117 of 265[31m (2 FAILED)[39m (0 secs / 0.854 secs)
LOG: 'Confirm payment called'
[1A[2KLOG: [36m'API Response:', [Object{_id: '1', code: 'LIFE001', title: 'Term Life Insurance', description: 'Comprehensive life coverage', premium: 2500, termMonths: 240, minSumInsured: 1000000, maxSumInsured: 10000000, category: 'life', features: [..., ...], createdAt: Tue Sep 30 2025 14:40:57 GMT+0530 (India Standard Time), imageUrl: 'https://example.com/image1.jpg'}, Object{_id: '2', code: 'HEALTH001', title: 'Family Health Insurance', description: 'Complete health coverage', premium: 1800, termMonths: 12, minSumInsured: 500000, maxSumInsured: 5000000, category: 'health', features: [..., ...], createdAt: Tue Sep 30 2025 14:40:57 GMT+0530 (India Standard Time), imageUrl: 'https://example.com/image2.jpg'}][39m
Chrome Headless 140.0.0.0 (Windows 10): Executed 117 of 265[31m (2 FAILED)[39m (0 secs / 0.854 secs)
LOG: 'API Response:', [Object{_id: '1', code: 'LIFE001', title: 'Term Life Insurance', description: 'Comprehensive life coverage', premium: 2500, termMonths: 240, minSumInsured: 1000000, maxSumInsured: 10000000, category: 'life', features: [..., ...], createdAt: Tue Sep 30 2025 14:40:57 GMT+0530 (India Standard Time), imageUrl: 'https://example.com/image1.jpg'}, Object{_id: '2', code: 'HEALTH001', title: 'Family Health Insurance', description: 'Complete health coverage', premium: 1800, termMonths: 12, minSumInsured: 500000, maxSumInsured: 5000000, category: 'health', features: [..., ...], createdAt: Tue Sep 30 2025 14:40:57 GMT+0530 (India Standard Time), imageUrl: 'https://example.com/image2.jpg'}]
[1A[2KLOG: [36m'Loaded policies:', 2[39m
Chrome Headless 140.0.0.0 (Windows 10): Executed 117 of 265[31m (2 FAILED)[39m (0 secs / 0.854 secs)
LOG: 'Loaded policies:', 2
[1A[2K[31mChrome Headless 140.0.0.0 (Windows 10) PoliciesComponent should handle payment validation, processing, and utility functions FAILED[39m
	Expected 'confirmation' to be 'form'.
	    at <Jasmine>
	    at UserContext.apply (src/app/pages/policies/policies.component.spec.ts:182:35)
	    at _ZoneDelegate.invoke (node_modules/zone.js/fesm2015/zone.js:398:28)
	    at ProxyZoneSpec.onInvoke (node_modules/zone.js/fesm2015/zone-testing.js:2132:39)
	    at _ZoneDelegate.invoke (node_modules/zone.js/fesm2015/zone.js:397:34)
Chrome Headless 140.0.0.0 (Windows 10): Executed 118 of 265[31m (3 FAILED)[39m (0 secs / 0.867 secs)
[1A[2K[31mChrome Headless 140.0.0.0 (Windows 10) ClaimsComponent should handle claim form operations and submission FAILED[39m
	Expected true to be false.
	    at <Jasmine>
	    at UserContext.apply (src/app/pages/claims/claims.component.spec.ts:190:37)
	    at _ZoneDelegate.invoke (node_modules/zone.js/fesm2015/zone.js:398:28)
	    at ProxyZoneSpec.onInvoke (node_modules/zone.js/fesm2015/zone-testing.js:2132:39)
	    at _ZoneDelegate.invoke (node_modules/zone.js/fesm2015/zone.js:397:34)
	Expected spy ApiService.submitClaim not to have been called.
	    at <Jasmine>
	    at UserContext.apply (src/app/pages/claims/claims.component.spec.ts:221:40)
	    at _ZoneDelegate.invoke (node_modules/zone.js/fesm2015/zone.js:398:28)
	    at ProxyZoneSpec.onInvoke (node_modules/zone.js/fesm2015/zone-testing.js:2132:39)
	    at _ZoneDelegate.invoke (node_modules/zone.js/fesm2015/zone.js:397:34)
Chrome Headless 140.0.0.0 (Windows 10): Executed 119 of 265[31m (4 FAILED)[39m (0 secs / 0.887 secs)
[1A[2KLOG: [36m'User policies response:', [Object{_id: 'policy1', userId: 'user1', policyProductId: 'product1', status: 'ACTIVE', startDate: Wed Jan 01 2025 05:30:00 GMT+0530 (India Standard Time), endDate: Thu Jan 01 2026 05:30:00 GMT+0530 (India Standard Time), premiumPaid: 5000, nominee: Object{name: ..., relation: ...}, createdAt: Tue Sep 30 2025 14:40:57 GMT+0530 (India Standard Time), policyProduct: Object{_id: ..., title: ..., code: ..., description: ..., premium: ..., termMonths: ..., minSumInsured: ..., maxSumInsured: ..., category: ..., features: ..., createdAt: ..., imageUrl: ...}}, Object{_id: 'policy2', userId: 'user1', policyProductId: 'product2', status: 'ACTIVE', startDate: Wed Jan 01 2025 05:30:00 GMT+0530 (India Standard Time), endDate: Thu Jan 01 2026 05:30:00 GMT+0530 (India Standard Time), premiumPaid: 3000, nominee: Object{name: ..., relation: ...}, createdAt: Tue Sep 30 2025 14:40:57 GMT+0530 (India Standard Time), policyProduct: Object{_id: ..., title: ..., code: ..., description: ..., premium: ..., termMonths: ..., minSumInsured: ..., maxSumInsured: ..., category: ..., features: ..., createdAt: ..., imageUrl: ...}}][39m
Chrome Headless 140.0.0.0 (Windows 10): Executed 119 of 265[31m (4 FAILED)[39m (0 secs / 0.887 secs)
LOG: 'User policies response:', [Object{_id: 'policy1', userId: 'user1', policyProductId: 'product1', status: 'ACTIVE', startDate: Wed Jan 01 2025 05:30:00 GMT+0530 (India Standard Time), endDate: Thu Jan 01 2026 05:30:00 GMT+0530 (India Standard Time), premiumPaid: 5000, nominee: Object{name: ..., relation: ...}, createdAt: Tue Sep 30 2025 14:40:57 GMT+0530 (India Standard Time), policyProduct: Object{_id: ..., title: ..., code: ..., description: ..., premium: ..., termMonths: ..., minSumInsured: ..., maxSumInsured: ..., category: ..., features: ..., createdAt: ..., imageUrl: ...}}, Object{_id: 'policy2', userId: 'user1', policyProductId: 'product2', status: 'ACTIVE', startDate: Wed Jan 01 2025 05:30:00 GMT+0530 (India Standard Time), endDate: Thu Jan 01 2026 05:30:00 GMT+0530 (India Standard Time), premiumPaid: 3000, nominee: Object{name: ..., relation: ...}, createdAt: Tue Sep 30 2025 14:40:57 GMT+0530 (India Standard Time), policyProduct: Object{_id: ..., title: ..., code: ..., description: ..., premium: ..., termMonths: ..., minSumInsured: ..., maxSumInsured: ..., category: ..., features: ..., createdAt: ..., imageUrl: ...}}]
[1A[2KLOG: [36m'Active policies for claims:', [Object{_id: 'policy1', userId: 'user1', policyProductId: 'product1', status: 'ACTIVE', startDate: Wed Jan 01 2025 05:30:00 GMT+0530 (India Standard Time), endDate: Thu Jan 01 2026 05:30:00 GMT+0530 (India Standard Time), premiumPaid: 5000, nominee: Object{name: ..., relation: ...}, createdAt: Tue Sep 30 2025 14:40:57 GMT+0530 (India Standard Time), policyProduct: Object{_id: ..., title: ..., code: ..., description: ..., premium: ..., termMonths: ..., minSumInsured: ..., maxSumInsured: ..., category: ..., features: ..., createdAt: ..., imageUrl: ...}}, Object{_id: 'policy2', userId: 'user1', policyProductId: 'product2', status: 'ACTIVE', startDate: Wed Jan 01 2025 05:30:00 GMT+0530 (India Standard Time), endDate: Thu Jan 01 2026 05:30:00 GMT+0530 (India Standard Time), premiumPaid: 3000, nominee: Object{name: ..., relation: ...}, createdAt: Tue Sep 30 2025 14:40:57 GMT+0530 (India Standard Time), policyProduct: Object{_id: ..., title: ..., code: ..., description: ..., premium: ..., termMonths: ..., minSumInsured: ..., maxSumInsured: ..., category: ..., features: ..., createdAt: ..., imageUrl: ...}}][39m
Chrome Headless 140.0.0.0 (Windows 10): Executed 119 of 265[31m (4 FAILED)[39m (0 secs / 0.887 secs)
LOG: 'Active policies for claims:', [Object{_id: 'policy1', userId: 'user1', policyProductId: 'product1', status: 'ACTIVE', startDate: Wed Jan 01 2025 05:30:00 GMT+0530 (India Standard Time), endDate: Thu Jan 01 2026 05:30:00 GMT+0530 (India Standard Time), premiumPaid: 5000, nominee: Object{name: ..., relation: ...}, createdAt: Tue Sep 30 2025 14:40:57 GMT+0530 (India Standard Time), policyProduct: Object{_id: ..., title: ..., code: ..., description: ..., premium: ..., termMonths: ..., minSumInsured: ..., maxSumInsured: ..., category: ..., features: ..., createdAt: ..., imageUrl: ...}}, Object{_id: 'policy2', userId: 'user1', policyProductId: 'product2', status: 'ACTIVE', startDate: Wed Jan 01 2025 05:30:00 GMT+0530 (India Standard Time), endDate: Thu Jan 01 2026 05:30:00 GMT+0530 (India Standard Time), premiumPaid: 3000, nominee: Object{name: ..., relation: ...}, createdAt: Tue Sep 30 2025 14:40:57 GMT+0530 (India Standard Time), policyProduct: Object{_id: ..., title: ..., code: ..., description: ..., premium: ..., termMonths: ..., minSumInsured: ..., maxSumInsured: ..., category: ..., features: ..., createdAt: ..., imageUrl: ...}}]
[1A[2KLOG: [36m'Policy details:', [Object{id: 'policy1', title: 'Health Insurance', code: 'HI001', status: 'ACTIVE'}, Object{id: 'policy2', title: 'Life Insurance', code: 'LI001', status: 'ACTIVE'}][39m
Chrome Headless 140.0.0.0 (Windows 10): Executed 119 of 265[31m (4 FAILED)[39m (0 secs / 0.887 secs)
LOG: 'Policy details:', [Object{id: 'policy1', title: 'Health Insurance', code: 'HI001', status: 'ACTIVE'}, Object{id: 'policy2', title: 'Life Insurance', code: 'LI001', status: 'ACTIVE'}]
[1A[2KERROR: [36m'Error loading claims:', Error: API Error
Error: API Error
    at errorFactory (http://localhost:9877/_karma_webpack_/webpack:/src/app/pages/claims/claims.component.spec.ts:157:59)
    at Observable._subscribe (http://localhost:9877/_karma_webpack_/webpack:/node_modules/rxjs/dist/esm/internal/observable/throwError.js:5:51)
    at Observable._trySubscribe (http://localhost:9877/_karma_webpack_/webpack:/node_modules/rxjs/dist/esm/internal/Observable.js:37:25)
    at cb (http://localhost:9877/_karma_webpack_/webpack:/node_modules/rxjs/dist/esm/internal/Observable.js:31:30)
    at errorContext (http://localhost:9877/_karma_webpack_/webpack:/node_modules/rxjs/dist/esm/internal/util/errorContext.js:19:9)
    at Observable.subscribe (http://localhost:9877/_karma_webpack_/webpack:/node_modules/rxjs/dist/esm/internal/Observable.js:22:21)
    at ClaimsComponent.loadClaims (http://localhost:9877/_karma_webpack_/webpack:/src/app/pages/claims/claims.component.ts:49:33)
    at UserContext.apply (http://localhost:9877/_karma_webpack_/webpack:/src/app/pages/claims/claims.component.spec.ts:158:15)
    at _ZoneDelegate.invoke (http://localhost:9877/_karma_webpack_/webpack:/node_modules/zone.js/fesm2015/zone.js:398:28)
    at ProxyZoneSpec.onInvoke (http://localhost:9877/_karma_webpack_/webpack:/node_modules/zone.js/fesm2015/zone-testing.js:2132:39)[39m
Chrome Headless 140.0.0.0 (Windows 10): Executed 119 of 265[31m (4 FAILED)[39m (0 secs / 0.887 secs)
ERROR: 'Error loading claims:', Error: API Error
Error: API Error
    at errorFactory (http://localhost:9877/_karma_webpack_/webpack:/src/app/pages/claims/claims.component.spec.ts:157:59)
    at Observable._subscribe (http://localhost:9877/_karma_webpack_/webpack:/node_modules/rxjs/dist/esm/internal/observable/throwError.js:5:51)
    at Observable._trySubscribe (http://localhost:9877/_karma_webpack_/webpack:/node_modules/rxjs/dist/esm/internal/Observable.js:37:25)
    at cb (http://localhost:9877/_karma_webpack_/webpack:/node_modules/rxjs/dist/esm/internal/Observable.js:31:30)
    at errorContext (http://localhost:9877/_karma_webpack_/webpack:/node_modules/rxjs/dist/esm/internal/util/errorContext.js:19:9)
    at Observable.subscribe (http://localhost:9877/_karma_webpack_/webpack:/node_modules/rxjs/dist/esm/internal/Observable.js:22:21)
    at ClaimsComponent.loadClaims (http://localhost:9877/_karma_webpack_/webpack:/src/app/pages/claims/claims.component.ts:49:33)
    at UserContext.apply (http://localhost:9877/_karma_webpack_/webpack:/src/app/pages/claims/claims.component.spec.ts:158:15)
    at _ZoneDelegate.invoke (http://localhost:9877/_karma_webpack_/webpack:/node_modules/zone.js/fesm2015/zone.js:398:28)
    at ProxyZoneSpec.onInvoke (http://localhost:9877/_karma_webpack_/webpack:/node_modules/zone.js/fesm2015/zone-testing.js:2132:39)
[1A[2KLOG: [36m'User policies response:', [Object{_id: 'policy1', userId: 'user1', policyProductId: 'product1', status: 'ACTIVE', startDate: Wed Jan 01 2025 05:30:00 GMT+0530 (India Standard Time), endDate: Thu Jan 01 2026 05:30:00 GMT+0530 (India Standard Time), premiumPaid: 5000, nominee: Object{name: ..., relation: ...}, createdAt: Tue Sep 30 2025 14:40:57 GMT+0530 (India Standard Time), policyProduct: Object{_id: ..., title: ..., code: ..., description: ..., premium: ..., termMonths: ..., minSumInsured: ..., maxSumInsured: ..., category: ..., features: ..., createdAt: ..., imageUrl: ...}}, Object{_id: 'policy2', userId: 'user1', policyProductId: 'product2', status: 'ACTIVE', startDate: Wed Jan 01 2025 05:30:00 GMT+0530 (India Standard Time), endDate: Thu Jan 01 2026 05:30:00 GMT+0530 (India Standard Time), premiumPaid: 3000, nominee: Object{name: ..., relation: ...}, createdAt: Tue Sep 30 2025 14:40:57 GMT+0530 (India Standard Time), policyProduct: Object{_id: ..., title: ..., code: ..., description: ..., premium: ..., termMonths: ..., minSumInsured: ..., maxSumInsured: ..., category: ..., features: ..., createdAt: ..., imageUrl: ...}}, Object{_id: 'policy3', status: 'INACTIVE', policyProduct: Object{title: ...}}][39m
Chrome Headless 140.0.0.0 (Windows 10): Executed 119 of 265[31m (4 FAILED)[39m (0 secs / 0.887 secs)
LOG: 'User policies response:', [Object{_id: 'policy1', userId: 'user1', policyProductId: 'product1', status: 'ACTIVE', startDate: Wed Jan 01 2025 05:30:00 GMT+0530 (India Standard Time), endDate: Thu Jan 01 2026 05:30:00 GMT+0530 (India Standard Time), premiumPaid: 5000, nominee: Object{name: ..., relation: ...}, createdAt: Tue Sep 30 2025 14:40:57 GMT+0530 (India Standard Time), policyProduct: Object{_id: ..., title: ..., code: ..., description: ..., premium: ..., termMonths: ..., minSumInsured: ..., maxSumInsured: ..., category: ..., features: ..., createdAt: ..., imageUrl: ...}}, Object{_id: 'policy2', userId: 'user1', policyProductId: 'product2', status: 'ACTIVE', startDate: Wed Jan 01 2025 05:30:00 GMT+0530 (India Standard Time), endDate: Thu Jan 01 2026 05:30:00 GMT+0530 (India Standard Time), premiumPaid: 3000, nominee: Object{name: ..., relation: ...}, createdAt: Tue Sep 30 2025 14:40:57 GMT+0530 (India Standard Time), policyProduct: Object{_id: ..., title: ..., code: ..., description: ..., premium: ..., termMonths: ..., minSumInsured: ..., maxSumInsured: ..., category: ..., features: ..., createdAt: ..., imageUrl: ...}}, Object{_id: 'policy3', status: 'INACTIVE', policyProduct: Object{title: ...}}]
[1A[2KLOG: [36m'Active policies for claims:', [Object{_id: 'policy1', userId: 'user1', policyProductId: 'product1', status: 'ACTIVE', startDate: Wed Jan 01 2025 05:30:00 GMT+0530 (India Standard Time), endDate: Thu Jan 01 2026 05:30:00 GMT+0530 (India Standard Time), premiumPaid: 5000, nominee: Object{name: ..., relation: ...}, createdAt: Tue Sep 30 2025 14:40:57 GMT+0530 (India Standard Time), policyProduct: Object{_id: ..., title: ..., code: ..., description: ..., premium: ..., termMonths: ..., minSumInsured: ..., maxSumInsured: ..., category: ..., features: ..., createdAt: ..., imageUrl: ...}}, Object{_id: 'policy2', userId: 'user1', policyProductId: 'product2', status: 'ACTIVE', startDate: Wed Jan 01 2025 05:30:00 GMT+0530 (India Standard Time), endDate: Thu Jan 01 2026 05:30:00 GMT+0530 (India Standard Time), premiumPaid: 3000, nominee: Object{name: ..., relation: ...}, createdAt: Tue Sep 30 2025 14:40:57 GMT+0530 (India Standard Time), policyProduct: Object{_id: ..., title: ..., code: ..., description: ..., premium: ..., termMonths: ..., minSumInsured: ..., maxSumInsured: ..., category: ..., features: ..., createdAt: ..., imageUrl: ...}}][39m
Chrome Headless 140.0.0.0 (Windows 10): Executed 119 of 265[31m (4 FAILED)[39m (0 secs / 0.887 secs)
LOG: 'Active policies for claims:', [Object{_id: 'policy1', userId: 'user1', policyProductId: 'product1', status: 'ACTIVE', startDate: Wed Jan 01 2025 05:30:00 GMT+0530 (India Standard Time), endDate: Thu Jan 01 2026 05:30:00 GMT+0530 (India Standard Time), premiumPaid: 5000, nominee: Object{name: ..., relation: ...}, createdAt: Tue Sep 30 2025 14:40:57 GMT+0530 (India Standard Time), policyProduct: Object{_id: ..., title: ..., code: ..., description: ..., premium: ..., termMonths: ..., minSumInsured: ..., maxSumInsured: ..., category: ..., features: ..., createdAt: ..., imageUrl: ...}}, Object{_id: 'policy2', userId: 'user1', policyProductId: 'product2', status: 'ACTIVE', startDate: Wed Jan 01 2025 05:30:00 GMT+0530 (India Standard Time), endDate: Thu Jan 01 2026 05:30:00 GMT+0530 (India Standard Time), premiumPaid: 3000, nominee: Object{name: ..., relation: ...}, createdAt: Tue Sep 30 2025 14:40:57 GMT+0530 (India Standard Time), policyProduct: Object{_id: ..., title: ..., code: ..., description: ..., premium: ..., termMonths: ..., minSumInsured: ..., maxSumInsured: ..., category: ..., features: ..., createdAt: ..., imageUrl: ...}}]
[1A[2KLOG: [36m'Policy details:', [Object{id: 'policy1', title: 'Health Insurance', code: 'HI001', status: 'ACTIVE'}, Object{id: 'policy2', title: 'Life Insurance', code: 'LI001', status: 'ACTIVE'}][39m
Chrome Headless 140.0.0.0 (Windows 10): Executed 119 of 265[31m (4 FAILED)[39m (0 secs / 0.887 secs)
LOG: 'Policy details:', [Object{id: 'policy1', title: 'Health Insurance', code: 'HI001', status: 'ACTIVE'}, Object{id: 'policy2', title: 'Life Insurance', code: 'LI001', status: 'ACTIVE'}]
[1A[2KERROR: [36m'Error loading user policies:', Error: API Error
Error: API Error
    at errorFactory (http://localhost:9877/_karma_webpack_/webpack:/src/app/pages/claims/claims.component.spec.ts:172:65)
    at Observable._subscribe (http://localhost:9877/_karma_webpack_/webpack:/node_modules/rxjs/dist/esm/internal/observable/throwError.js:5:51)
    at Observable._trySubscribe (http://localhost:9877/_karma_webpack_/webpack:/node_modules/rxjs/dist/esm/internal/Observable.js:37:25)
    at cb (http://localhost:9877/_karma_webpack_/webpack:/node_modules/rxjs/dist/esm/internal/Observable.js:31:30)
    at errorContext (http://localhost:9877/_karma_webpack_/webpack:/node_modules/rxjs/dist/esm/internal/util/errorContext.js:19:9)
    at Observable.subscribe (http://localhost:9877/_karma_webpack_/webpack:/node_modules/rxjs/dist/esm/internal/Observable.js:22:21)
    at ClaimsComponent.loadUserPolicies (http://localhost:9877/_karma_webpack_/webpack:/src/app/pages/claims/claims.component.ts:63:39)
    at UserContext.apply (http://localhost:9877/_karma_webpack_/webpack:/src/app/pages/claims/claims.component.spec.ts:173:15)
    at _ZoneDelegate.invoke (http://localhost:9877/_karma_webpack_/webpack:/node_modules/zone.js/fesm2015/zone.js:398:28)
    at ProxyZoneSpec.onInvoke (http://localhost:9877/_karma_webpack_/webpack:/node_modules/zone.js/fesm2015/zone-testing.js:2132:39)[39m
Chrome Headless 140.0.0.0 (Windows 10): Executed 119 of 265[31m (4 FAILED)[39m (0 secs / 0.887 secs)
ERROR: 'Error loading user policies:', Error: API Error
Error: API Error
    at errorFactory (http://localhost:9877/_karma_webpack_/webpack:/src/app/pages/claims/claims.component.spec.ts:172:65)
    at Observable._subscribe (http://localhost:9877/_karma_webpack_/webpack:/node_modules/rxjs/dist/esm/internal/observable/throwError.js:5:51)
    at Observable._trySubscribe (http://localhost:9877/_karma_webpack_/webpack:/node_modules/rxjs/dist/esm/internal/Observable.js:37:25)
    at cb (http://localhost:9877/_karma_webpack_/webpack:/node_modules/rxjs/dist/esm/internal/Observable.js:31:30)
    at errorContext (http://localhost:9877/_karma_webpack_/webpack:/node_modules/rxjs/dist/esm/internal/util/errorContext.js:19:9)
    at Observable.subscribe (http://localhost:9877/_karma_webpack_/webpack:/node_modules/rxjs/dist/esm/internal/Observable.js:22:21)
    at ClaimsComponent.loadUserPolicies (http://localhost:9877/_karma_webpack_/webpack:/src/app/pages/claims/claims.component.ts:63:39)
    at UserContext.apply (http://localhost:9877/_karma_webpack_/webpack:/src/app/pages/claims/claims.component.spec.ts:173:15)
    at _ZoneDelegate.invoke (http://localhost:9877/_karma_webpack_/webpack:/node_modules/zone.js/fesm2015/zone.js:398:28)
    at ProxyZoneSpec.onInvoke (http://localhost:9877/_karma_webpack_/webpack:/node_modules/zone.js/fesm2015/zone-testing.js:2132:39)
[1A[2KChrome Headless 140.0.0.0 (Windows 10): Executed 120 of 265[31m (4 FAILED)[39m (0 secs / 0.893 secs)
[1A[2KLOG: [36m'Claim cancelled successfully:', Object{success: true}[39m
Chrome Headless 140.0.0.0 (Windows 10): Executed 120 of 265[31m (4 FAILED)[39m (0 secs / 0.893 secs)
LOG: 'Claim cancelled successfully:', Object{success: true}
[1A[2KERROR: [36m'Error cancelling claim:', Object{error: Object{message: 'Cannot cancel claim'}}[39m
Chrome Headless 140.0.0.0 (Windows 10): Executed 120 of 265[31m (4 FAILED)[39m (0 secs / 0.893 secs)
ERROR: 'Error cancelling claim:', Object{error: Object{message: 'Cannot cancel claim'}}
[1A[2K[31mChrome Headless 140.0.0.0 (Windows 10) ClaimsComponent should handle utility functions, form management, and claim cancellation FAILED[39m
	Expected spy ApiService.cancelClaim not to have been called.
	    at <Jasmine>
	    at UserContext.apply (src/app/pages/claims/claims.component.spec.ts:285:40)
	    at _ZoneDelegate.invoke (node_modules/zone.js/fesm2015/zone.js:398:28)
	    at ProxyZoneSpec.onInvoke (node_modules/zone.js/fesm2015/zone-testing.js:2132:39)
	    at _ZoneDelegate.invoke (node_modules/zone.js/fesm2015/zone.js:397:34)
Chrome Headless 140.0.0.0 (Windows 10): Executed 121 of 265[31m (5 FAILED)[39m (0 secs / 0.897 secs)
[1A[2KChrome Headless 140.0.0.0 (Windows 10): Executed 122 of 265[31m (5 FAILED)[39m (0 secs / 0.897 secs)
[1A[2KChrome Headless 140.0.0.0 (Windows 10): Executed 123 of 265[31m (5 FAILED)[39m (0 secs / 0.897 secs)
[1A[2KChrome Headless 140.0.0.0 (Windows 10): Executed 124 of 265[31m (5 FAILED)[39m (0 secs / 0.914 secs)
[1A[2KChrome Headless 140.0.0.0 (Windows 10): Executed 125 of 265[31m (5 FAILED)[39m (0 secs / 0.917 secs)
[1A[2KChrome Headless 140.0.0.0 (Windows 10): Executed 126 of 265[31m (5 FAILED)[39m (0 secs / 0.92 secs)
[1A[2KChrome Headless 140.0.0.0 (Windows 10): Executed 127 of 265[31m (5 FAILED)[39m (0 secs / 0.924 secs)
[1A[2KChrome Headless 140.0.0.0 (Windows 10): Executed 128 of 265[31m (5 FAILED)[39m (0 secs / 0.927 secs)
[1A[2KChrome Headless 140.0.0.0 (Windows 10): Executed 129 of 265[31m (5 FAILED)[39m (0 secs / 0.932 secs)
[1A[2KChrome Headless 140.0.0.0 (Windows 10): Executed 130 of 265[31m (5 FAILED)[39m (0 secs / 0.936 secs)
[1A[2KChrome Headless 140.0.0.0 (Windows 10): Executed 131 of 265[31m (5 FAILED)[39m (0 secs / 0.939 secs)
[1A[2KChrome Headless 140.0.0.0 (Windows 10): Executed 132 of 265[31m (5 FAILED)[39m (0 secs / 0.942 secs)
[1A[2KLOG: [36m'Policy purchase successful:', Object{success: true, data: Object{_id: 'policy1', status: 'ACTIVE'}}[39m
Chrome Headless 140.0.0.0 (Windows 10): Executed 132 of 265[31m (5 FAILED)[39m (0 secs / 0.942 secs)
LOG: 'Policy purchase successful:', Object{success: true, data: Object{_id: 'policy1', status: 'ACTIVE'}}
[1A[2KChrome Headless 140.0.0.0 (Windows 10): Executed 133 of 265[31m (5 FAILED)[39m (0 secs / 0.945 secs)
[1A[2K[31mChrome Headless 140.0.0.0 (Windows 10) PolicyDetailComponent should handle purchase flow and authentication FAILED[39m
	Expected spy ApiService.purchasePolicy not to have been called.
	    at <Jasmine>
	    at UserContext.apply (src/app/pages/policy-detail/policy-detail.component.spec.ts:141:43)
	    at _ZoneDelegate.invoke (node_modules/zone.js/fesm2015/zone.js:398:28)
	    at ProxyZoneSpec.onInvoke (node_modules/zone.js/fesm2015/zone-testing.js:2132:39)
	    at _ZoneDelegate.invoke (node_modules/zone.js/fesm2015/zone.js:397:34)
Chrome Headless 140.0.0.0 (Windows 10): Executed 134 of 265[31m (6 FAILED)[39m (0 secs / 0.983 secs)
[1A[2K[31mChrome Headless 140.0.0.0 (Windows 10) PolicyDetailComponent should create, initialize, and load policy details FAILED[39m
	Expected Object({ _id: '1', code: 'LIFE001', title: 'Term Life Insurance', description: 'Comprehensive life coverage with flexible premium options and high sum assured.', premium: 2500, termMonths: 240, minSumInsured: 1000000, maxSumInsured: 10000000, category: 'life', features: [ 'Death benefit', 'Accidental death benefit', 'Terminal illness benefit', 'Premium waiver' ], createdAt: Date(Tue Sep 30 2025 14:40:58 GMT+0530 (India Standard Time)), imageUrl: 'https://images.unsplash.com/photo-1560472354-b33ff0c44a43?w=400&h=300&fit=crop' }) to be null.
	    at <Jasmine>
	    at UserContext.apply (src/app/pages/policy-detail/policy-detail.component.spec.ts:71:30)
	    at _ZoneDelegate.invoke (node_modules/zone.js/fesm2015/zone.js:398:28)
	    at ProxyZoneSpec.onInvoke (node_modules/zone.js/fesm2015/zone-testing.js:2132:39)
	    at _ZoneDelegate.invoke (node_modules/zone.js/fesm2015/zone.js:397:34)
	Expected false to be true.
	    at <Jasmine>
	    at UserContext.apply (src/app/pages/policy-detail/policy-detail.component.spec.ts:72:33)
	    at _ZoneDelegate.invoke (node_modules/zone.js/fesm2015/zone.js:398:28)
	    at ProxyZoneSpec.onInvoke (node_modules/zone.js/fesm2015/zone-testing.js:2132:39)
	    at _ZoneDelegate.invoke (node_modules/zone.js/fesm2015/zone.js:397:34)
	Expected $.createdAt = Date(Tue Sep 30 2025 14:40:58 GMT+0530 (India Standard Time)) to equal Date(Tue Sep 30 2025 14:40:57 GMT+0530 (India Standard Time)).
	    at <Jasmine>
	    at UserContext.apply (src/app/pages/policy-detail/policy-detail.component.spec.ts:84:30)
	    at _ZoneDelegate.invoke (node_modules/zone.js/fesm2015/zone.js:398:28)
	    at ProxyZoneSpec.onInvoke (node_modules/zone.js/fesm2015/zone-testing.js:2132:39)
	    at _ZoneDelegate.invoke (node_modules/zone.js/fesm2015/zone.js:397:34)
	Expected Object({ _id: '1', code: 'LIFE001', title: 'Term Life Insurance', description: 'Comprehensive life coverage with flexible premium options and high sum assured.', premium: 2500, termMonths: 240, minSumInsured: 1000000, maxSumInsured: 10000000, category: 'life', features: [ 'Death benefit', 'Accidental death benefit', 'Terminal illness benefit', 'Premium waiver' ], createdAt: Date(Tue Sep 30 2025 14:40:58 GMT+0530 (India Standard Time)), imageUrl: 'https://images.unsplash.com/photo-1560472354-b33ff0c44a43?w=400&h=300&fit=crop' }) to be null.
	    at <Jasmine>
	    at UserContext.apply (src/app/pages/policy-detail/policy-detail.component.spec.ts:89:30)
	    at _ZoneDelegate.invoke (node_modules/zone.js/fesm2015/zone.js:398:28)
	    at ProxyZoneSpec.onInvoke (node_modules/zone.js/fesm2015/zone-testing.js:2132:39)
	    at _ZoneDelegate.invoke (node_modules/zone.js/fesm2015/zone.js:397:34)
	Expected Object({ _id: '1', code: 'LIFE001', title: 'Term Life Insurance', description: 'Comprehensive life coverage with flexible premium options and high sum assured.', premium: 2500, termMonths: 240, minSumInsured: 1000000, maxSumInsured: 10000000, category: 'life', features: [ 'Death benefit', 'Accidental death benefit', 'Terminal illness benefit', 'Premium waiver' ], createdAt: Date(Tue Sep 30 2025 14:40:58 GMT+0530 (India Standard Time)), imageUrl: 'https://images.unsplash.com/photo-1560472354-b33ff0c44a43?w=400&h=300&fit=crop' }) to be null.
	    at <Jasmine>
	    at UserContext.apply (src/app/pages/policy-detail/policy-detail.component.spec.ts:95:30)
	    at _ZoneDelegate.invoke (node_modules/zone.js/fesm2015/zone.js:398:28)
	    at ProxyZoneSpec.onInvoke (node_modules/zone.js/fesm2015/zone-testing.js:2132:39)
	    at _ZoneDelegate.invoke (node_modules/zone.js/fesm2015/zone.js:397:34)
Chrome Headless 140.0.0.0 (Windows 10): Executed 135 of 265[31m (7 FAILED)[39m (0 secs / 0.992 secs)
[1A[2K[31mChrome Headless 140.0.0.0 (Windows 10) PolicyDetailComponent should provide correct utility functions for display FAILED[39m
	Expected 'Γé╣12,34,567' to contain 'Γé╣1,234,567'.
	    at <Jasmine>
	    at UserContext.apply (src/app/pages/policy-detail/policy-detail.component.spec.ts:147:47)
	    at _ZoneDelegate.invoke (node_modules/zone.js/fesm2015/zone.js:398:28)
	    at ProxyZoneSpec.onInvoke (node_modules/zone.js/fesm2015/zone-testing.js:2132:39)
	    at _ZoneDelegate.invoke (node_modules/zone.js/fesm2015/zone.js:397:34)
Chrome Headless 140.0.0.0 (Windows 10): Executed 136 of 265[31m (8 FAILED)[39m (0 secs / 1 sec)
[1A[2KChrome Headless 140.0.0.0 (Windows 10): Executed 137 of 265[31m (8 FAILED)[39m (0 secs / 1.031 secs)
[1A[2KLOG: [36m'Agent details response:', Object{success: true, data: null}[39m
Chrome Headless 140.0.0.0 (Windows 10): Executed 137 of 265[31m (8 FAILED)[39m (0 secs / 1.031 secs)
LOG: 'Agent details response:', Object{success: true, data: null}
[1A[2KChrome Headless 140.0.0.0 (Windows 10): Executed 138 of 265[31m (8 FAILED)[39m (0 secs / 1.035 secs)
[1A[2KChrome Headless 140.0.0.0 (Windows 10): Executed 139 of 265[31m (8 FAILED)[39m (0 secs / 1.038 secs)
[1A[2KChrome Headless 140.0.0.0 (Windows 10): Executed 140 of 265[31m (8 FAILED)[39m (0 secs / 1.041 secs)
[1A[2KLOG: [36m'Agent details response:', Object{success: false, data: Object{agent: Object{_id: ..., name: ..., email: ..., role: ..., status: ..., createdAt: ...}, assignedCustomers: [..., ...], assignedPolicies: [..., ...], claims: [..., ...], statistics: Object{totalCustomers: ..., totalPolicies: ..., totalClaims: ..., pendingClaims: ...}}}[39m
Chrome Headless 140.0.0.0 (Windows 10): Executed 140 of 265[31m (8 FAILED)[39m (0 secs / 1.041 secs)
LOG: 'Agent details response:', Object{success: false, data: Object{agent: Object{_id: ..., name: ..., email: ..., role: ..., status: ..., createdAt: ...}, assignedCustomers: [..., ...], assignedPolicies: [..., ...], claims: [..., ...], statistics: Object{totalCustomers: ..., totalPolicies: ..., totalClaims: ..., pendingClaims: ...}}}
[1A[2KChrome Headless 140.0.0.0 (Windows 10): Executed 141 of 265[31m (8 FAILED)[39m (0 secs / 1.046 secs)
[1A[2KChrome Headless 140.0.0.0 (Windows 10): Executed 142 of 265[31m (8 FAILED)[39m (0 secs / 1.049 secs)
[1A[2KChrome Headless 140.0.0.0 (Windows 10): Executed 143 of 265[31m (8 FAILED)[39m (0 secs / 1.052 secs)
[1A[2KLOG: [36m'Agent details response:', Object{success: true, data: Object{agent: Object{_id: ..., name: ..., email: ..., role: ..., status: ..., createdAt: ...}, assignedCustomers: [..., ...], assignedPolicies: [..., ...], claims: [..., ...], statistics: Object{totalCustomers: ..., totalPolicies: ..., totalClaims: ..., pendingClaims: ...}}}[39m
Chrome Headless 140.0.0.0 (Windows 10): Executed 143 of 265[31m (8 FAILED)[39m (0 secs / 1.052 secs)
LOG: 'Agent details response:', Object{success: true, data: Object{agent: Object{_id: ..., name: ..., email: ..., role: ..., status: ..., createdAt: ...}, assignedCustomers: [..., ...], assignedPolicies: [..., ...], claims: [..., ...], statistics: Object{totalCustomers: ..., totalPolicies: ..., totalClaims: ..., pendingClaims: ...}}}
[1A[2KChrome Headless 140.0.0.0 (Windows 10): Executed 144 of 265[31m (8 FAILED)[39m (0 secs / 1.055 secs)
[1A[2KChrome Headless 140.0.0.0 (Windows 10): Executed 145 of 265[31m (8 FAILED)[39m (0 secs / 1.06 secs)
[1A[2KLOG: [36m'Agent details response:', Object{success: true, data: Object{agent: Object{_id: ..., name: ..., email: ..., role: ..., status: ..., createdAt: ...}, assignedCustomers: [..., ...], assignedPolicies: [..., ...], claims: [..., ...], statistics: Object{totalCustomers: ..., totalPolicies: ..., totalClaims: ..., pendingClaims: ...}}}[39m
Chrome Headless 140.0.0.0 (Windows 10): Executed 145 of 265[31m (8 FAILED)[39m (0 secs / 1.06 secs)
LOG: 'Agent details response:', Object{success: true, data: Object{agent: Object{_id: ..., name: ..., email: ..., role: ..., status: ..., createdAt: ...}, assignedCustomers: [..., ...], assignedPolicies: [..., ...], claims: [..., ...], statistics: Object{totalCustomers: ..., totalPolicies: ..., totalClaims: ..., pendingClaims: ...}}}
[1A[2KChrome Headless 140.0.0.0 (Windows 10): Executed 146 of 265[31m (8 FAILED)[39m (0 secs / 1.063 secs)
[1A[2KChrome Headless 140.0.0.0 (Windows 10): Executed 147 of 265[31m (8 FAILED)[39m (0 secs / 1.066 secs)
[1A[2KChrome Headless 140.0.0.0 (Windows 10): Executed 148 of 265[31m (8 FAILED)[39m (0 secs / 1.068 secs)
[1A[2KChrome Headless 140.0.0.0 (Windows 10): Executed 149 of 265[31m (8 FAILED)[39m (0 secs / 1.07 secs)
[1A[2KERROR: [36m'Error loading agent details:', Error: API Error
Error: API Error
    at errorFactory (http://localhost:9877/_karma_webpack_/webpack:/src/app/pages/agent/agent-profile/agent-profile.component.spec.ts:114:65)
    at Observable._subscribe (http://localhost:9877/_karma_webpack_/webpack:/node_modules/rxjs/dist/esm/internal/observable/throwError.js:5:51)
    at Observable._trySubscribe (http://localhost:9877/_karma_webpack_/webpack:/node_modules/rxjs/dist/esm/internal/Observable.js:37:25)
    at cb (http://localhost:9877/_karma_webpack_/webpack:/node_modules/rxjs/dist/esm/internal/Observable.js:31:30)
    at errorContext (http://localhost:9877/_karma_webpack_/webpack:/node_modules/rxjs/dist/esm/internal/util/errorContext.js:19:9)
    at Observable.subscribe (http://localhost:9877/_karma_webpack_/webpack:/node_modules/rxjs/dist/esm/internal/Observable.js:22:21)
    at AgentProfileComponent.loadAgentDetails (http://localhost:9877/_karma_webpack_/webpack:/src/app/pages/agent/agent-profile/agent-profile.component.ts:39:51)
    at UserContext.apply (http://localhost:9877/_karma_webpack_/webpack:/src/app/pages/agent/agent-profile/agent-profile.component.spec.ts:116:15)
    at _ZoneDelegate.invoke (http://localhost:9877/_karma_webpack_/webpack:/node_modules/zone.js/fesm2015/zone.js:398:28)
    at ProxyZoneSpec.onInvoke (http://localhost:9877/_karma_webpack_/webpack:/node_modules/zone.js/fesm2015/zone-testing.js:2132:39)[39m
Chrome Headless 140.0.0.0 (Windows 10): Executed 149 of 265[31m (8 FAILED)[39m (0 secs / 1.07 secs)
ERROR: 'Error loading agent details:', Error: API Error
Error: API Error
    at errorFactory (http://localhost:9877/_karma_webpack_/webpack:/src/app/pages/agent/agent-profile/agent-profile.component.spec.ts:114:65)
    at Observable._subscribe (http://localhost:9877/_karma_webpack_/webpack:/node_modules/rxjs/dist/esm/internal/observable/throwError.js:5:51)
    at Observable._trySubscribe (http://localhost:9877/_karma_webpack_/webpack:/node_modules/rxjs/dist/esm/internal/Observable.js:37:25)
    at cb (http://localhost:9877/_karma_webpack_/webpack:/node_modules/rxjs/dist/esm/internal/Observable.js:31:30)
    at errorContext (http://localhost:9877/_karma_webpack_/webpack:/node_modules/rxjs/dist/esm/internal/util/errorContext.js:19:9)
    at Observable.subscribe (http://localhost:9877/_karma_webpack_/webpack:/node_modules/rxjs/dist/esm/internal/Observable.js:22:21)
    at AgentProfileComponent.loadAgentDetails (http://localhost:9877/_karma_webpack_/webpack:/src/app/pages/agent/agent-profile/agent-profile.component.ts:39:51)
    at UserContext.apply (http://localhost:9877/_karma_webpack_/webpack:/src/app/pages/agent/agent-profile/agent-profile.component.spec.ts:116:15)
    at _ZoneDelegate.invoke (http://localhost:9877/_karma_webpack_/webpack:/node_modules/zone.js/fesm2015/zone.js:398:28)
    at ProxyZoneSpec.onInvoke (http://localhost:9877/_karma_webpack_/webpack:/node_modules/zone.js/fesm2015/zone-testing.js:2132:39)
[1A[2KChrome Headless 140.0.0.0 (Windows 10): Executed 150 of 265[31m (8 FAILED)[39m (0 secs / 1.075 secs)
[1A[2KChrome Headless 140.0.0.0 (Windows 10): Executed 151 of 265[31m (8 FAILED)[39m (0 secs / 1.078 secs)
[1A[2KChrome Headless 140.0.0.0 (Windows 10): Executed 152 of 265[31m (8 FAILED)[39m (0 secs / 1.079 secs)
[1A[2KChrome Headless 140.0.0.0 (Windows 10): Executed 153 of 265[31m (8 FAILED)[39m (0 secs / 1.079 secs)
[1A[2KChrome Headless 140.0.0.0 (Windows 10): Executed 154 of 265[31m (8 FAILED)[39m (0 secs / 1.079 secs)
[1A[2KChrome Headless 140.0.0.0 (Windows 10): Executed 155 of 265[31m (8 FAILED)[39m (0 secs / 1.079 secs)
[1A[2KChrome Headless 140.0.0.0 (Windows 10): Executed 156 of 265[31m (8 FAILED)[39m (0 secs / 1.079 secs)
[1A[2KLOG: [36m'User policies response:', Object{data: null}[39m
Chrome Headless 140.0.0.0 (Windows 10): Executed 156 of 265[31m (8 FAILED)[39m (0 secs / 1.079 secs)
LOG: 'User policies response:', Object{data: null}
[1A[2KLOG: [36m'Loaded policies:', [][39m
Chrome Headless 140.0.0.0 (Windows 10): Executed 156 of 265[31m (8 FAILED)[39m (0 secs / 1.079 secs)
LOG: 'Loaded policies:', []
[1A[2KChrome Headless 140.0.0.0 (Windows 10): Executed 157 of 265[31m (8 FAILED)[39m (0 secs / 1.089 secs)
[1A[2KChrome Headless 140.0.0.0 (Windows 10): Executed 158 of 265[31m (8 FAILED)[39m (0 secs / 1.091 secs)
[1A[2KLOG: [36m'User policies response:', Object{data: undefined}[39m
Chrome Headless 140.0.0.0 (Windows 10): Executed 158 of 265[31m (8 FAILED)[39m (0 secs / 1.091 secs)
LOG: 'User policies response:', Object{data: undefined}
[1A[2KLOG: [36m'Loaded policies:', [][39m
Chrome Headless 140.0.0.0 (Windows 10): Executed 158 of 265[31m (8 FAILED)[39m (0 secs / 1.091 secs)
LOG: 'Loaded policies:', []
[1A[2KChrome Headless 140.0.0.0 (Windows 10): Executed 159 of 265[31m (8 FAILED)[39m (0 secs / 1.093 secs)
[1A[2KChrome Headless 140.0.0.0 (Windows 10): Executed 160 of 265[31m (8 FAILED)[39m (0 secs / 1.095 secs)
[1A[2KLOG: [36m'User policies response:', [][39m
Chrome Headless 140.0.0.0 (Windows 10): Executed 160 of 265[31m (8 FAILED)[39m (0 secs / 1.095 secs)
LOG: 'User policies response:', []
[1A[2KLOG: [36m'Loaded policies:', [][39m
Chrome Headless 140.0.0.0 (Windows 10): Executed 160 of 265[31m (8 FAILED)[39m (0 secs / 1.095 secs)
LOG: 'Loaded policies:', []
[1A[2KChrome Headless 140.0.0.0 (Windows 10): Executed 161 of 265[31m (8 FAILED)[39m (0 secs / 1.097 secs)
[1A[2KLOG: [36m'User policies response:', [Object{_id: '1', userId: 'user1', policyProductId: 'product1', status: 'ACTIVE', startDate: Wed Jan 01 2025 05:30:00 GMT+0530 (India Standard Time), endDate: Thu Jan 01 2026 05:30:00 GMT+0530 (India Standard Time), premiumPaid: 5000, nominee: Object{name: ..., relation: ...}, createdAt: Tue Sep 30 2025 14:40:57 GMT+0530 (India Standard Time), policyProduct: Object{_id: ..., title: ..., code: ..., description: ..., premium: ..., termMonths: ..., minSumInsured: ..., maxSumInsured: ..., category: ..., features: ..., createdAt: ..., imageUrl: ...}}, Object{_id: '2', userId: 'user1', policyProductId: 'product2', status: 'PENDING', startDate: Wed Jan 01 2025 05:30:00 GMT+0530 (India Standard Time), endDate: Thu Jan 01 2026 05:30:00 GMT+0530 (India Standard Time), premiumPaid: 3000, nominee: Object{name: ..., relation: ...}, createdAt: Tue Sep 30 2025 14:40:57 GMT+0530 (India Standard Time), policyProduct: Object{_id: ..., title: ..., code: ..., description: ..., premium: ..., termMonths: ..., minSumInsured: ..., maxSumInsured: ..., category: ..., features: ..., createdAt: ..., imageUrl: ...}}][39m
Chrome Headless 140.0.0.0 (Windows 10): Executed 161 of 265[31m (8 FAILED)[39m (0 secs / 1.097 secs)
LOG: 'User policies response:', [Object{_id: '1', userId: 'user1', policyProductId: 'product1', status: 'ACTIVE', startDate: Wed Jan 01 2025 05:30:00 GMT+0530 (India Standard Time), endDate: Thu Jan 01 2026 05:30:00 GMT+0530 (India Standard Time), premiumPaid: 5000, nominee: Object{name: ..., relation: ...}, createdAt: Tue Sep 30 2025 14:40:57 GMT+0530 (India Standard Time), policyProduct: Object{_id: ..., title: ..., code: ..., description: ..., premium: ..., termMonths: ..., minSumInsured: ..., maxSumInsured: ..., category: ..., features: ..., createdAt: ..., imageUrl: ...}}, Object{_id: '2', userId: 'user1', policyProductId: 'product2', status: 'PENDING', startDate: Wed Jan 01 2025 05:30:00 GMT+0530 (India Standard Time), endDate: Thu Jan 01 2026 05:30:00 GMT+0530 (India Standard Time), premiumPaid: 3000, nominee: Object{name: ..., relation: ...}, createdAt: Tue Sep 30 2025 14:40:57 GMT+0530 (India Standard Time), policyProduct: Object{_id: ..., title: ..., code: ..., description: ..., premium: ..., termMonths: ..., minSumInsured: ..., maxSumInsured: ..., category: ..., features: ..., createdAt: ..., imageUrl: ...}}]
[1A[2KLOG: [36m'Loaded policies:', [Object{_id: '1', userId: 'user1', policyProductId: 'product1', status: 'ACTIVE', startDate: Wed Jan 01 2025 05:30:00 GMT+0530 (India Standard Time), endDate: Thu Jan 01 2026 05:30:00 GMT+0530 (India Standard Time), premiumPaid: 5000, nominee: Object{name: ..., relation: ...}, createdAt: Tue Sep 30 2025 14:40:57 GMT+0530 (India Standard Time), policyProduct: Object{_id: ..., title: ..., code: ..., description: ..., premium: ..., termMonths: ..., minSumInsured: ..., maxSumInsured: ..., category: ..., features: ..., createdAt: ..., imageUrl: ...}}, Object{_id: '2', userId: 'user1', policyProductId: 'product2', status: 'PENDING', startDate: Wed Jan 01 2025 05:30:00 GMT+0530 (India Standard Time), endDate: Thu Jan 01 2026 05:30:00 GMT+0530 (India Standard Time), premiumPaid: 3000, nominee: Object{name: ..., relation: ...}, createdAt: Tue Sep 30 2025 14:40:57 GMT+0530 (India Standard Time), policyProduct: Object{_id: ..., title: ..., code: ..., description: ..., premium: ..., termMonths: ..., minSumInsured: ..., maxSumInsured: ..., category: ..., features: ..., createdAt: ..., imageUrl: ...}}][39m
Chrome Headless 140.0.0.0 (Windows 10): Executed 161 of 265[31m (8 FAILED)[39m (0 secs / 1.097 secs)
LOG: 'Loaded policies:', [Object{_id: '1', userId: 'user1', policyProductId: 'product1', status: 'ACTIVE', startDate: Wed Jan 01 2025 05:30:00 GMT+0530 (India Standard Time), endDate: Thu Jan 01 2026 05:30:00 GMT+0530 (India Standard Time), premiumPaid: 5000, nominee: Object{name: ..., relation: ...}, createdAt: Tue Sep 30 2025 14:40:57 GMT+0530 (India Standard Time), policyProduct: Object{_id: ..., title: ..., code: ..., description: ..., premium: ..., termMonths: ..., minSumInsured: ..., maxSumInsured: ..., category: ..., features: ..., createdAt: ..., imageUrl: ...}}, Object{_id: '2', userId: 'user1', policyProductId: 'product2', status: 'PENDING', startDate: Wed Jan 01 2025 05:30:00 GMT+0530 (India Standard Time), endDate: Thu Jan 01 2026 05:30:00 GMT+0530 (India Standard Time), premiumPaid: 3000, nominee: Object{name: ..., relation: ...}, createdAt: Tue Sep 30 2025 14:40:57 GMT+0530 (India Standard Time), policyProduct: Object{_id: ..., title: ..., code: ..., description: ..., premium: ..., termMonths: ..., minSumInsured: ..., maxSumInsured: ..., category: ..., features: ..., createdAt: ..., imageUrl: ...}}]
[1A[2KChrome Headless 140.0.0.0 (Windows 10): Executed 162 of 265[31m (8 FAILED)[39m (0 secs / 1.1 secs)
[1A[2KChrome Headless 140.0.0.0 (Windows 10): Executed 163 of 265[31m (8 FAILED)[39m (0 secs / 1.102 secs)
[1A[2KLOG: [36m'User policies response:', [Object{_id: '1', userId: 'user1', policyProductId: 'product1', status: 'ACTIVE', startDate: Wed Jan 01 2025 05:30:00 GMT+0530 (India Standard Time), endDate: Thu Jan 01 2026 05:30:00 GMT+0530 (India Standard Time), premiumPaid: 5000, nominee: Object{name: ..., relation: ...}, createdAt: Tue Sep 30 2025 14:40:57 GMT+0530 (India Standard Time), policyProduct: Object{_id: ..., title: ..., code: ..., description: ..., premium: ..., termMonths: ..., minSumInsured: ..., maxSumInsured: ..., category: ..., features: ..., createdAt: ..., imageUrl: ...}}, Object{_id: '2', userId: 'user1', policyProductId: 'product2', status: 'PENDING', startDate: Wed Jan 01 2025 05:30:00 GMT+0530 (India Standard Time), endDate: Thu Jan 01 2026 05:30:00 GMT+0530 (India Standard Time), premiumPaid: 3000, nominee: Object{name: ..., relation: ...}, createdAt: Tue Sep 30 2025 14:40:57 GMT+0530 (India Standard Time), policyProduct: Object{_id: ..., title: ..., code: ..., description: ..., premium: ..., termMonths: ..., minSumInsured: ..., maxSumInsured: ..., category: ..., features: ..., createdAt: ..., imageUrl: ...}}][39m
Chrome Headless 140.0.0.0 (Windows 10): Executed 163 of 265[31m (8 FAILED)[39m (0 secs / 1.102 secs)
LOG: 'User policies response:', [Object{_id: '1', userId: 'user1', policyProductId: 'product1', status: 'ACTIVE', startDate: Wed Jan 01 2025 05:30:00 GMT+0530 (India Standard Time), endDate: Thu Jan 01 2026 05:30:00 GMT+0530 (India Standard Time), premiumPaid: 5000, nominee: Object{name: ..., relation: ...}, createdAt: Tue Sep 30 2025 14:40:57 GMT+0530 (India Standard Time), policyProduct: Object{_id: ..., title: ..., code: ..., description: ..., premium: ..., termMonths: ..., minSumInsured: ..., maxSumInsured: ..., category: ..., features: ..., createdAt: ..., imageUrl: ...}}, Object{_id: '2', userId: 'user1', policyProductId: 'product2', status: 'PENDING', startDate: Wed Jan 01 2025 05:30:00 GMT+0530 (India Standard Time), endDate: Thu Jan 01 2026 05:30:00 GMT+0530 (India Standard Time), premiumPaid: 3000, nominee: Object{name: ..., relation: ...}, createdAt: Tue Sep 30 2025 14:40:57 GMT+0530 (India Standard Time), policyProduct: Object{_id: ..., title: ..., code: ..., description: ..., premium: ..., termMonths: ..., minSumInsured: ..., maxSumInsured: ..., category: ..., features: ..., createdAt: ..., imageUrl: ...}}]
[1A[2KLOG: [36m'Loaded policies:', [Object{_id: '1', userId: 'user1', policyProductId: 'product1', status: 'ACTIVE', startDate: Wed Jan 01 2025 05:30:00 GMT+0530 (India Standard Time), endDate: Thu Jan 01 2026 05:30:00 GMT+0530 (India Standard Time), premiumPaid: 5000, nominee: Object{name: ..., relation: ...}, createdAt: Tue Sep 30 2025 14:40:57 GMT+0530 (India Standard Time), policyProduct: Object{_id: ..., title: ..., code: ..., description: ..., premium: ..., termMonths: ..., minSumInsured: ..., maxSumInsured: ..., category: ..., features: ..., createdAt: ..., imageUrl: ...}}, Object{_id: '2', userId: 'user1', policyProductId: 'product2', status: 'PENDING', startDate: Wed Jan 01 2025 05:30:00 GMT+0530 (India Standard Time), endDate: Thu Jan 01 2026 05:30:00 GMT+0530 (India Standard Time), premiumPaid: 3000, nominee: Object{name: ..., relation: ...}, createdAt: Tue Sep 30 2025 14:40:57 GMT+0530 (India Standard Time), policyProduct: Object{_id: ..., title: ..., code: ..., description: ..., premium: ..., termMonths: ..., minSumInsured: ..., maxSumInsured: ..., category: ..., features: ..., createdAt: ..., imageUrl: ...}}][39m
Chrome Headless 140.0.0.0 (Windows 10): Executed 163 of 265[31m (8 FAILED)[39m (0 secs / 1.102 secs)
LOG: 'Loaded policies:', [Object{_id: '1', userId: 'user1', policyProductId: 'product1', status: 'ACTIVE', startDate: Wed Jan 01 2025 05:30:00 GMT+0530 (India Standard Time), endDate: Thu Jan 01 2026 05:30:00 GMT+0530 (India Standard Time), premiumPaid: 5000, nominee: Object{name: ..., relation: ...}, createdAt: Tue Sep 30 2025 14:40:57 GMT+0530 (India Standard Time), policyProduct: Object{_id: ..., title: ..., code: ..., description: ..., premium: ..., termMonths: ..., minSumInsured: ..., maxSumInsured: ..., category: ..., features: ..., createdAt: ..., imageUrl: ...}}, Object{_id: '2', userId: 'user1', policyProductId: 'product2', status: 'PENDING', startDate: Wed Jan 01 2025 05:30:00 GMT+0530 (India Standard Time), endDate: Thu Jan 01 2026 05:30:00 GMT+0530 (India Standard Time), premiumPaid: 3000, nominee: Object{name: ..., relation: ...}, createdAt: Tue Sep 30 2025 14:40:57 GMT+0530 (India Standard Time), policyProduct: Object{_id: ..., title: ..., code: ..., description: ..., premium: ..., termMonths: ..., minSumInsured: ..., maxSumInsured: ..., category: ..., features: ..., createdAt: ..., imageUrl: ...}}]
[1A[2KChrome Headless 140.0.0.0 (Windows 10): Executed 164 of 265[31m (8 FAILED)[39m (0 secs / 1.104 secs)
[1A[2KLOG: [36m'User policies response:', Object{data: [Object{_id: ..., userId: ..., policyProductId: ..., status: ..., startDate: ..., endDate: ..., premiumPaid: ..., nominee: ..., createdAt: ..., policyProduct: ...}, Object{_id: ..., userId: ..., policyProductId: ..., status: ..., startDate: ..., endDate: ..., premiumPaid: ..., nominee: ..., createdAt: ..., policyProduct: ...}]}[39m
Chrome Headless 140.0.0.0 (Windows 10): Executed 164 of 265[31m (8 FAILED)[39m (0 secs / 1.104 secs)
LOG: 'User policies response:', Object{data: [Object{_id: ..., userId: ..., policyProductId: ..., status: ..., startDate: ..., endDate: ..., premiumPaid: ..., nominee: ..., createdAt: ..., policyProduct: ...}, Object{_id: ..., userId: ..., policyProductId: ..., status: ..., startDate: ..., endDate: ..., premiumPaid: ..., nominee: ..., createdAt: ..., policyProduct: ...}]}
[1A[2KLOG: [36m'Loaded policies:', [Object{_id: '1', userId: 'user1', policyProductId: 'product1', status: 'ACTIVE', startDate: Wed Jan 01 2025 05:30:00 GMT+0530 (India Standard Time), endDate: Thu Jan 01 2026 05:30:00 GMT+0530 (India Standard Time), premiumPaid: 5000, nominee: Object{name: ..., relation: ...}, createdAt: Tue Sep 30 2025 14:40:57 GMT+0530 (India Standard Time), policyProduct: Object{_id: ..., title: ..., code: ..., description: ..., premium: ..., termMonths: ..., minSumInsured: ..., maxSumInsured: ..., category: ..., features: ..., createdAt: ..., imageUrl: ...}}, Object{_id: '2', userId: 'user1', policyProductId: 'product2', status: 'PENDING', startDate: Wed Jan 01 2025 05:30:00 GMT+0530 (India Standard Time), endDate: Thu Jan 01 2026 05:30:00 GMT+0530 (India Standard Time), premiumPaid: 3000, nominee: Object{name: ..., relation: ...}, createdAt: Tue Sep 30 2025 14:40:57 GMT+0530 (India Standard Time), policyProduct: Object{_id: ..., title: ..., code: ..., description: ..., premium: ..., termMonths: ..., minSumInsured: ..., maxSumInsured: ..., category: ..., features: ..., createdAt: ..., imageUrl: ...}}][39m
Chrome Headless 140.0.0.0 (Windows 10): Executed 164 of 265[31m (8 FAILED)[39m (0 secs / 1.104 secs)
LOG: 'Loaded policies:', [Object{_id: '1', userId: 'user1', policyProductId: 'product1', status: 'ACTIVE', startDate: Wed Jan 01 2025 05:30:00 GMT+0530 (India Standard Time), endDate: Thu Jan 01 2026 05:30:00 GMT+0530 (India Standard Time), premiumPaid: 5000, nominee: Object{name: ..., relation: ...}, createdAt: Tue Sep 30 2025 14:40:57 GMT+0530 (India Standard Time), policyProduct: Object{_id: ..., title: ..., code: ..., description: ..., premium: ..., termMonths: ..., minSumInsured: ..., maxSumInsured: ..., category: ..., features: ..., createdAt: ..., imageUrl: ...}}, Object{_id: '2', userId: 'user1', policyProductId: 'product2', status: 'PENDING', startDate: Wed Jan 01 2025 05:30:00 GMT+0530 (India Standard Time), endDate: Thu Jan 01 2026 05:30:00 GMT+0530 (India Standard Time), premiumPaid: 3000, nominee: Object{name: ..., relation: ...}, createdAt: Tue Sep 30 2025 14:40:57 GMT+0530 (India Standard Time), policyProduct: Object{_id: ..., title: ..., code: ..., description: ..., premium: ..., termMonths: ..., minSumInsured: ..., maxSumInsured: ..., category: ..., features: ..., createdAt: ..., imageUrl: ...}}]
[1A[2KChrome Headless 140.0.0.0 (Windows 10): Executed 165 of 265[31m (8 FAILED)[39m (0 secs / 1.107 secs)
[1A[2KERROR: [36m'Error loading policies:', Error: API Error
Error: API Error
    at errorFactory (http://localhost:9877/_karma_webpack_/webpack:/src/app/pages/my-policies/my-policies.component.spec.ts:124:65)
    at Observable._subscribe (http://localhost:9877/_karma_webpack_/webpack:/node_modules/rxjs/dist/esm/internal/observable/throwError.js:5:51)
    at Observable._trySubscribe (http://localhost:9877/_karma_webpack_/webpack:/node_modules/rxjs/dist/esm/internal/Observable.js:37:25)
    at cb (http://localhost:9877/_karma_webpack_/webpack:/node_modules/rxjs/dist/esm/internal/Observable.js:31:30)
    at errorContext (http://localhost:9877/_karma_webpack_/webpack:/node_modules/rxjs/dist/esm/internal/util/errorContext.js:19:9)
    at Observable.subscribe (http://localhost:9877/_karma_webpack_/webpack:/node_modules/rxjs/dist/esm/internal/Observable.js:22:21)
    at MyPoliciesComponent.loadPolicies (http://localhost:9877/_karma_webpack_/webpack:/src/app/pages/my-policies/my-policies.component.ts:29:39)
    at UserContext.apply (http://localhost:9877/_karma_webpack_/webpack:/src/app/pages/my-policies/my-policies.component.spec.ts:126:15)
    at _ZoneDelegate.invoke (http://localhost:9877/_karma_webpack_/webpack:/node_modules/zone.js/fesm2015/zone.js:398:28)
    at ProxyZoneSpec.onInvoke (http://localhost:9877/_karma_webpack_/webpack:/node_modules/zone.js/fesm2015/zone-testing.js:2132:39)[39m
Chrome Headless 140.0.0.0 (Windows 10): Executed 165 of 265[31m (8 FAILED)[39m (0 secs / 1.107 secs)
ERROR: 'Error loading policies:', Error: API Error
Error: API Error
    at errorFactory (http://localhost:9877/_karma_webpack_/webpack:/src/app/pages/my-policies/my-policies.component.spec.ts:124:65)
    at Observable._subscribe (http://localhost:9877/_karma_webpack_/webpack:/node_modules/rxjs/dist/esm/internal/observable/throwError.js:5:51)
    at Observable._trySubscribe (http://localhost:9877/_karma_webpack_/webpack:/node_modules/rxjs/dist/esm/internal/Observable.js:37:25)
    at cb (http://localhost:9877/_karma_webpack_/webpack:/node_modules/rxjs/dist/esm/internal/Observable.js:31:30)
    at errorContext (http://localhost:9877/_karma_webpack_/webpack:/node_modules/rxjs/dist/esm/internal/util/errorContext.js:19:9)
    at Observable.subscribe (http://localhost:9877/_karma_webpack_/webpack:/node_modules/rxjs/dist/esm/internal/Observable.js:22:21)
    at MyPoliciesComponent.loadPolicies (http://localhost:9877/_karma_webpack_/webpack:/src/app/pages/my-policies/my-policies.component.ts:29:39)
    at UserContext.apply (http://localhost:9877/_karma_webpack_/webpack:/src/app/pages/my-policies/my-policies.component.spec.ts:126:15)
    at _ZoneDelegate.invoke (http://localhost:9877/_karma_webpack_/webpack:/node_modules/zone.js/fesm2015/zone.js:398:28)
    at ProxyZoneSpec.onInvoke (http://localhost:9877/_karma_webpack_/webpack:/node_modules/zone.js/fesm2015/zone-testing.js:2132:39)
[1A[2KChrome Headless 140.0.0.0 (Windows 10): Executed 166 of 265[31m (8 FAILED)[39m (0 secs / 1.11 secs)
[1A[2KChrome Headless 140.0.0.0 (Windows 10): Executed 167 of 265[31m (8 FAILED)[39m (0 secs / 1.113 secs)
[1A[2KLOG: [36m'User policies response:', [Object{_id: '1', userId: 'user1', policyProductId: 'product1', status: 'ACTIVE', startDate: Wed Jan 01 2025 05:30:00 GMT+0530 (India Standard Time), endDate: Thu Jan 01 2026 05:30:00 GMT+0530 (India Standard Time), premiumPaid: 5000, nominee: Object{name: ..., relation: ...}, createdAt: Tue Sep 30 2025 14:40:57 GMT+0530 (India Standard Time), policyProduct: Object{_id: ..., title: ..., code: ..., description: ..., premium: ..., termMonths: ..., minSumInsured: ..., maxSumInsured: ..., category: ..., features: ..., createdAt: ..., imageUrl: ...}}, Object{_id: '2', userId: 'user1', policyProductId: 'product2', status: 'PENDING', startDate: Wed Jan 01 2025 05:30:00 GMT+0530 (India Standard Time), endDate: Thu Jan 01 2026 05:30:00 GMT+0530 (India Standard Time), premiumPaid: 3000, nominee: Object{name: ..., relation: ...}, createdAt: Tue Sep 30 2025 14:40:57 GMT+0530 (India Standard Time), policyProduct: Object{_id: ..., title: ..., code: ..., description: ..., premium: ..., termMonths: ..., minSumInsured: ..., maxSumInsured: ..., category: ..., features: ..., createdAt: ..., imageUrl: ...}}][39m
Chrome Headless 140.0.0.0 (Windows 10): Executed 167 of 265[31m (8 FAILED)[39m (0 secs / 1.113 secs)
LOG: 'User policies response:', [Object{_id: '1', userId: 'user1', policyProductId: 'product1', status: 'ACTIVE', startDate: Wed Jan 01 2025 05:30:00 GMT+0530 (India Standard Time), endDate: Thu Jan 01 2026 05:30:00 GMT+0530 (India Standard Time), premiumPaid: 5000, nominee: Object{name: ..., relation: ...}, createdAt: Tue Sep 30 2025 14:40:57 GMT+0530 (India Standard Time), policyProduct: Object{_id: ..., title: ..., code: ..., description: ..., premium: ..., termMonths: ..., minSumInsured: ..., maxSumInsured: ..., category: ..., features: ..., createdAt: ..., imageUrl: ...}}, Object{_id: '2', userId: 'user1', policyProductId: 'product2', status: 'PENDING', startDate: Wed Jan 01 2025 05:30:00 GMT+0530 (India Standard Time), endDate: Thu Jan 01 2026 05:30:00 GMT+0530 (India Standard Time), premiumPaid: 3000, nominee: Object{name: ..., relation: ...}, createdAt: Tue Sep 30 2025 14:40:57 GMT+0530 (India Standard Time), policyProduct: Object{_id: ..., title: ..., code: ..., description: ..., premium: ..., termMonths: ..., minSumInsured: ..., maxSumInsured: ..., category: ..., features: ..., createdAt: ..., imageUrl: ...}}]
[1A[2KLOG: [36m'Loaded policies:', [Object{_id: '1', userId: 'user1', policyProductId: 'product1', status: 'ACTIVE', startDate: Wed Jan 01 2025 05:30:00 GMT+0530 (India Standard Time), endDate: Thu Jan 01 2026 05:30:00 GMT+0530 (India Standard Time), premiumPaid: 5000, nominee: Object{name: ..., relation: ...}, createdAt: Tue Sep 30 2025 14:40:57 GMT+0530 (India Standard Time), policyProduct: Object{_id: ..., title: ..., code: ..., description: ..., premium: ..., termMonths: ..., minSumInsured: ..., maxSumInsured: ..., category: ..., features: ..., createdAt: ..., imageUrl: ...}}, Object{_id: '2', userId: 'user1', policyProductId: 'product2', status: 'PENDING', startDate: Wed Jan 01 2025 05:30:00 GMT+0530 (India Standard Time), endDate: Thu Jan 01 2026 05:30:00 GMT+0530 (India Standard Time), premiumPaid: 3000, nominee: Object{name: ..., relation: ...}, createdAt: Tue Sep 30 2025 14:40:57 GMT+0530 (India Standard Time), policyProduct: Object{_id: ..., title: ..., code: ..., description: ..., premium: ..., termMonths: ..., minSumInsured: ..., maxSumInsured: ..., category: ..., features: ..., createdAt: ..., imageUrl: ...}}][39m
Chrome Headless 140.0.0.0 (Windows 10): Executed 167 of 265[31m (8 FAILED)[39m (0 secs / 1.113 secs)
LOG: 'Loaded policies:', [Object{_id: '1', userId: 'user1', policyProductId: 'product1', status: 'ACTIVE', startDate: Wed Jan 01 2025 05:30:00 GMT+0530 (India Standard Time), endDate: Thu Jan 01 2026 05:30:00 GMT+0530 (India Standard Time), premiumPaid: 5000, nominee: Object{name: ..., relation: ...}, createdAt: Tue Sep 30 2025 14:40:57 GMT+0530 (India Standard Time), policyProduct: Object{_id: ..., title: ..., code: ..., description: ..., premium: ..., termMonths: ..., minSumInsured: ..., maxSumInsured: ..., category: ..., features: ..., createdAt: ..., imageUrl: ...}}, Object{_id: '2', userId: 'user1', policyProductId: 'product2', status: 'PENDING', startDate: Wed Jan 01 2025 05:30:00 GMT+0530 (India Standard Time), endDate: Thu Jan 01 2026 05:30:00 GMT+0530 (India Standard Time), premiumPaid: 3000, nominee: Object{name: ..., relation: ...}, createdAt: Tue Sep 30 2025 14:40:57 GMT+0530 (India Standard Time), policyProduct: Object{_id: ..., title: ..., code: ..., description: ..., premium: ..., termMonths: ..., minSumInsured: ..., maxSumInsured: ..., category: ..., features: ..., createdAt: ..., imageUrl: ...}}]
[1A[2KChrome Headless 140.0.0.0 (Windows 10): Executed 168 of 265[31m (8 FAILED)[39m (0 secs / 1.115 secs)
[1A[2KChrome Headless 140.0.0.0 (Windows 10): Executed 169 of 265[31m (8 FAILED)[39m (0 secs / 1.118 secs)
[1A[2KChrome Headless 140.0.0.0 (Windows 10): Executed 170 of 265[31m (8 FAILED)[39m (0 secs / 1.148 secs)
[1A[2KLOG: [36m'Customer details response:', Object{success: true, data: null}[39m
Chrome Headless 140.0.0.0 (Windows 10): Executed 170 of 265[31m (8 FAILED)[39m (0 secs / 1.148 secs)
LOG: 'Customer details response:', Object{success: true, data: null}
[1A[2KLOG: [36m'Customer details response:', Object{success: false, data: Object{customer: Object{_id: ..., name: ..., email: ..., role: ..., status: ..., gender: ..., maritalStatus: ..., createdAt: ...}, policies: [..., ...], claims: [..., ...], messages: [..., ...], statistics: Object{totalPolicies: ..., totalClaims: ..., pendingClaims: ..., totalPremium: ...}}}[39m
Chrome Headless 140.0.0.0 (Windows 10): Executed 170 of 265[31m (8 FAILED)[39m (0 secs / 1.148 secs)
LOG: 'Customer details response:', Object{success: false, data: Object{customer: Object{_id: ..., name: ..., email: ..., role: ..., status: ..., gender: ..., maritalStatus: ..., createdAt: ...}, policies: [..., ...], claims: [..., ...], messages: [..., ...], statistics: Object{totalPolicies: ..., totalClaims: ..., pendingClaims: ..., totalPremium: ...}}}
[1A[2KChrome Headless 140.0.0.0 (Windows 10): Executed 171 of 265[31m (8 FAILED)[39m (0 secs / 1.151 secs)
[1A[2KChrome Headless 140.0.0.0 (Windows 10): Executed 172 of 265[31m (8 FAILED)[39m (0 secs / 1.154 secs)
[1A[2KLOG: [36m'Customer details response:', Object{success: true, data: Object{customer: Object{_id: ..., name: ..., email: ..., role: ..., status: ..., gender: ..., maritalStatus: ..., createdAt: ...}, policies: [..., ...], claims: [..., ...], messages: [..., ...], statistics: Object{totalPolicies: ..., totalClaims: ..., pendingClaims: ..., totalPremium: ...}}}[39m
Chrome Headless 140.0.0.0 (Windows 10): Executed 172 of 265[31m (8 FAILED)[39m (0 secs / 1.154 secs)
LOG: 'Customer details response:', Object{success: true, data: Object{customer: Object{_id: ..., name: ..., email: ..., role: ..., status: ..., gender: ..., maritalStatus: ..., createdAt: ...}, policies: [..., ...], claims: [..., ...], messages: [..., ...], statistics: Object{totalPolicies: ..., totalClaims: ..., pendingClaims: ..., totalPremium: ...}}}
[1A[2KLOG: [36m'Customer details response:', Object{success: true, data: Object{customer: Object{_id: ..., name: ..., email: ..., role: ..., status: ..., gender: ..., maritalStatus: ..., createdAt: ...}, policies: [..., ...], claims: [..., ...], messages: [..., ...], statistics: Object{totalPolicies: ..., totalClaims: ..., pendingClaims: ..., totalPremium: ...}}}[39m
Chrome Headless 140.0.0.0 (Windows 10): Executed 172 of 265[31m (8 FAILED)[39m (0 secs / 1.154 secs)
LOG: 'Customer details response:', Object{success: true, data: Object{customer: Object{_id: ..., name: ..., email: ..., role: ..., status: ..., gender: ..., maritalStatus: ..., createdAt: ...}, policies: [..., ...], claims: [..., ...], messages: [..., ...], statistics: Object{totalPolicies: ..., totalClaims: ..., pendingClaims: ..., totalPremium: ...}}}
[1A[2KERROR: [36m'Error loading customer details:', Error: API Error
Error: API Error
    at errorFactory (http://localhost:9877/_karma_webpack_/webpack:/src/app/pages/agent/customer-profile/customer-profile.component.spec.ts:109:68)
    at Observable._subscribe (http://localhost:9877/_karma_webpack_/webpack:/node_modules/rxjs/dist/esm/internal/observable/throwError.js:5:51)
    at Observable._trySubscribe (http://localhost:9877/_karma_webpack_/webpack:/node_modules/rxjs/dist/esm/internal/Observable.js:37:25)
    at cb (http://localhost:9877/_karma_webpack_/webpack:/node_modules/rxjs/dist/esm/internal/Observable.js:31:30)
    at errorContext (http://localhost:9877/_karma_webpack_/webpack:/node_modules/rxjs/dist/esm/internal/util/errorContext.js:19:9)
    at Observable.subscribe (http://localhost:9877/_karma_webpack_/webpack:/node_modules/rxjs/dist/esm/internal/Observable.js:22:21)
    at CustomerProfileComponent.loadCustomerDetails (http://localhost:9877/_karma_webpack_/webpack:/src/app/pages/agent/customer-profile/customer-profile.component.ts:39:57)
    at UserContext.apply (http://localhost:9877/_karma_webpack_/webpack:/src/app/pages/agent/customer-profile/customer-profile.component.spec.ts:110:15)
    at _ZoneDelegate.invoke (http://localhost:9877/_karma_webpack_/webpack:/node_modules/zone.js/fesm2015/zone.js:398:28)
    at ProxyZoneSpec.onInvoke (http://localhost:9877/_karma_webpack_/webpack:/node_modules/zone.js/fesm2015/zone-testing.js:2132:39)[39m
Chrome Headless 140.0.0.0 (Windows 10): Executed 172 of 265[31m (8 FAILED)[39m (0 secs / 1.154 secs)
ERROR: 'Error loading customer details:', Error: API Error
Error: API Error
    at errorFactory (http://localhost:9877/_karma_webpack_/webpack:/src/app/pages/agent/customer-profile/customer-profile.component.spec.ts:109:68)
    at Observable._subscribe (http://localhost:9877/_karma_webpack_/webpack:/node_modules/rxjs/dist/esm/internal/observable/throwError.js:5:51)
    at Observable._trySubscribe (http://localhost:9877/_karma_webpack_/webpack:/node_modules/rxjs/dist/esm/internal/Observable.js:37:25)
    at cb (http://localhost:9877/_karma_webpack_/webpack:/node_modules/rxjs/dist/esm/internal/Observable.js:31:30)
    at errorContext (http://localhost:9877/_karma_webpack_/webpack:/node_modules/rxjs/dist/esm/internal/util/errorContext.js:19:9)
    at Observable.subscribe (http://localhost:9877/_karma_webpack_/webpack:/node_modules/rxjs/dist/esm/internal/Observable.js:22:21)
    at CustomerProfileComponent.loadCustomerDetails (http://localhost:9877/_karma_webpack_/webpack:/src/app/pages/agent/customer-profile/customer-profile.component.ts:39:57)
    at UserContext.apply (http://localhost:9877/_karma_webpack_/webpack:/src/app/pages/agent/customer-profile/customer-profile.component.spec.ts:110:15)
    at _ZoneDelegate.invoke (http://localhost:9877/_karma_webpack_/webpack:/node_modules/zone.js/fesm2015/zone.js:398:28)
    at ProxyZoneSpec.onInvoke (http://localhost:9877/_karma_webpack_/webpack:/node_modules/zone.js/fesm2015/zone-testing.js:2132:39)
[1A[2KChrome Headless 140.0.0.0 (Windows 10): Executed 173 of 265[31m (8 FAILED)[39m (0 secs / 1.157 secs)
[1A[2KChrome Headless 140.0.0.0 (Windows 10): Executed 174 of 265[31m (8 FAILED)[39m (0 secs / 1.179 secs)
[1A[2KLOG: [36m'Loading admin dashboard with real backend data...'[39m
Chrome Headless 140.0.0.0 (Windows 10): Executed 174 of 265[31m (8 FAILED)[39m (0 secs / 1.179 secs)
LOG: 'Loading admin dashboard with real backend data...'
[1A[2KLOG: [36m'Admin summary data loaded:', Object{success: true, totalUsers: 150, totalPolicies: 300, pendingClaims: 25, monthlyRevenue: 500000, totalAgents: 10, totalCustomers: 140, approvedClaims: 200, rejectedClaims: 15}[39m
Chrome Headless 140.0.0.0 (Windows 10): Executed 174 of 265[31m (8 FAILED)[39m (0 secs / 1.179 secs)
LOG: 'Admin summary data loaded:', Object{success: true, totalUsers: 150, totalPolicies: 300, pendingClaims: 25, monthlyRevenue: 500000, totalAgents: 10, totalCustomers: 140, approvedClaims: 200, rejectedClaims: 15}
[1A[2KLOG: [36m'Admin dashboard stats updated:', Object{totalUsers: 150, totalPolicies: 300, pendingClaims: 25, monthlyRevenue: 500000, totalAgents: 10, totalCustomers: 140, approvedClaims: 200, rejectedClaims: 15}[39m
Chrome Headless 140.0.0.0 (Windows 10): Executed 174 of 265[31m (8 FAILED)[39m (0 secs / 1.179 secs)
LOG: 'Admin dashboard stats updated:', Object{totalUsers: 150, totalPolicies: 300, pendingClaims: 25, monthlyRevenue: 500000, totalAgents: 10, totalCustomers: 140, approvedClaims: 200, rejectedClaims: 15}
[1A[2KLOG: [36m'Policies loaded:', 2[39m
Chrome Headless 140.0.0.0 (Windows 10): Executed 174 of 265[31m (8 FAILED)[39m (0 secs / 1.179 secs)
LOG: 'Policies loaded:', 2
[1A[2KLOG: [36m'Agents loaded for admin dashboard:', Object{success: true, data: [Object{_id: ..., name: ..., email: ..., role: ...}, Object{_id: ..., name: ..., email: ..., role: ...}]}[39m
Chrome Headless 140.0.0.0 (Windows 10): Executed 174 of 265[31m (8 FAILED)[39m (0 secs / 1.179 secs)
LOG: 'Agents loaded for admin dashboard:', Object{success: true, data: [Object{_id: ..., name: ..., email: ..., role: ...}, Object{_id: ..., name: ..., email: ..., role: ...}]}
[1A[2KLOG: [36m'Customers loaded for admin dashboard:', Object{success: true, data: [Object{_id: ..., name: ..., email: ..., role: ...}, Object{_id: ..., name: ..., email: ..., role: ...}]}[39m
Chrome Headless 140.0.0.0 (Windows 10): Executed 174 of 265[31m (8 FAILED)[39m (0 secs / 1.179 secs)
LOG: 'Customers loaded for admin dashboard:', Object{success: true, data: [Object{_id: ..., name: ..., email: ..., role: ...}, Object{_id: ..., name: ..., email: ..., role: ...}]}
[1A[2KLOG: [36m'Monthly revenue data loaded:', 2[39m
Chrome Headless 140.0.0.0 (Windows 10): Executed 174 of 265[31m (8 FAILED)[39m (0 secs / 1.179 secs)
LOG: 'Monthly revenue data loaded:', 2
[1A[2KChrome Headless 140.0.0.0 (Windows 10): Executed 175 of 265[31m (8 FAILED)[39m (0 secs / 1.181 secs)
[1A[2KLOG: [36m'Agents loaded for admin dashboard:', Object{success: true, data: [Object{_id: ..., name: ..., email: ..., role: ...}, Object{_id: ..., name: ..., email: ..., role: ...}]}[39m
Chrome Headless 140.0.0.0 (Windows 10): Executed 175 of 265[31m (8 FAILED)[39m (0 secs / 1.181 secs)
LOG: 'Agents loaded for admin dashboard:', Object{success: true, data: [Object{_id: ..., name: ..., email: ..., role: ...}, Object{_id: ..., name: ..., email: ..., role: ...}]}
[1A[2KLOG: [36m'Customers loaded for admin dashboard:', Object{success: true, data: [Object{_id: ..., name: ..., email: ..., role: ...}, Object{_id: ..., name: ..., email: ..., role: ...}]}[39m
Chrome Headless 140.0.0.0 (Windows 10): Executed 175 of 265[31m (8 FAILED)[39m (0 secs / 1.181 secs)
LOG: 'Customers loaded for admin dashboard:', Object{success: true, data: [Object{_id: ..., name: ..., email: ..., role: ...}, Object{_id: ..., name: ..., email: ..., role: ...}]}
[1A[2KChrome Headless 140.0.0.0 (Windows 10): Executed 176 of 265[31m (8 FAILED)[39m (0 secs / 1.183 secs)
[1A[2KChrome Headless 140.0.0.0 (Windows 10): Executed 177 of 265[31m (8 FAILED)[39m (0 secs / 1.185 secs)
[1A[2KERROR: [36m'Error loading monthly revenue data:', Error: API Error
Error: API Error
    at errorFactory (http://localhost:9877/_karma_webpack_/webpack:/src/app/pages/admin-dashboard/admin-dashboard.component.spec.ts:180:67)
    at Observable._subscribe (http://localhost:9877/_karma_webpack_/webpack:/node_modules/rxjs/dist/esm/internal/observable/throwError.js:5:51)
    at Observable._trySubscribe (http://localhost:9877/_karma_webpack_/webpack:/node_modules/rxjs/dist/esm/internal/Observable.js:37:25)
    at cb (http://localhost:9877/_karma_webpack_/webpack:/node_modules/rxjs/dist/esm/internal/Observable.js:31:30)
    at errorContext (http://localhost:9877/_karma_webpack_/webpack:/node_modules/rxjs/dist/esm/internal/util/errorContext.js:19:9)
    at Observable.subscribe (http://localhost:9877/_karma_webpack_/webpack:/node_modules/rxjs/dist/esm/internal/Observable.js:22:21)
    at AdminDashboardComponent.loadMonthlyRevenue (http://localhost:9877/_karma_webpack_/webpack:/src/app/pages/admin-dashboard/admin-dashboard.component.ts:157:41)
    at UserContext.apply (http://localhost:9877/_karma_webpack_/webpack:/src/app/pages/admin-dashboard/admin-dashboard.component.spec.ts:182:15)
    at _ZoneDelegate.invoke (http://localhost:9877/_karma_webpack_/webpack:/node_modules/zone.js/fesm2015/zone.js:398:28)
    at ProxyZoneSpec.onInvoke (http://localhost:9877/_karma_webpack_/webpack:/node_modules/zone.js/fesm2015/zone-testing.js:2132:39)[39m
Chrome Headless 140.0.0.0 (Windows 10): Executed 177 of 265[31m (8 FAILED)[39m (0 secs / 1.185 secs)
ERROR: 'Error loading monthly revenue data:', Error: API Error
Error: API Error
    at errorFactory (http://localhost:9877/_karma_webpack_/webpack:/src/app/pages/admin-dashboard/admin-dashboard.component.spec.ts:180:67)
    at Observable._subscribe (http://localhost:9877/_karma_webpack_/webpack:/node_modules/rxjs/dist/esm/internal/observable/throwError.js:5:51)
    at Observable._trySubscribe (http://localhost:9877/_karma_webpack_/webpack:/node_modules/rxjs/dist/esm/internal/Observable.js:37:25)
    at cb (http://localhost:9877/_karma_webpack_/webpack:/node_modules/rxjs/dist/esm/internal/Observable.js:31:30)
    at errorContext (http://localhost:9877/_karma_webpack_/webpack:/node_modules/rxjs/dist/esm/internal/util/errorContext.js:19:9)
    at Observable.subscribe (http://localhost:9877/_karma_webpack_/webpack:/node_modules/rxjs/dist/esm/internal/Observable.js:22:21)
    at AdminDashboardComponent.loadMonthlyRevenue (http://localhost:9877/_karma_webpack_/webpack:/src/app/pages/admin-dashboard/admin-dashboard.component.ts:157:41)
    at UserContext.apply (http://localhost:9877/_karma_webpack_/webpack:/src/app/pages/admin-dashboard/admin-dashboard.component.spec.ts:182:15)
    at _ZoneDelegate.invoke (http://localhost:9877/_karma_webpack_/webpack:/node_modules/zone.js/fesm2015/zone.js:398:28)
    at ProxyZoneSpec.onInvoke (http://localhost:9877/_karma_webpack_/webpack:/node_modules/zone.js/fesm2015/zone-testing.js:2132:39)
[1A[2KChrome Headless 140.0.0.0 (Windows 10): Executed 178 of 265[31m (8 FAILED)[39m (0 secs / 1.187 secs)
[1A[2KChrome Headless 140.0.0.0 (Windows 10): Executed 179 of 265[31m (8 FAILED)[39m (0 secs / 1.189 secs)
[1A[2KLOG: [36m'Loading admin dashboard with real backend data...'[39m
Chrome Headless 140.0.0.0 (Windows 10): Executed 179 of 265[31m (8 FAILED)[39m (0 secs / 1.189 secs)
LOG: 'Loading admin dashboard with real backend data...'
[1A[2KLOG: [36m'Admin summary data loaded:', Object{success: true, totalUsers: 150, totalPolicies: 300, pendingClaims: 25, monthlyRevenue: 500000, totalAgents: 10, totalCustomers: 140, approvedClaims: 200, rejectedClaims: 15}[39m
Chrome Headless 140.0.0.0 (Windows 10): Executed 179 of 265[31m (8 FAILED)[39m (0 secs / 1.189 secs)
LOG: 'Admin summary data loaded:', Object{success: true, totalUsers: 150, totalPolicies: 300, pendingClaims: 25, monthlyRevenue: 500000, totalAgents: 10, totalCustomers: 140, approvedClaims: 200, rejectedClaims: 15}
[1A[2KLOG: [36m'Admin dashboard stats updated:', Object{totalUsers: 150, totalPolicies: 300, pendingClaims: 25, monthlyRevenue: 500000, totalAgents: 10, totalCustomers: 140, approvedClaims: 200, rejectedClaims: 15}[39m
Chrome Headless 140.0.0.0 (Windows 10): Executed 179 of 265[31m (8 FAILED)[39m (0 secs / 1.189 secs)
LOG: 'Admin dashboard stats updated:', Object{totalUsers: 150, totalPolicies: 300, pendingClaims: 25, monthlyRevenue: 500000, totalAgents: 10, totalCustomers: 140, approvedClaims: 200, rejectedClaims: 15}
[1A[2KLOG: [36m'Policies loaded:', 2[39m
Chrome Headless 140.0.0.0 (Windows 10): Executed 179 of 265[31m (8 FAILED)[39m (0 secs / 1.189 secs)
LOG: 'Policies loaded:', 2
[1A[2KLOG: [36m'Agents loaded for admin dashboard:', Object{success: true, data: [Object{_id: ..., name: ..., email: ..., role: ...}, Object{_id: ..., name: ..., email: ..., role: ...}]}[39m
Chrome Headless 140.0.0.0 (Windows 10): Executed 179 of 265[31m (8 FAILED)[39m (0 secs / 1.189 secs)
LOG: 'Agents loaded for admin dashboard:', Object{success: true, data: [Object{_id: ..., name: ..., email: ..., role: ...}, Object{_id: ..., name: ..., email: ..., role: ...}]}
[1A[2KLOG: [36m'Customers loaded for admin dashboard:', Object{success: true, data: [Object{_id: ..., name: ..., email: ..., role: ...}, Object{_id: ..., name: ..., email: ..., role: ...}]}[39m
Chrome Headless 140.0.0.0 (Windows 10): Executed 179 of 265[31m (8 FAILED)[39m (0 secs / 1.189 secs)
LOG: 'Customers loaded for admin dashboard:', Object{success: true, data: [Object{_id: ..., name: ..., email: ..., role: ...}, Object{_id: ..., name: ..., email: ..., role: ...}]}
[1A[2KLOG: [36m'Monthly revenue data loaded:', 2[39m
Chrome Headless 140.0.0.0 (Windows 10): Executed 179 of 265[31m (8 FAILED)[39m (0 secs / 1.189 secs)
LOG: 'Monthly revenue data loaded:', 2
[1A[2KChrome Headless 140.0.0.0 (Windows 10): Executed 180 of 265[31m (8 FAILED)[39m (0 secs / 1.192 secs)
[1A[2KLOG: [36m'Loading admin dashboard with real backend data...'[39m
Chrome Headless 140.0.0.0 (Windows 10): Executed 180 of 265[31m (8 FAILED)[39m (0 secs / 1.192 secs)
LOG: 'Loading admin dashboard with real backend data...'
[1A[2KLOG: [36m'Admin summary data loaded:', Object{success: true, totalUsers: 150, totalPolicies: 300, pendingClaims: 25, monthlyRevenue: 500000, totalAgents: 10, totalCustomers: 140, approvedClaims: 200, rejectedClaims: 15}[39m
Chrome Headless 140.0.0.0 (Windows 10): Executed 180 of 265[31m (8 FAILED)[39m (0 secs / 1.192 secs)
LOG: 'Admin summary data loaded:', Object{success: true, totalUsers: 150, totalPolicies: 300, pendingClaims: 25, monthlyRevenue: 500000, totalAgents: 10, totalCustomers: 140, approvedClaims: 200, rejectedClaims: 15}
[1A[2KLOG: [36m'Admin dashboard stats updated:', Object{totalUsers: 150, totalPolicies: 300, pendingClaims: 25, monthlyRevenue: 500000, totalAgents: 10, totalCustomers: 140, approvedClaims: 200, rejectedClaims: 15}[39m
Chrome Headless 140.0.0.0 (Windows 10): Executed 180 of 265[31m (8 FAILED)[39m (0 secs / 1.192 secs)
LOG: 'Admin dashboard stats updated:', Object{totalUsers: 150, totalPolicies: 300, pendingClaims: 25, monthlyRevenue: 500000, totalAgents: 10, totalCustomers: 140, approvedClaims: 200, rejectedClaims: 15}
[1A[2KLOG: [36m'Policies loaded:', 2[39m
Chrome Headless 140.0.0.0 (Windows 10): Executed 180 of 265[31m (8 FAILED)[39m (0 secs / 1.192 secs)
LOG: 'Policies loaded:', 2
[1A[2KLOG: [36m'Agents loaded for admin dashboard:', Object{success: true, data: [Object{_id: ..., name: ..., email: ..., role: ...}, Object{_id: ..., name: ..., email: ..., role: ...}]}[39m
Chrome Headless 140.0.0.0 (Windows 10): Executed 180 of 265[31m (8 FAILED)[39m (0 secs / 1.192 secs)
LOG: 'Agents loaded for admin dashboard:', Object{success: true, data: [Object{_id: ..., name: ..., email: ..., role: ...}, Object{_id: ..., name: ..., email: ..., role: ...}]}
[1A[2KLOG: [36m'Customers loaded for admin dashboard:', Object{success: true, data: [Object{_id: ..., name: ..., email: ..., role: ...}, Object{_id: ..., name: ..., email: ..., role: ...}]}[39m
Chrome Headless 140.0.0.0 (Windows 10): Executed 180 of 265[31m (8 FAILED)[39m (0 secs / 1.192 secs)
LOG: 'Customers loaded for admin dashboard:', Object{success: true, data: [Object{_id: ..., name: ..., email: ..., role: ...}, Object{_id: ..., name: ..., email: ..., role: ...}]}
[1A[2KLOG: [36m'Monthly revenue data loaded:', 2[39m
Chrome Headless 140.0.0.0 (Windows 10): Executed 180 of 265[31m (8 FAILED)[39m (0 secs / 1.192 secs)
LOG: 'Monthly revenue data loaded:', 2
[1A[2KChrome Headless 140.0.0.0 (Windows 10): Executed 181 of 265[31m (8 FAILED)[39m (0 secs / 1.199 secs)
[1A[2KLOG: [36m'Policies loaded:', 2[39m
Chrome Headless 140.0.0.0 (Windows 10): Executed 181 of 265[31m (8 FAILED)[39m (0 secs / 1.199 secs)
LOG: 'Policies loaded:', 2
[1A[2KChrome Headless 140.0.0.0 (Windows 10): Executed 182 of 265[31m (8 FAILED)[39m (0 secs / 1.201 secs)
[1A[2KERROR: [36m'Error loading policies:', Error: API Error
Error: API Error
    at errorFactory (http://localhost:9877/_karma_webpack_/webpack:/src/app/pages/admin-dashboard/admin-dashboard.component.spec.ts:152:61)
    at Observable._subscribe (http://localhost:9877/_karma_webpack_/webpack:/node_modules/rxjs/dist/esm/internal/observable/throwError.js:5:51)
    at Observable._trySubscribe (http://localhost:9877/_karma_webpack_/webpack:/node_modules/rxjs/dist/esm/internal/Observable.js:37:25)
    at cb (http://localhost:9877/_karma_webpack_/webpack:/node_modules/rxjs/dist/esm/internal/Observable.js:31:30)
    at errorContext (http://localhost:9877/_karma_webpack_/webpack:/node_modules/rxjs/dist/esm/internal/util/errorContext.js:19:9)
    at Observable.subscribe (http://localhost:9877/_karma_webpack_/webpack:/node_modules/rxjs/dist/esm/internal/Observable.js:22:21)
    at AdminDashboardComponent.loadPolicies (http://localhost:9877/_karma_webpack_/webpack:/src/app/pages/admin-dashboard/admin-dashboard.component.ts:110:35)
    at UserContext.apply (http://localhost:9877/_karma_webpack_/webpack:/src/app/pages/admin-dashboard/admin-dashboard.component.spec.ts:154:15)
    at _ZoneDelegate.invoke (http://localhost:9877/_karma_webpack_/webpack:/node_modules/zone.js/fesm2015/zone.js:398:28)
    at ProxyZoneSpec.onInvoke (http://localhost:9877/_karma_webpack_/webpack:/node_modules/zone.js/fesm2015/zone-testing.js:2132:39)[39m
Chrome Headless 140.0.0.0 (Windows 10): Executed 182 of 265[31m (8 FAILED)[39m (0 secs / 1.201 secs)
ERROR: 'Error loading policies:', Error: API Error
Error: API Error
    at errorFactory (http://localhost:9877/_karma_webpack_/webpack:/src/app/pages/admin-dashboard/admin-dashboard.component.spec.ts:152:61)
    at Observable._subscribe (http://localhost:9877/_karma_webpack_/webpack:/node_modules/rxjs/dist/esm/internal/observable/throwError.js:5:51)
    at Observable._trySubscribe (http://localhost:9877/_karma_webpack_/webpack:/node_modules/rxjs/dist/esm/internal/Observable.js:37:25)
    at cb (http://localhost:9877/_karma_webpack_/webpack:/node_modules/rxjs/dist/esm/internal/Observable.js:31:30)
    at errorContext (http://localhost:9877/_karma_webpack_/webpack:/node_modules/rxjs/dist/esm/internal/util/errorContext.js:19:9)
    at Observable.subscribe (http://localhost:9877/_karma_webpack_/webpack:/node_modules/rxjs/dist/esm/internal/Observable.js:22:21)
    at AdminDashboardComponent.loadPolicies (http://localhost:9877/_karma_webpack_/webpack:/src/app/pages/admin-dashboard/admin-dashboard.component.ts:110:35)
    at UserContext.apply (http://localhost:9877/_karma_webpack_/webpack:/src/app/pages/admin-dashboard/admin-dashboard.component.spec.ts:154:15)
    at _ZoneDelegate.invoke (http://localhost:9877/_karma_webpack_/webpack:/node_modules/zone.js/fesm2015/zone.js:398:28)
    at ProxyZoneSpec.onInvoke (http://localhost:9877/_karma_webpack_/webpack:/node_modules/zone.js/fesm2015/zone-testing.js:2132:39)
[1A[2KChrome Headless 140.0.0.0 (Windows 10): Executed 183 of 265[31m (8 FAILED)[39m (0 secs / 1.204 secs)
[1A[2KChrome Headless 140.0.0.0 (Windows 10): Executed 184 of 265[31m (8 FAILED)[39m (0 secs / 1.206 secs)
[1A[2KLOG: [36m'Monthly revenue data loaded:', 2[39m
Chrome Headless 140.0.0.0 (Windows 10): Executed 184 of 265[31m (8 FAILED)[39m (0 secs / 1.206 secs)
LOG: 'Monthly revenue data loaded:', 2
[1A[2KChrome Headless 140.0.0.0 (Windows 10): Executed 185 of 265[31m (8 FAILED)[39m (0 secs / 1.208 secs)
[1A[2KLOG: [36m'Loading admin dashboard with real backend data...'[39m
Chrome Headless 140.0.0.0 (Windows 10): Executed 185 of 265[31m (8 FAILED)[39m (0 secs / 1.208 secs)
LOG: 'Loading admin dashboard with real backend data...'
[1A[2KERROR: [36m'Error loading admin summary:', Error: API Error
Error: API Error
    at errorFactory (http://localhost:9877/_karma_webpack_/webpack:/src/app/pages/admin-dashboard/admin-dashboard.component.spec.ts:200:65)
    at Observable._subscribe (http://localhost:9877/_karma_webpack_/webpack:/node_modules/rxjs/dist/esm/internal/observable/throwError.js:5:51)
    at Observable._trySubscribe (http://localhost:9877/_karma_webpack_/webpack:/node_modules/rxjs/dist/esm/internal/Observable.js:37:25)
    at cb (http://localhost:9877/_karma_webpack_/webpack:/node_modules/rxjs/dist/esm/internal/Observable.js:31:30)
    at errorContext (http://localhost:9877/_karma_webpack_/webpack:/node_modules/rxjs/dist/esm/internal/util/errorContext.js:19:9)
    at Observable.subscribe (http://localhost:9877/_karma_webpack_/webpack:/node_modules/rxjs/dist/esm/internal/Observable.js:22:21)
    at AdminDashboardComponent.loadAdminData (http://localhost:9877/_karma_webpack_/webpack:/src/app/pages/admin-dashboard/admin-dashboard.component.ts:49:39)
    at UserContext.apply (http://localhost:9877/_karma_webpack_/webpack:/src/app/pages/admin-dashboard/admin-dashboard.component.spec.ts:202:15)
    at _ZoneDelegate.invoke (http://localhost:9877/_karma_webpack_/webpack:/node_modules/zone.js/fesm2015/zone.js:398:28)
    at ProxyZoneSpec.onInvoke (http://localhost:9877/_karma_webpack_/webpack:/node_modules/zone.js/fesm2015/zone-testing.js:2132:39)[39m
Chrome Headless 140.0.0.0 (Windows 10): Executed 185 of 265[31m (8 FAILED)[39m (0 secs / 1.208 secs)
ERROR: 'Error loading admin summary:', Error: API Error
Error: API Error
    at errorFactory (http://localhost:9877/_karma_webpack_/webpack:/src/app/pages/admin-dashboard/admin-dashboard.component.spec.ts:200:65)
    at Observable._subscribe (http://localhost:9877/_karma_webpack_/webpack:/node_modules/rxjs/dist/esm/internal/observable/throwError.js:5:51)
    at Observable._trySubscribe (http://localhost:9877/_karma_webpack_/webpack:/node_modules/rxjs/dist/esm/internal/Observable.js:37:25)
    at cb (http://localhost:9877/_karma_webpack_/webpack:/node_modules/rxjs/dist/esm/internal/Observable.js:31:30)
    at errorContext (http://localhost:9877/_karma_webpack_/webpack:/node_modules/rxjs/dist/esm/internal/util/errorContext.js:19:9)
    at Observable.subscribe (http://localhost:9877/_karma_webpack_/webpack:/node_modules/rxjs/dist/esm/internal/Observable.js:22:21)
    at AdminDashboardComponent.loadAdminData (http://localhost:9877/_karma_webpack_/webpack:/src/app/pages/admin-dashboard/admin-dashboard.component.ts:49:39)
    at UserContext.apply (http://localhost:9877/_karma_webpack_/webpack:/src/app/pages/admin-dashboard/admin-dashboard.component.spec.ts:202:15)
    at _ZoneDelegate.invoke (http://localhost:9877/_karma_webpack_/webpack:/node_modules/zone.js/fesm2015/zone.js:398:28)
    at ProxyZoneSpec.onInvoke (http://localhost:9877/_karma_webpack_/webpack:/node_modules/zone.js/fesm2015/zone-testing.js:2132:39)
[1A[2KLOG: [36m'Policies loaded:', 2[39m
Chrome Headless 140.0.0.0 (Windows 10): Executed 185 of 265[31m (8 FAILED)[39m (0 secs / 1.208 secs)
LOG: 'Policies loaded:', 2
[1A[2KLOG: [36m'Agents loaded for admin dashboard:', Object{success: true, data: [Object{_id: ..., name: ..., email: ..., role: ...}, Object{_id: ..., name: ..., email: ..., role: ...}]}[39m
Chrome Headless 140.0.0.0 (Windows 10): Executed 185 of 265[31m (8 FAILED)[39m (0 secs / 1.208 secs)
LOG: 'Agents loaded for admin dashboard:', Object{success: true, data: [Object{_id: ..., name: ..., email: ..., role: ...}, Object{_id: ..., name: ..., email: ..., role: ...}]}
[1A[2KLOG: [36m'Customers loaded for admin dashboard:', Object{success: true, data: [Object{_id: ..., name: ..., email: ..., role: ...}, Object{_id: ..., name: ..., email: ..., role: ...}]}[39m
Chrome Headless 140.0.0.0 (Windows 10): Executed 185 of 265[31m (8 FAILED)[39m (0 secs / 1.208 secs)
LOG: 'Customers loaded for admin dashboard:', Object{success: true, data: [Object{_id: ..., name: ..., email: ..., role: ...}, Object{_id: ..., name: ..., email: ..., role: ...}]}
[1A[2KLOG: [36m'Monthly revenue data loaded:', 2[39m
Chrome Headless 140.0.0.0 (Windows 10): Executed 185 of 265[31m (8 FAILED)[39m (0 secs / 1.208 secs)
LOG: 'Monthly revenue data loaded:', 2
[1A[2KChrome Headless 140.0.0.0 (Windows 10): Executed 186 of 265[31m (8 FAILED)[39m (0 secs / 1.211 secs)
[1A[2KChrome Headless 140.0.0.0 (Windows 10): Executed 187 of 265[31m (8 FAILED)[39m (0 secs / 1.213 secs)
[1A[2KChrome Headless 140.0.0.0 (Windows 10): Executed 188 of 265[31m (8 FAILED)[39m (0 secs / 1.215 secs)
[1A[2KChrome Headless 140.0.0.0 (Windows 10): Executed 189 of 265[31m (8 FAILED)[39m (0 secs / 1.215 secs)
[1A[2KChrome Headless 140.0.0.0 (Windows 10): Executed 190 of 265[31m (8 FAILED)[39m (0 secs / 1.215 secs)
[1A[2KChrome Headless 140.0.0.0 (Windows 10): Executed 191 of 265[31m (8 FAILED)[39m (0 secs / 1.215 secs)
[1A[2KChrome Headless 140.0.0.0 (Windows 10): Executed 192 of 265[31m (8 FAILED)[39m (0 secs / 1.215 secs)
[1A[2KChrome Headless 140.0.0.0 (Windows 10): Executed 193 of 265[31m (8 FAILED)[39m (0 secs / 1.222 secs)
[1A[2KChrome Headless 140.0.0.0 (Windows 10): Executed 194 of 265[31m (8 FAILED)[39m (0 secs / 1.224 secs)
[1A[2KERROR: [36m'Error loading payments:', Error: API Error
Error: API Error
    at errorFactory (http://localhost:9877/_karma_webpack_/webpack:/src/app/pages/payments/payments.component.spec.ts:90:65)
    at Observable._subscribe (http://localhost:9877/_karma_webpack_/webpack:/node_modules/rxjs/dist/esm/internal/observable/throwError.js:5:51)
    at Observable._trySubscribe (http://localhost:9877/_karma_webpack_/webpack:/node_modules/rxjs/dist/esm/internal/Observable.js:37:25)
    at cb (http://localhost:9877/_karma_webpack_/webpack:/node_modules/rxjs/dist/esm/internal/Observable.js:31:30)
    at errorContext (http://localhost:9877/_karma_webpack_/webpack:/node_modules/rxjs/dist/esm/internal/util/errorContext.js:19:9)
    at Observable.subscribe (http://localhost:9877/_karma_webpack_/webpack:/node_modules/rxjs/dist/esm/internal/Observable.js:22:21)
    at PaymentsComponent.loadPayments (http://localhost:9877/_karma_webpack_/webpack:/src/app/pages/payments/payments.component.ts:26:39)
    at UserContext.apply (http://localhost:9877/_karma_webpack_/webpack:/src/app/pages/payments/payments.component.spec.ts:92:15)
    at _ZoneDelegate.invoke (http://localhost:9877/_karma_webpack_/webpack:/node_modules/zone.js/fesm2015/zone.js:398:28)
    at ProxyZoneSpec.onInvoke (http://localhost:9877/_karma_webpack_/webpack:/node_modules/zone.js/fesm2015/zone-testing.js:2132:39)[39m
Chrome Headless 140.0.0.0 (Windows 10): Executed 194 of 265[31m (8 FAILED)[39m (0 secs / 1.224 secs)
ERROR: 'Error loading payments:', Error: API Error
Error: API Error
    at errorFactory (http://localhost:9877/_karma_webpack_/webpack:/src/app/pages/payments/payments.component.spec.ts:90:65)
    at Observable._subscribe (http://localhost:9877/_karma_webpack_/webpack:/node_modules/rxjs/dist/esm/internal/observable/throwError.js:5:51)
    at Observable._trySubscribe (http://localhost:9877/_karma_webpack_/webpack:/node_modules/rxjs/dist/esm/internal/Observable.js:37:25)
    at cb (http://localhost:9877/_karma_webpack_/webpack:/node_modules/rxjs/dist/esm/internal/Observable.js:31:30)
    at errorContext (http://localhost:9877/_karma_webpack_/webpack:/node_modules/rxjs/dist/esm/internal/util/errorContext.js:19:9)
    at Observable.subscribe (http://localhost:9877/_karma_webpack_/webpack:/node_modules/rxjs/dist/esm/internal/Observable.js:22:21)
    at PaymentsComponent.loadPayments (http://localhost:9877/_karma_webpack_/webpack:/src/app/pages/payments/payments.component.ts:26:39)
    at UserContext.apply (http://localhost:9877/_karma_webpack_/webpack:/src/app/pages/payments/payments.component.spec.ts:92:15)
    at _ZoneDelegate.invoke (http://localhost:9877/_karma_webpack_/webpack:/node_modules/zone.js/fesm2015/zone.js:398:28)
    at ProxyZoneSpec.onInvoke (http://localhost:9877/_karma_webpack_/webpack:/node_modules/zone.js/fesm2015/zone-testing.js:2132:39)
[1A[2KChrome Headless 140.0.0.0 (Windows 10): Executed 195 of 265[31m (8 FAILED)[39m (0 secs / 1.226 secs)
[1A[2KChrome Headless 140.0.0.0 (Windows 10): Executed 196 of 265[31m (8 FAILED)[39m (0 secs / 1.227 secs)
[1A[2KChrome Headless 140.0.0.0 (Windows 10): Executed 197 of 265[31m (8 FAILED)[39m (0 secs / 1.229 secs)
[1A[2KChrome Headless 140.0.0.0 (Windows 10): Executed 198 of 265[31m (8 FAILED)[39m (0 secs / 1.23 secs)
[1A[2KChrome Headless 140.0.0.0 (Windows 10): Executed 199 of 265[31m (8 FAILED)[39m (0 secs / 1.232 secs)
[1A[2KChrome Headless 140.0.0.0 (Windows 10): Executed 200 of 265[31m (8 FAILED)[39m (0 secs / 1.234 secs)
[1A[2KChrome Headless 140.0.0.0 (Windows 10): Executed 201 of 265[31m (8 FAILED)[39m (0 secs / 1.236 secs)
[1A[2KChrome Headless 140.0.0.0 (Windows 10): Executed 202 of 265[31m (8 FAILED)[39m (0 secs / 1.24 secs)
[1A[2KChrome Headless 140.0.0.0 (Windows 10): Executed 203 of 265[31m (8 FAILED)[39m (0 secs / 1.242 secs)
[1A[2KChrome Headless 140.0.0.0 (Windows 10): Executed 204 of 265[31m (8 FAILED)[39m (0 secs / 1.245 secs)
[1A[2KChrome Headless 140.0.0.0 (Windows 10): Executed 205 of 265[31m (8 FAILED)[39m (0 secs / 1.248 secs)
[1A[2KChrome Headless 140.0.0.0 (Windows 10): Executed 206 of 265[31m (8 FAILED)[39m (0 secs / 1.249 secs)
[1A[2KChrome Headless 140.0.0.0 (Windows 10): Executed 207 of 265[31m (8 FAILED)[39m (0 secs / 1.255 secs)
[1A[2KLOG: [36m'App component - Refreshing auth state'[39m
Chrome Headless 140.0.0.0 (Windows 10): Executed 207 of 265[31m (8 FAILED)[39m (0 secs / 1.255 secs)
LOG: 'App component - Refreshing auth state'
[1A[2KChrome Headless 140.0.0.0 (Windows 10): Executed 208 of 265[31m (8 FAILED)[39m (0 secs / 1.267 secs)
[1A[2KLOG: [36m'Logging out...'[39m
Chrome Headless 140.0.0.0 (Windows 10): Executed 208 of 265[31m (8 FAILED)[39m (0 secs / 1.267 secs)
LOG: 'Logging out...'
[1A[2KChrome Headless 140.0.0.0 (Windows 10): Executed 209 of 265[31m (8 FAILED)[39m (0 secs / 1.27 secs)
[1A[2KChrome Headless 140.0.0.0 (Windows 10): Executed 210 of 265[31m (8 FAILED)[39m (0 secs / 1.272 secs)
[1A[2KChrome Headless 140.0.0.0 (Windows 10): Executed 211 of 265[31m (8 FAILED)[39m (0 secs / 1.274 secs)
[1A[2KChrome Headless 140.0.0.0 (Windows 10): Executed 212 of 265[31m (8 FAILED)[39m (0 secs / 1.277 secs)
[1A[2KChrome Headless 140.0.0.0 (Windows 10): Executed 213 of 265[31m (8 FAILED)[39m (0 secs / 1.281 secs)
[1A[2KERROR: [36m'Login error:', Object{error: Object{message: 'Invalid credentials'}}[39m
Chrome Headless 140.0.0.0 (Windows 10): Executed 213 of 265[31m (8 FAILED)[39m (0 secs / 1.281 secs)
ERROR: 'Login error:', Object{error: Object{message: 'Invalid credentials'}}
[1A[2KChrome Headless 140.0.0.0 (Windows 10): Executed 214 of 265[31m (8 FAILED)[39m (0 secs / 1.332 secs)
[1A[2KChrome Headless 140.0.0.0 (Windows 10): Executed 215 of 265[31m (8 FAILED)[39m (0 secs / 1.336 secs)
[1A[2KChrome Headless 140.0.0.0 (Windows 10): Executed 216 of 265[31m (8 FAILED)[39m (0 secs / 1.342 secs)
[1A[2KChrome Headless 140.0.0.0 (Windows 10): Executed 217 of 265[31m (8 FAILED)[39m (0 secs / 1.347 secs)
[1A[2KChrome Headless 140.0.0.0 (Windows 10): Executed 218 of 265[31m (8 FAILED)[39m (0 secs / 1.352 secs)
[1A[2KChrome Headless 140.0.0.0 (Windows 10): Executed 219 of 265[31m (8 FAILED)[39m (0 secs / 1.357 secs)
[1A[2KLOG: [36m'Login successful:', Object{success: true, token: 'mock-token', user: Object{_id: '1', name: 'Test User', email: 'test@example.com', role: 'customer', createdAt: Tue Sep 30 2025 14:40:58 GMT+0530 (India Standard Time), updatedAt: Tue Sep 30 2025 14:40:58 GMT+0530 (India Standard Time)}}[39m
Chrome Headless 140.0.0.0 (Windows 10): Executed 219 of 265[31m (8 FAILED)[39m (0 secs / 1.357 secs)
LOG: 'Login successful:', Object{success: true, token: 'mock-token', user: Object{_id: '1', name: 'Test User', email: 'test@example.com', role: 'customer', createdAt: Tue Sep 30 2025 14:40:58 GMT+0530 (India Standard Time), updatedAt: Tue Sep 30 2025 14:40:58 GMT+0530 (India Standard Time)}}
[1A[2KChrome Headless 140.0.0.0 (Windows 10): Executed 220 of 265[31m (8 FAILED)[39m (0 secs / 1.363 secs)
[1A[2KChrome Headless 140.0.0.0 (Windows 10): Executed 221 of 265[31m (8 FAILED)[39m (0 secs / 1.363 secs)
[1A[2KChrome Headless 140.0.0.0 (Windows 10): Executed 222 of 265[31m (8 FAILED)[39m (0 secs / 1.363 secs)
[1A[2KChrome Headless 140.0.0.0 (Windows 10): Executed 223 of 265[31m (8 FAILED)[39m (0 secs / 1.363 secs)
[1A[2KChrome Headless 140.0.0.0 (Windows 10): Executed 224 of 265[31m (8 FAILED)[39m (0 secs / 1.364 secs)
[1A[2KChrome Headless 140.0.0.0 (Windows 10): Executed 225 of 265[31m (8 FAILED)[39m (0 secs / 1.364 secs)
[1A[2KChrome Headless 140.0.0.0 (Windows 10): Executed 226 of 265[31m (8 FAILED)[39m (0 secs / 1.365 secs)
[1A[2KChrome Headless 140.0.0.0 (Windows 10): Executed 227 of 265[31m (8 FAILED)[39m (0 secs / 1.365 secs)
[1A[2KChrome Headless 140.0.0.0 (Windows 10): Executed 228 of 265[31m (8 FAILED)[39m (0 secs / 1.366 secs)
[1A[2KChrome Headless 140.0.0.0 (Windows 10): Executed 229 of 265[31m (8 FAILED)[39m (0 secs / 1.366 secs)
[1A[2KChrome Headless 140.0.0.0 (Windows 10): Executed 230 of 265[31m (8 FAILED)[39m (0 secs / 1.366 secs)
[1A[2KChrome Headless 140.0.0.0 (Windows 10): Executed 231 of 265[31m (8 FAILED)[39m (0 secs / 1.366 secs)
[1A[2KChrome Headless 140.0.0.0 (Windows 10): Executed 232 of 265[31m (8 FAILED)[39m (0 secs / 1.366 secs)
[1A[2KChrome Headless 140.0.0.0 (Windows 10): Executed 233 of 265[31m (8 FAILED)[39m (0 secs / 1.367 secs)
[1A[2KChrome Headless 140.0.0.0 (Windows 10): Executed 234 of 265[31m (8 FAILED)[39m (0 secs / 1.369 secs)
[1A[2KChrome Headless 140.0.0.0 (Windows 10): Executed 235 of 265[31m (8 FAILED)[39m (0 secs / 1.37 secs)
[1A[2KChrome Headless 140.0.0.0 (Windows 10): Executed 236 of 265[31m (8 FAILED)[39m (0 secs / 1.397 secs)
[1A[2KChrome Headless 140.0.0.0 (Windows 10): Executed 237 of 265[31m (8 FAILED)[39m (0 secs / 1.405 secs)
[1A[2KChrome Headless 140.0.0.0 (Windows 10): Executed 238 of 265[31m (8 FAILED)[39m (0 secs / 1.416 secs)
[1A[2KLOG: [36m'Login successful:', Object{success: false, token: '', user: Object{_id: '', name: '', email: '', role: 'customer', createdAt: Tue Sep 30 2025 14:40:58 GMT+0530 (India Standard Time), updatedAt: Tue Sep 30 2025 14:40:58 GMT+0530 (India Standard Time)}}[39m
Chrome Headless 140.0.0.0 (Windows 10): Executed 238 of 265[31m (8 FAILED)[39m (0 secs / 1.416 secs)
LOG: 'Login successful:', Object{success: false, token: '', user: Object{_id: '', name: '', email: '', role: 'customer', createdAt: Tue Sep 30 2025 14:40:58 GMT+0530 (India Standard Time), updatedAt: Tue Sep 30 2025 14:40:58 GMT+0530 (India Standard Time)}}
[1A[2KChrome Headless 140.0.0.0 (Windows 10): Executed 239 of 265[31m (8 FAILED)[39m (0 secs / 1.417 secs)
[1A[2KChrome Headless 140.0.0.0 (Windows 10): Executed 240 of 265[31m (8 FAILED)[39m (0 secs / 1.417 secs)
[1A[2KChrome Headless 140.0.0.0 (Windows 10): Executed 241 of 265[31m (8 FAILED)[39m (0 secs / 1.418 secs)
[1A[2KChrome Headless 140.0.0.0 (Windows 10): Executed 242 of 265[31m (8 FAILED)[39m (0 secs / 1.42 secs)
[1A[2KChrome Headless 140.0.0.0 (Windows 10): Executed 243 of 265[31m (8 FAILED)[39m (0 secs / 1.422 secs)
[1A[2KChrome Headless 140.0.0.0 (Windows 10): Executed 244 of 265[31m (8 FAILED)[39m (0 secs / 1.424 secs)
[1A[2KChrome Headless 140.0.0.0 (Windows 10): Executed 245 of 265[31m (8 FAILED)[39m (0 secs / 1.426 secs)
[1A[2KChrome Headless 140.0.0.0 (Windows 10): Executed 246 of 265[31m (8 FAILED)[39m (0 secs / 1.427 secs)
[1A[2KChrome Headless 140.0.0.0 (Windows 10): Executed 247 of 265[31m (8 FAILED)[39m (0 secs / 1.428 secs)
[1A[2KChrome Headless 140.0.0.0 (Windows 10): Executed 248 of 265[31m (8 FAILED)[39m (0 secs / 1.43 secs)
[1A[2KChrome Headless 140.0.0.0 (Windows 10): Executed 249 of 265[31m (8 FAILED)[39m (0 secs / 1.431 secs)
[1A[2KChrome Headless 140.0.0.0 (Windows 10): Executed 250 of 265[31m (8 FAILED)[39m (0 secs / 1.434 secs)
[1A[2KChrome Headless 140.0.0.0 (Windows 10): Executed 251 of 265[31m (8 FAILED)[39m (0 secs / 1.435 secs)
[1A[2KChrome Headless 140.0.0.0 (Windows 10): Executed 252 of 265[31m (8 FAILED)[39m (0 secs / 1.437 secs)
[1A[2KChrome Headless 140.0.0.0 (Windows 10): Executed 253 of 265[31m (8 FAILED)[39m (0 secs / 1.438 secs)
[1A[2KChrome Headless 140.0.0.0 (Windows 10): Executed 254 of 265[31m (8 FAILED)[39m (0 secs / 1.438 secs)
[1A[2KChrome Headless 140.0.0.0 (Windows 10): Executed 255 of 265[31m (8 FAILED)[39m (0 secs / 1.445 secs)
[1A[2KChrome Headless 140.0.0.0 (Windows 10): Executed 256 of 265[31m (8 FAILED)[39m (0 secs / 1.446 secs)
[1A[2KChrome Headless 140.0.0.0 (Windows 10): Executed 257 of 265[31m (8 FAILED)[39m (0 secs / 1.447 secs)
[1A[2KChrome Headless 140.0.0.0 (Windows 10): Executed 258 of 265[31m (8 FAILED)[39m (0 secs / 1.449 secs)
[1A[2KChrome Headless 140.0.0.0 (Windows 10): Executed 259 of 265[31m (8 FAILED)[39m (0 secs / 1.45 secs)
[1A[2KChrome Headless 140.0.0.0 (Windows 10): Executed 260 of 265[31m (8 FAILED)[39m (0 secs / 1.45 secs)
[1A[2KChrome Headless 140.0.0.0 (Windows 10): Executed 261 of 265[31m (8 FAILED)[39m (0 secs / 1.451 secs)
[1A[2KChrome Headless 140.0.0.0 (Windows 10): Executed 262 of 265[31m (8 FAILED)[39m (0 secs / 1.452 secs)
[1A[2KChrome Headless 140.0.0.0 (Windows 10): Executed 263 of 265[31m (8 FAILED)[39m (0 secs / 1.453 secs)
[1A[2KChrome Headless 140.0.0.0 (Windows 10): Executed 264 of 265[31m (8 FAILED)[39m (0 secs / 1.454 secs)
[1A[2KChrome Headless 140.0.0.0 (Windows 10): Executed 265 of 265[31m (8 FAILED)[39m (0 secs / 1.456 secs)
[1A[2KChrome Headless 140.0.0.0 (Windows 10): Executed 265 of 265[31m (8 FAILED)[39m (1.702 secs / 1.456 secs)
[31mTOTAL: 8 FAILED, 257 SUCCESS[39m
Γ£ö Browser application bundle generation complete.
Γ£ö Browser application bundle generation complete.
